Archive member included to satisfy reference by file (symbol)

c:/program files (x86)/atmel/studio/7.0/toolchain/arm/arm-gnu-toolchain/bin/../lib/gcc/arm-none-eabi/6.3.1/thumb/v7e-m\libgcc.a(_arm_addsubdf3.o)
                              src/main.o (__aeabi_i2d)
c:/program files (x86)/atmel/studio/7.0/toolchain/arm/arm-gnu-toolchain/bin/../lib/gcc/arm-none-eabi/6.3.1/thumb/v7e-m\libgcc.a(_arm_muldivdf3.o)
                              src/main.o (__aeabi_dmul)
c:/program files (x86)/atmel/studio/7.0/toolchain/arm/arm-gnu-toolchain/bin/../lib/gcc/arm-none-eabi/6.3.1/thumb/v7e-m\libgcc.a(_arm_fixdfsi.o)
                              src/main.o (__aeabi_d2iz)
c:/program files (x86)/atmel/studio/7.0/toolchain/arm/arm-gnu-toolchain/bin/../lib/gcc/arm-none-eabi/6.3.1/thumb/v7e-m\libgcc.a(_aeabi_uldivmod.o)
                              src/main.o (__aeabi_uldivmod)
c:/program files (x86)/atmel/studio/7.0/toolchain/arm/arm-gnu-toolchain/bin/../lib/gcc/arm-none-eabi/6.3.1/thumb/v7e-m\libgcc.a(_udivmoddi4.o)
                              c:/program files (x86)/atmel/studio/7.0/toolchain/arm/arm-gnu-toolchain/bin/../lib/gcc/arm-none-eabi/6.3.1/thumb/v7e-m\libgcc.a(_aeabi_uldivmod.o) (__udivmoddi4)
c:/program files (x86)/atmel/studio/7.0/toolchain/arm/arm-gnu-toolchain/bin/../lib/gcc/arm-none-eabi/6.3.1/thumb/v7e-m\libgcc.a(_dvmd_tls.o)
                              c:/program files (x86)/atmel/studio/7.0/toolchain/arm/arm-gnu-toolchain/bin/../lib/gcc/arm-none-eabi/6.3.1/thumb/v7e-m\libgcc.a(_aeabi_uldivmod.o) (__aeabi_ldiv0)
c:/program files (x86)/atmel/studio/7.0/toolchain/arm/arm-gnu-toolchain/bin/../lib/gcc/arm-none-eabi/6.3.1/../../../../arm-none-eabi/lib/thumb/v7e-m\libc.a(lib_a-exit.o)
                              c:/program files (x86)/atmel/studio/7.0/toolchain/arm/arm-gnu-toolchain/bin/../lib/gcc/arm-none-eabi/6.3.1/../../../../arm-none-eabi/lib/thumb/v7e-m/crt0.o (exit)
c:/program files (x86)/atmel/studio/7.0/toolchain/arm/arm-gnu-toolchain/bin/../lib/gcc/arm-none-eabi/6.3.1/../../../../arm-none-eabi/lib/thumb/v7e-m\libc.a(lib_a-impure.o)
                              c:/program files (x86)/atmel/studio/7.0/toolchain/arm/arm-gnu-toolchain/bin/../lib/gcc/arm-none-eabi/6.3.1/../../../../arm-none-eabi/lib/thumb/v7e-m\libc.a(lib_a-exit.o) (_global_impure_ptr)
c:/program files (x86)/atmel/studio/7.0/toolchain/arm/arm-gnu-toolchain/bin/../lib/gcc/arm-none-eabi/6.3.1/../../../../arm-none-eabi/lib/thumb/v7e-m\libc.a(lib_a-init.o)
                              c:/program files (x86)/atmel/studio/7.0/toolchain/arm/arm-gnu-toolchain/bin/../lib/gcc/arm-none-eabi/6.3.1/../../../../arm-none-eabi/lib/thumb/v7e-m/crt0.o (__libc_init_array)
c:/program files (x86)/atmel/studio/7.0/toolchain/arm/arm-gnu-toolchain/bin/../lib/gcc/arm-none-eabi/6.3.1/../../../../arm-none-eabi/lib/thumb/v7e-m\libc.a(lib_a-iprintf.o)
                              src/main.o (iprintf)
c:/program files (x86)/atmel/studio/7.0/toolchain/arm/arm-gnu-toolchain/bin/../lib/gcc/arm-none-eabi/6.3.1/../../../../arm-none-eabi/lib/thumb/v7e-m\libc.a(lib_a-malloc.o)
                              src/ASF/common/components/touch/mxt/mxt_device_1.o (malloc)
c:/program files (x86)/atmel/studio/7.0/toolchain/arm/arm-gnu-toolchain/bin/../lib/gcc/arm-none-eabi/6.3.1/../../../../arm-none-eabi/lib/thumb/v7e-m\libc.a(lib_a-mallocr.o)
                              c:/program files (x86)/atmel/studio/7.0/toolchain/arm/arm-gnu-toolchain/bin/../lib/gcc/arm-none-eabi/6.3.1/../../../../arm-none-eabi/lib/thumb/v7e-m\libc.a(lib_a-malloc.o) (_malloc_r)
c:/program files (x86)/atmel/studio/7.0/toolchain/arm/arm-gnu-toolchain/bin/../lib/gcc/arm-none-eabi/6.3.1/../../../../arm-none-eabi/lib/thumb/v7e-m\libc.a(lib_a-memset.o)
                              c:/program files (x86)/atmel/studio/7.0/toolchain/arm/arm-gnu-toolchain/bin/../lib/gcc/arm-none-eabi/6.3.1/../../../../arm-none-eabi/lib/thumb/v7e-m/crt0.o (memset)
c:/program files (x86)/atmel/studio/7.0/toolchain/arm/arm-gnu-toolchain/bin/../lib/gcc/arm-none-eabi/6.3.1/../../../../arm-none-eabi/lib/thumb/v7e-m\libc.a(lib_a-mlock.o)
                              c:/program files (x86)/atmel/studio/7.0/toolchain/arm/arm-gnu-toolchain/bin/../lib/gcc/arm-none-eabi/6.3.1/../../../../arm-none-eabi/lib/thumb/v7e-m\libc.a(lib_a-mallocr.o) (__malloc_lock)
c:/program files (x86)/atmel/studio/7.0/toolchain/arm/arm-gnu-toolchain/bin/../lib/gcc/arm-none-eabi/6.3.1/../../../../arm-none-eabi/lib/thumb/v7e-m\libc.a(lib_a-sbrkr.o)
                              c:/program files (x86)/atmel/studio/7.0/toolchain/arm/arm-gnu-toolchain/bin/../lib/gcc/arm-none-eabi/6.3.1/../../../../arm-none-eabi/lib/thumb/v7e-m\libc.a(lib_a-mallocr.o) (_sbrk_r)
c:/program files (x86)/atmel/studio/7.0/toolchain/arm/arm-gnu-toolchain/bin/../lib/gcc/arm-none-eabi/6.3.1/../../../../arm-none-eabi/lib/thumb/v7e-m\libc.a(lib_a-setbuf.o)
                              src/main.o (setbuf)
[...]
Memory Configuration

Name             Origin             Length             Attributes
rom              0x00400000         0x00200000         xr
ram              0x20400000         0x00060000         xrw
*default*        0x00000000         0xffffffff

Linker script and memory map

LOAD c:/program files (x86)/atmel/studio/7.0/toolchain/arm/arm-gnu-toolchain/bin/../lib/gcc/arm-none-eabi/6.3.1/thumb/v7e-m/crti.o
LOAD c:/program files (x86)/atmel/studio/7.0/toolchain/arm/arm-gnu-toolchain/bin/../lib/gcc/arm-none-eabi/6.3.1/thumb/v7e-m/crtbegin.o
LOAD c:/program files (x86)/atmel/studio/7.0/toolchain/arm/arm-gnu-toolchain/bin/../lib/gcc/arm-none-eabi/6.3.1/../../../../arm-none-eabi/lib/thumb/v7e-m/crt0.o
LOAD src/ASF/sam/drivers/rtc/rtc.o
LOAD src/ASF/sam/drivers/rtt/rtt.o
LOAD src/ASF/common/components/touch/mxt/mxt_device_1.o
LOAD src/ASF/common/services/clock/same70/sysclk.o
LOAD src/ASF/common/services/delay/sam/cycle_counter.o
LOAD src/ASF/common/services/serial/usart_serial.o
LOAD src/ASF/common/services/spi/sam_spi/spi_master.o
LOAD src/ASF/common/utils/interrupt/interrupt_sam_nvic.o
LOAD src/ASF/common/utils/stdio/read.o
LOAD src/ASF/common/utils/stdio/write.o
LOAD src/ASF/sam/boards/same70_xplained/init.o
LOAD src/ASF/sam/components/display/ili9488/ili9488.o
LOAD src/ASF/sam/drivers/mpu/mpu.o
LOAD src/ASF/sam/drivers/pio/pio.o
LOAD src/ASF/sam/drivers/pio/pio_handler.o
LOAD src/ASF/sam/drivers/pmc/pmc.o
LOAD src/ASF/sam/drivers/pmc/sleep.o
LOAD src/ASF/sam/drivers/spi/spi.o
LOAD src/ASF/sam/drivers/twihs/twihs.o
LOAD src/ASF/sam/drivers/uart/uart.o
LOAD src/ASF/sam/drivers/usart/usart.o
LOAD src/ASF/sam/utils/cmsis/same70/source/templates/gcc/startup_same70.o
LOAD src/ASF/sam/utils/cmsis/same70/source/templates/system_same70.o
LOAD src/ASF/sam/utils/syscalls/gcc/syscalls.o
LOAD src/main.o
START GROUP
LOAD ../src/ASF/thirdparty/CMSIS/Lib/GCC\libarm_cortexM7lfsp_math_softfp.a
LOAD c:/program files (x86)/atmel/studio/7.0/toolchain/arm/arm-gnu-toolchain/bin/../lib/gcc/arm-none-eabi/6.3.1/../../../../arm-none-eabi/lib/thumb/v7e-m\libm.a
END GROUP
START GROUP
LOAD c:/program files (x86)/atmel/studio/7.0/toolchain/arm/arm-gnu-toolchain/bin/../lib/gcc/arm-none-eabi/6.3.1/thumb/v7e-m\libgcc.a
LOAD c:/program files (x86)/atmel/studio/7.0/toolchain/arm/arm-gnu-toolchain/bin/../lib/gcc/arm-none-eabi/6.3.1/../../../../arm-none-eabi/lib/thumb/v7e-m\libc.a
END GROUP
LOAD c:/program files (x86)/atmel/studio/7.0/toolchain/arm/arm-gnu-toolchain/bin/../lib/gcc/arm-none-eabi/6.3.1/thumb/v7e-m/crtend.o
LOAD c:/program files (x86)/atmel/studio/7.0/toolchain/arm/arm-gnu-toolchain/bin/../lib/gcc/arm-none-eabi/6.3.1/thumb/v7e-m/crtn.o
                0x00002000                STACK_SIZE = DEFINED (STACK_SIZE)?STACK_SIZE:0x2000
                0x2045fffc                __ram_end__ = ((ORIGIN (ram) + LENGTH (ram)) - 0x4)
                0x00000200                HEAP_SIZE = DEFINED (HEAP_SIZE)?HEAP_SIZE:0x200

.text           0x00400000    0x7839c
                0x00400000                . = ALIGN (0x4)
                0x00400000                _sfixed = .
 *(.vectors .vectors.*)
 .vectors       0x00400000      0x168 src/ASF/sam/utils/cmsis/same70/source/templates/gcc/startup_same70.o
                0x00400000                exception_table
 *(.text .text.* .gnu.linkonce.t.*)
 .text          0x00400168       0x6c c:/program files (x86)/atmel/studio/7.0/toolchain/arm/arm-gnu-toolchain/bin/../lib/gcc/arm-none-eabi/6.3.1/thumb/v7e-m/crtbegin.o
 .text.rtc_set_hour_mode
                0x004001d4       0x36 src/ASF/sam/drivers/rtc/rtc.o
                0x004001d4                rtc_set_hour_mode
 .text.rtc_enable_interrupt
                0x0040020a       0x1c src/ASF/sam/drivers/rtc/rtc.o
                0x0040020a                rtc_enable_interrupt
 .text.rtc_get_time
                0x00400226       0xc4 src/ASF/sam/drivers/rtc/rtc.o
                0x00400226                rtc_get_time
 *fill*         0x004002ea        0x2 
 .text.rtc_set_time
                0x004002ec      0x108 src/ASF/sam/drivers/rtc/rtc.o
                0x004002ec                rtc_set_time
 .text.rtc_set_time_alarm
                0x004003f4      0x100 src/ASF/sam/drivers/rtc/rtc.o
                0x004003f4                rtc_set_time_alarm
 .text.rtc_set_date
                0x004004f4      0x140 src/ASF/sam/drivers/rtc/rtc.o
                0x004004f4                rtc_set_date
 .text.rtc_get_status
                0x00400634       0x18 src/ASF/sam/drivers/rtc/rtc.o
                0x00400634                rtc_get_status
 .text.rtc_clear_status
                0x0040064c       0x1c src/ASF/sam/drivers/rtc/rtc.o
                0x0040064c                rtc_clear_status
 .text.ioport_get_pin_level
                0x00400668       0x50 src/ASF/common/components/touch/mxt/mxt_device_1.o
 .text.mxt_get_tot_report_ids
                0x004006b8       0x4a src/ASF/common/components/touch/mxt/mxt_device_1.o
 *fill*         0x00400702        0x2 
 .text.mxt_read_id_block
                0x00400704       0x68 src/ASF/common/components/touch/mxt/mxt_device_1.o
 .text.mxt_read_object_table
                0x0040076c       0x8c src/ASF/common/components/touch/mxt/mxt_device_1.o
 .text.mxt_read_info_block
                0x004007f8       0x48 src/ASF/common/components/touch/mxt/mxt_device_1.o
 .text.mxt_create_report_id_map
                0x00400840       0xe4 src/ASF/common/components/touch/mxt/mxt_device_1.o
 .text.mxt_crc_24
                0x00400924       0x50 src/ASF/common/components/touch/mxt/mxt_device_1.o
 .text.mxt_calculate_infoblock_crc
                0x00400974       0xd4 src/ASF/common/components/touch/mxt/mxt_device_1.o
 .text.mxt_get_crc_value
                0x00400a48       0x90 src/ASF/common/components/touch/mxt/mxt_device_1.o
 .text.mxt_validate_info_block
                0x00400ad8       0x3c src/ASF/common/components/touch/mxt/mxt_device_1.o
 .text.mxt_get_object_size
                0x00400b14       0x66 src/ASF/common/components/touch/mxt/mxt_device_1.o
 *fill*         0x00400b7a        0x2 
 .text.mxt_get_report_id_offset
                0x00400b7c       0x54 src/ASF/common/components/touch/mxt/mxt_device_1.o
 .text.mxt_info_le_to_cpu
                0x00400bd0       0x56 src/ASF/common/components/touch/mxt/mxt_device_1.o
 *fill*         0x00400c26        0x2 
 .text.mxt_init_device
                0x00400c28       0xb8 src/ASF/common/components/touch/mxt/mxt_device_1.o
                0x00400c28                mxt_init_device
 .text.mxt_get_object_address
                0x00400ce0       0x66 src/ASF/common/components/touch/mxt/mxt_device_1.o
                0x00400ce0                mxt_get_object_address
 *fill*         0x00400d46        0x2 
 .text.mxt_write_config_object
                0x00400d48       0x7c src/ASF/common/components/touch/mxt/mxt_device_1.o
                0x00400d48                mxt_write_config_object
 .text.mxt_write_config_reg
                0x00400dc4       0x6c src/ASF/common/components/touch/mxt/mxt_device_1.o
                0x00400dc4                mxt_write_config_reg
 .text.mxt_is_message_pending
                0x00400e30       0x30 src/ASF/common/components/touch/mxt/mxt_device_1.o
                0x00400e30                mxt_is_message_pending
 .text.mxt_read_message
                0x00400e60       0x78 src/ASF/common/components/touch/mxt/mxt_device_1.o
                0x00400e60                mxt_read_message
 .text.mxt_read_touch_event
                0x00400ed8       0xb8 src/ASF/common/components/touch/mxt/mxt_device_1.o
                0x00400ed8                mxt_read_touch_event
 .text.mxt_get_object_type
                0x00400f90       0x24 src/ASF/common/components/touch/mxt/mxt_device_1.o
                0x00400f90                mxt_get_object_type
 .text.osc_enable
                0x00400fb4       0x88 src/ASF/common/services/clock/same70/sysclk.o
 .text.osc_is_ready
                0x0040103c       0x70 src/ASF/common/services/clock/same70/sysclk.o
 .text.osc_get_rate
                0x004010ac       0x74 src/ASF/common/services/clock/same70/sysclk.o
 .text.osc_wait_ready
                0x00401120       0x2c src/ASF/common/services/clock/same70/sysclk.o
 .text.pll_config_init
                0x0040114c       0x6c src/ASF/common/services/clock/same70/sysclk.o
 .text.pll_enable
                0x004011b8       0x40 src/ASF/common/services/clock/same70/sysclk.o
 .text.pll_is_locked
                0x004011f8       0x2c src/ASF/common/services/clock/same70/sysclk.o
 .text.pll_enable_source
                0x00401224       0x38 src/ASF/common/services/clock/same70/sysclk.o
 .text.pll_wait_for_lock
                0x0040125c       0x24 src/ASF/common/services/clock/same70/sysclk.o
 .text.sysclk_get_main_hz
                0x00401280       0x20 src/ASF/common/services/clock/same70/sysclk.o
 .text.sysclk_get_cpu_hz
                0x004012a0       0x14 src/ASF/common/services/clock/same70/sysclk.o
 .text.sysclk_init
                0x004012b4       0x7c src/ASF/common/services/clock/same70/sysclk.o
                0x004012b4                sysclk_init
 .text.usart_serial_putchar
                0x00401330      0x10c src/ASF/common/services/serial/usart_serial.o
 .text.usart_serial_write_packet
                0x0040143c       0x3c src/ASF/common/services/serial/usart_serial.o
                0x0040143c                usart_serial_write_packet
 .text.osc_get_rate
                0x00401478       0x74 src/ASF/common/services/spi/sam_spi/spi_master.o
 .text.sysclk_get_main_hz
                0x004014ec       0x20 src/ASF/common/services/spi/sam_spi/spi_master.o
 .text.sysclk_get_peripheral_hz
                0x0040150c       0x14 src/ASF/common/services/spi/sam_spi/spi_master.o
 .text.spi_reset
                0x00401520       0x1a src/ASF/common/services/spi/sam_spi/spi_master.o
 .text.spi_set_master_mode
                0x0040153a       0x20 src/ASF/common/services/spi/sam_spi/spi_master.o
 .text.spi_set_fixed_peripheral_select
                0x0040155a       0x20 src/ASF/common/services/spi/sam_spi/spi_master.o
 .text.spi_disable_peripheral_select_decode
                0x0040157a       0x20 src/ASF/common/services/spi/sam_spi/spi_master.o
 .text.spi_get_peripheral_select_decode_setting
                0x0040159a       0x26 src/ASF/common/services/spi/sam_spi/spi_master.o
 .text.spi_disable_mode_fault_detect
                0x004015c0       0x20 src/ASF/common/services/spi/sam_spi/spi_master.o
 .text.spi_disable_loopback
                0x004015e0       0x20 src/ASF/common/services/spi/sam_spi/spi_master.o
 .text.spi_put  0x00401600       0x1e src/ASF/common/services/spi/sam_spi/spi_master.o
 .text.spi_get  0x0040161e       0x1a src/ASF/common/services/spi/sam_spi/spi_master.o
 .text.spi_is_tx_ready
                0x00401638       0x26 src/ASF/common/services/spi/sam_spi/spi_master.o
 .text.spi_is_rx_ready
                0x0040165e       0x2c src/ASF/common/services/spi/sam_spi/spi_master.o
 *fill*         0x0040168a        0x2 
 .text.spi_write_single
                0x0040168c       0x24 src/ASF/common/services/spi/sam_spi/spi_master.o
 .text.spi_read_single
                0x004016b0       0x24 src/ASF/common/services/spi/sam_spi/spi_master.o
 .text.spi_master_init
                0x004016d4       0x70 src/ASF/common/services/spi/sam_spi/spi_master.o
                0x004016d4                spi_master_init
 .text.spi_master_setup_device
                0x00401744       0xb4 src/ASF/common/services/spi/sam_spi/spi_master.o
                0x00401744                spi_master_setup_device
 .text.spi_select_device
                0x004017f8       0x58 src/ASF/common/services/spi/sam_spi/spi_master.o
                0x004017f8                spi_select_device
 .text.spi_write_packet
                0x00401850       0x74 src/ASF/common/services/spi/sam_spi/spi_master.o
                0x00401850                spi_write_packet
 .text.spi_read_packet
                0x004018c4       0xac src/ASF/common/services/spi/sam_spi/spi_master.o
                0x004018c4                spi_read_packet
 .text._read    0x00401970       0x54 src/ASF/common/utils/stdio/read.o
                0x00401970                _read
 .text._write   0x004019c4       0x6c src/ASF/common/utils/stdio/write.o
                0x004019c4                _write
 .text.SCB_EnableICache
                0x00401a30       0x38 src/ASF/sam/boards/same70_xplained/init.o
 .text.SCB_EnableDCache
                0x00401a68       0xa4 src/ASF/sam/boards/same70_xplained/init.o
 .text.sysclk_enable_peripheral_clock
                0x00401b0c       0x1c src/ASF/sam/boards/same70_xplained/init.o
 .text.ioport_init
                0x00401b28       0x2c src/ASF/sam/boards/same70_xplained/init.o
 .text.ioport_disable_pin
                0x00401b54       0x4c src/ASF/sam/boards/same70_xplained/init.o
 .text.ioport_set_pin_mode
                0x00401ba0      0x11c src/ASF/sam/boards/same70_xplained/init.o
 .text.ioport_set_pin_dir
                0x00401cbc       0x88 src/ASF/sam/boards/same70_xplained/init.o
 .text.ioport_set_pin_level
                0x00401d44       0x6c src/ASF/sam/boards/same70_xplained/init.o
 .text.ioport_set_pin_sense_mode
                0x00401db0       0xd0 src/ASF/sam/boards/same70_xplained/init.o
 .text.tcm_disable
                0x00401e80       0x44 src/ASF/sam/boards/same70_xplained/init.o
 .text.board_init
                0x00401ec4      0x1d8 src/ASF/sam/boards/same70_xplained/init.o
                0x00401ec4                board_init
 .text.spi_enable
                0x0040209c       0x1a src/ASF/sam/components/display/ili9488/ili9488.o
 .text.spi_enable_interrupt
                0x004020b6       0x1c src/ASF/sam/components/display/ili9488/ili9488.o
 *fill*         0x004020d2        0x2 
 .text.ili9488_write_ram_prepare
                0x004020d4       0x40 src/ASF/sam/components/display/ili9488/ili9488.o
 .text.ili9488_write_ram_buffer
                0x00402114       0x40 src/ASF/sam/components/display/ili9488/ili9488.o
 .text.ili9488_write_register
                0x00402154       0x78 src/ASF/sam/components/display/ili9488/ili9488.o
 .text.ili9488_read_chipid
                0x004021cc       0xcc src/ASF/sam/components/display/ili9488/ili9488.o
 .text.ili9488_delay
                0x00402298       0x40 src/ASF/sam/components/display/ili9488/ili9488.o
                0x00402298                ili9488_delay
 .text.ili9488_check_box_coordinates
                0x004022d8       0xa2 src/ASF/sam/components/display/ili9488/ili9488.o
 *fill*         0x0040237a        0x2 
 .text.ili9488_set_display_direction
                0x0040237c       0x34 src/ASF/sam/components/display/ili9488/ili9488.o
                0x0040237c                ili9488_set_display_direction
 .text.ili9488_set_window
                0x004023b0       0xc8 src/ASF/sam/components/display/ili9488/ili9488.o
                0x004023b0                ili9488_set_window
 .text.ili9488_init
                0x00402478      0x15c src/ASF/sam/components/display/ili9488/ili9488.o
                0x00402478                ili9488_init
 .text.ili9488_display_on
                0x004025d4       0x18 src/ASF/sam/components/display/ili9488/ili9488.o
                0x004025d4                ili9488_display_on
 .text.ili9488_set_foreground_color
                0x004025ec       0x54 src/ASF/sam/components/display/ili9488/ili9488.o
                0x004025ec                ili9488_set_foreground_color
 .text.ili9488_set_cursor_position
                0x00402640       0x84 src/ASF/sam/components/display/ili9488/ili9488.o
                0x00402640                ili9488_set_cursor_position
 .text.ili9488_draw_filled_rectangle
                0x004026c4       0xdc src/ASF/sam/components/display/ili9488/ili9488.o
                0x004026c4                ili9488_draw_filled_rectangle
 .text.ili9488_draw_pixmap
                0x004027a0       0xb4 src/ASF/sam/components/display/ili9488/ili9488.o
                0x004027a0                ili9488_draw_pixmap
 .text.pio_pull_up
                0x00402854       0x2c src/ASF/sam/drivers/pio/pio.o
                0x00402854                pio_pull_up
 .text.pio_set  0x00402880       0x1c src/ASF/sam/drivers/pio/pio.o
                0x00402880                pio_set
 .text.pio_clear
                0x0040289c       0x1c src/ASF/sam/drivers/pio/pio.o
                0x0040289c                pio_clear
 .text.pio_set_peripheral
                0x004028b8      0x110 src/ASF/sam/drivers/pio/pio.o
                0x004028b8                pio_set_peripheral
 .text.pio_set_input
                0x004029c8       0x80 src/ASF/sam/drivers/pio/pio.o
                0x004029c8                pio_set_input
 .text.pio_set_output
                0x00402a48       0x64 src/ASF/sam/drivers/pio/pio.o
                0x00402a48                pio_set_output
 .text.pio_configure
                0x00402aac       0xcc src/ASF/sam/drivers/pio/pio.o
                0x00402aac                pio_configure
 .text.pio_get_output_data_status
                0x00402b78       0x28 src/ASF/sam/drivers/pio/pio.o
                0x00402b78                pio_get_output_data_status
 .text.pio_configure_interrupt
                0x00402ba0       0x6c src/ASF/sam/drivers/pio/pio.o
                0x00402ba0                pio_configure_interrupt
 .text.pio_enable_interrupt
                0x00402c0c       0x1c src/ASF/sam/drivers/pio/pio.o
                0x00402c0c                pio_enable_interrupt
 .text.pio_disable_interrupt
                0x00402c28       0x1c src/ASF/sam/drivers/pio/pio.o
                0x00402c28                pio_disable_interrupt
 .text.pio_get_interrupt_status
                0x00402c44       0x18 src/ASF/sam/drivers/pio/pio.o
                0x00402c44                pio_get_interrupt_status
 .text.pio_get_interrupt_mask
                0x00402c5c       0x18 src/ASF/sam/drivers/pio/pio.o
                0x00402c5c                pio_get_interrupt_mask
 .text.pio_set_pin_high
                0x00402c74       0x30 src/ASF/sam/drivers/pio/pio.o
                0x00402c74                pio_set_pin_high
 .text.pio_set_pin_low
                0x00402ca4       0x30 src/ASF/sam/drivers/pio/pio.o
                0x00402ca4                pio_set_pin_low
 .text.pio_configure_pin
                0x00402cd4      0x1b0 src/ASF/sam/drivers/pio/pio.o
                0x00402cd4                pio_configure_pin
 .text.pio_get_pin_group
                0x00402e84       0x28 src/ASF/sam/drivers/pio/pio.o
                0x00402e84                pio_get_pin_group
 .text.pio_handler_process
                0x00402eac       0xb4 src/ASF/sam/drivers/pio/pio_handler.o
                0x00402eac                pio_handler_process
 .text.pio_handler_set
                0x00402f60       0xa0 src/ASF/sam/drivers/pio/pio_handler.o
                0x00402f60                pio_handler_set
 .text.PIOA_Handler
                0x00403000       0x18 src/ASF/sam/drivers/pio/pio_handler.o
                0x00403000                PIOA_Handler
 .text.PIOB_Handler
                0x00403018       0x18 src/ASF/sam/drivers/pio/pio_handler.o
                0x00403018                PIOB_Handler
 .text.PIOC_Handler
                0x00403030       0x18 src/ASF/sam/drivers/pio/pio_handler.o
                0x00403030                PIOC_Handler
 .text.PIOD_Handler
                0x00403048       0x18 src/ASF/sam/drivers/pio/pio_handler.o
                0x00403048                PIOD_Handler
 .text.PIOE_Handler
                0x00403060       0x18 src/ASF/sam/drivers/pio/pio_handler.o
                0x00403060                PIOE_Handler
 .text.pmc_mck_set_division
                0x00403078       0x7c src/ASF/sam/drivers/pmc/pmc.o
                0x00403078                pmc_mck_set_division
 .text.pmc_switch_mck_to_pllack
                0x004030f4       0x84 src/ASF/sam/drivers/pmc/pmc.o
                0x004030f4                pmc_switch_mck_to_pllack
 .text.pmc_switch_sclk_to_32kxtal
                0x00403178       0x38 src/ASF/sam/drivers/pmc/pmc.o
                0x00403178                pmc_switch_sclk_to_32kxtal
 .text.pmc_osc_is_ready_32kxtal
                0x004031b0       0x34 src/ASF/sam/drivers/pmc/pmc.o
                0x004031b0                pmc_osc_is_ready_32kxtal
 .text.pmc_switch_mainck_to_fastrc
                0x004031e4       0x70 src/ASF/sam/drivers/pmc/pmc.o
                0x004031e4                pmc_switch_mainck_to_fastrc
 .text.pmc_switch_mainck_to_xtal
                0x00403254       0x78 src/ASF/sam/drivers/pmc/pmc.o
                0x00403254                pmc_switch_mainck_to_xtal
 .text.pmc_osc_is_ready_mainck
                0x004032cc       0x1c src/ASF/sam/drivers/pmc/pmc.o
                0x004032cc                pmc_osc_is_ready_mainck
 .text.pmc_disable_pllack
                0x004032e8       0x1c src/ASF/sam/drivers/pmc/pmc.o
                0x004032e8                pmc_disable_pllack
 .text.pmc_is_locked_pllack
                0x00403304       0x1c src/ASF/sam/drivers/pmc/pmc.o
                0x00403304                pmc_is_locked_pllack
 .text.pmc_is_locked_upll
                0x00403320       0x1c src/ASF/sam/drivers/pmc/pmc.o
                0x00403320                pmc_is_locked_upll
 .text.pmc_enable_periph_clk
                0x0040333c       0x3c src/ASF/sam/drivers/pmc/pmc.o
                0x0040333c                pmc_enable_periph_clk
 .text.spi_get_peripheral_select_mode
                0x00403378       0x26 src/ASF/sam/drivers/spi/spi.o
 *fill*         0x0040339e        0x2 
 .text.sysclk_enable_peripheral_clock
                0x004033a0       0x1c src/ASF/sam/drivers/spi/spi.o
 .text.spi_enable_clock
                0x004033bc       0x3c src/ASF/sam/drivers/spi/spi.o
                0x004033bc                spi_enable_clock
 .text.spi_set_peripheral_chip_select_value
                0x004033f8       0x34 src/ASF/sam/drivers/spi/spi.o
                0x004033f8                spi_set_peripheral_chip_select_value
 .text.spi_set_delay_between_chip_select
                0x0040342c       0x30 src/ASF/sam/drivers/spi/spi.o
                0x0040342c                spi_set_delay_between_chip_select
 .text.spi_write
                0x0040345c       0x80 src/ASF/sam/drivers/spi/spi.o
                0x0040345c                spi_write
 .text.spi_set_clock_polarity
                0x004034dc       0x50 src/ASF/sam/drivers/spi/spi.o
                0x004034dc                spi_set_clock_polarity
 .text.spi_set_clock_phase
                0x0040352c       0x50 src/ASF/sam/drivers/spi/spi.o
                0x0040352c                spi_set_clock_phase
 .text.spi_configure_cs_behavior
                0x0040357c       0xa6 src/ASF/sam/drivers/spi/spi.o
                0x0040357c                spi_configure_cs_behavior
 .text.spi_set_bits_per_transfer
                0x00403622       0x4a src/ASF/sam/drivers/spi/spi.o
                0x00403622                spi_set_bits_per_transfer
 .text.spi_calc_baudrate_div
                0x0040366c       0x3c src/ASF/sam/drivers/spi/spi.o
                0x0040366c                spi_calc_baudrate_div
 .text.spi_set_baudrate_div
                0x004036a8       0x5e src/ASF/sam/drivers/spi/spi.o
                0x004036a8                spi_set_baudrate_div
 .text.spi_set_transfer_delay
                0x00403706       0x5e src/ASF/sam/drivers/spi/spi.o
                0x00403706                spi_set_transfer_delay
 .text.twihs_enable_master_mode
                0x00403764       0x26 src/ASF/sam/drivers/twihs/twihs.o
                0x00403764                twihs_enable_master_mode
 *fill*         0x0040378a        0x2 
 .text.twihs_master_init
                0x0040378c       0x58 src/ASF/sam/drivers/twihs/twihs.o
                0x0040378c                twihs_master_init
 .text.twihs_set_speed
                0x004037e4       0xf4 src/ASF/sam/drivers/twihs/twihs.o
                0x004037e4                twihs_set_speed
 .text.twihs_mk_addr
                0x004038d8       0x5c src/ASF/sam/drivers/twihs/twihs.o
 .text.twihs_master_read
                0x00403934       0xe8 src/ASF/sam/drivers/twihs/twihs.o
                0x00403934                twihs_master_read
 .text.twihs_master_write
                0x00403a1c       0xdc src/ASF/sam/drivers/twihs/twihs.o
                0x00403a1c                twihs_master_write
 .text.twihs_reset
                0x00403af8       0x1e src/ASF/sam/drivers/twihs/twihs.o
                0x00403af8                twihs_reset
 .text.uart_init
                0x00403b16       0x58 src/ASF/sam/drivers/uart/uart.o
                0x00403b16                uart_init
 .text.uart_write
                0x00403b6e       0x30 src/ASF/sam/drivers/uart/uart.o
                0x00403b6e                uart_write
 .text.uart_read
                0x00403b9e       0x32 src/ASF/sam/drivers/uart/uart.o
                0x00403b9e                uart_read
 .text.usart_set_async_baudrate
                0x00403bd0       0x8a src/ASF/sam/drivers/usart/usart.o
                0x00403bd0                usart_set_async_baudrate
 *fill*         0x00403c5a        0x2 
 .text.usart_reset
                0x00403c5c       0x54 src/ASF/sam/drivers/usart/usart.o
                0x00403c5c                usart_reset
 .text.usart_init_rs232
                0x00403cb0       0x84 src/ASF/sam/drivers/usart/usart.o
                0x00403cb0                usart_init_rs232
 .text.usart_enable_tx
                0x00403d34       0x1a src/ASF/sam/drivers/usart/usart.o
                0x00403d34                usart_enable_tx
 .text.usart_reset_tx
                0x00403d4e       0x1a src/ASF/sam/drivers/usart/usart.o
                0x00403d4e                usart_reset_tx
 .text.usart_enable_rx
                0x00403d68       0x1a src/ASF/sam/drivers/usart/usart.o
                0x00403d68                usart_enable_rx
 .text.usart_reset_rx
                0x00403d82       0x1a src/ASF/sam/drivers/usart/usart.o
                0x00403d82                usart_reset_rx
 .text.usart_reset_status
                0x00403d9c       0x1c src/ASF/sam/drivers/usart/usart.o
                0x00403d9c                usart_reset_status
 .text.usart_drive_RTS_pin_high
                0x00403db8       0x1c src/ASF/sam/drivers/usart/usart.o
                0x00403db8                usart_drive_RTS_pin_high
 .text.usart_write
                0x00403dd4       0x32 src/ASF/sam/drivers/usart/usart.o
                0x00403dd4                usart_write
 .text.usart_read
                0x00403e06       0x34 src/ASF/sam/drivers/usart/usart.o
                0x00403e06                usart_read
 *fill*         0x00403e3a        0x2 
 .text.usart_disable_writeprotect
                0x00403e3c       0x20 src/ASF/sam/drivers/usart/usart.o
                0x00403e3c                usart_disable_writeprotect
 .text.cpu_irq_save
                0x00403e5c       0x38 src/ASF/sam/utils/cmsis/same70/source/templates/gcc/startup_same70.o
 .text.cpu_irq_is_enabled_flags
                0x00403e94       0x20 src/ASF/sam/utils/cmsis/same70/source/templates/gcc/startup_same70.o
 .text.cpu_irq_restore
                0x00403eb4       0x30 src/ASF/sam/utils/cmsis/same70/source/templates/gcc/startup_same70.o
 .text.Reset_Handler
                0x00403ee4       0xb0 src/ASF/sam/utils/cmsis/same70/source/templates/gcc/startup_same70.o
                0x00403ee4                Reset_Handler
 .text.Dummy_Handler
                0x00403f94        0x6 src/ASF/sam/utils/cmsis/same70/source/templates/gcc/startup_same70.o
                0x00403f94                DACC_Handler
                0x00403f94                DebugMon_Handler
                0x00403f94                UART3_Handler
                0x00403f94                UART2_Handler
                0x00403f94                TRNG_Handler
                0x00403f94                HardFault_Handler
                0x00403f94                TC2_Handler
                0x00403f94                SysTick_Handler
                0x00403f94                AFEC1_Handler
                0x00403f94                PendSV_Handler
                0x00403f94                NMI_Handler
                0x00403f94                TC7_Handler
                0x00403f94                QSPI_Handler
                0x00403f94                ISI_Handler
                0x00403f94                MCAN0_INT0_Handler
                0x00403f94                TC9_Handler
                0x00403f94                RSWDT_Handler
                0x00403f94                USART0_Handler
                0x00403f94                RTT_Handler
                0x00403f94                USBHS_Handler
                0x00403f94                IXC_Handler
                0x00403f94                CCF_Handler
                0x00403f94                UsageFault_Handler
                0x00403f94                TC6_Handler
                0x00403f94                WDT_Handler
                0x00403f94                MCAN1_INT1_Handler
                0x00403f94                TC4_Handler
                0x00403f94                TC1_Handler
                0x00403f94                HSMCI_Handler
                0x00403f94                UART1_Handler
                0x00403f94                TC3_Handler
                0x00403f94                Dummy_Handler
                0x00403f94                TWIHS1_Handler
                0x00403f94                XDMAC_Handler
                0x00403f94                UART4_Handler
                0x00403f94                PWM1_Handler
                0x00403f94                USART1_Handler
                0x00403f94                PWM0_Handler
                0x00403f94                AFEC0_Handler
                0x00403f94                CCW_Handler
                0x00403f94                TC11_Handler
                0x00403f94                SSC_Handler
                0x00403f94                ACC_Handler
                0x00403f94                PMC_Handler
                0x00403f94                GMAC_Handler
                0x00403f94                MCAN0_INT1_Handler
                0x00403f94                GMAC_Q5_Handler
                0x00403f94                MemManage_Handler
                0x00403f94                SUPC_Handler
                0x00403f94                SVC_Handler
                0x00403f94                TC8_Handler
                0x00403f94                MCAN1_INT0_Handler
                0x00403f94                EFC_Handler
                0x00403f94                GMAC_Q1_Handler
                0x00403f94                USART2_Handler
                0x00403f94                SDRAMC_Handler
                0x00403f94                GMAC_Q2_Handler
                0x00403f94                SPI1_Handler
                0x00403f94                TC10_Handler
                0x00403f94                GMAC_Q3_Handler
                0x00403f94                TWIHS2_Handler
                0x00403f94                I2SC0_Handler
                0x00403f94                UART0_Handler
                0x00403f94                I2SC1_Handler
                0x00403f94                GMAC_Q4_Handler
                0x00403f94                FPU_Handler
                0x00403f94                BusFault_Handler
                0x00403f94                RSTC_Handler
                0x00403f94                TC0_Handler
                0x00403f94                TC5_Handler
                0x00403f94                AES_Handler
                0x00403f94                ICM_Handler
                0x00403f94                TWIHS0_Handler
                0x00403f94                SPI0_Handler
 *fill*         0x00403f9a        0x2 
 .text.SystemCoreClockUpdate
                0x00403f9c      0x168 src/ASF/sam/utils/cmsis/same70/source/templates/system_same70.o
                0x00403f9c                SystemCoreClockUpdate
 .text.system_init_flash
                0x00404104       0xb0 src/ASF/sam/utils/cmsis/same70/source/templates/system_same70.o
                0x00404104                system_init_flash
 .text._sbrk    0x004041b4       0x58 src/ASF/sam/utils/syscalls/gcc/syscalls.o
                0x004041b4                _sbrk
 .text._close   0x0040420c       0x18 src/ASF/sam/utils/syscalls/gcc/syscalls.o
                0x0040420c                _close
 .text._fstat   0x00404224       0x20 src/ASF/sam/utils/syscalls/gcc/syscalls.o
                0x00404224                _fstat
 .text._isatty  0x00404244       0x16 src/ASF/sam/utils/syscalls/gcc/syscalls.o
                0x00404244                _isatty
 .text._lseek   0x0040425a       0x1a src/ASF/sam/utils/syscalls/gcc/syscalls.o
                0x0040425a                _lseek
 .text.NVIC_EnableIRQ
                0x00404274       0x34 src/main.o
 .text.NVIC_DisableIRQ
                0x004042a8       0x34 src/main.o
 .text.NVIC_ClearPendingIRQ
                0x004042dc       0x34 src/main.o
 .text.NVIC_SetPriority
                0x00404310       0x54 src/main.o
 .text.osc_get_rate
                0x00404364       0x74 src/main.o
 .text.sysclk_get_main_hz
                0x004043d8       0x20 src/main.o
 .text.sysclk_get_cpu_hz
                0x004043f8       0x14 src/main.o
 .text.sysclk_get_peripheral_hz
                0x0040440c       0x14 src/main.o
 .text.sysclk_enable_peripheral_clock
                0x00404420       0x1c src/main.o
 .text.usart_serial_init
                0x0040443c      0x180 src/main.o
 .text.usart_serial_putchar
                0x004045bc      0x10c src/main.o
 .text.usart_serial_getchar
                0x004046c8      0x108 src/main.o
 .text.stdio_serial_init
                0x004047d0       0x68 src/main.o
 .text.twihs_master_setup
                0x00404838       0x74 src/main.o
 .text.font_draw_text
                0x004048ac       0x88 src/main.o
                0x004048ac                font_draw_text
 .text.configure_lcd
                0x00404934       0x38 src/main.o
 .text.mxt_init
                0x0040496c      0x210 src/main.o
 .text.pin_toggle
                0x00404b7c       0x40 src/main.o
                0x00404b7c                pin_toggle
 .text.draw_screen
                0x00404bbc       0x2c src/main.o
                0x00404bbc                draw_screen
 .text.draw_lockscreen
                0x00404be8       0x38 src/main.o
                0x00404be8                draw_lockscreen
 .text.draw_icon_button
                0x00404c20       0x64 src/main.o
                0x00404c20                draw_icon_button
 .text.draw_wash_mode
                0x00404c84      0x154 src/main.o
                0x00404c84                draw_wash_mode
 .text.draw_buttons
                0x00404dd8       0x50 src/main.o
                0x00404dd8                draw_buttons
 .text.draw_closeDoor
                0x00404e28       0x70 src/main.o
                0x00404e28                draw_closeDoor
 .text.draw_timer
                0x00404e98       0x64 src/main.o
                0x00404e98                draw_timer
 .text.draw_display
                0x00404efc       0x9c src/main.o
                0x00404efc                draw_display
 .text.convert_axis_system_x
                0x00404f98       0x24 src/main.o
                0x00404f98                convert_axis_system_x
 .text.convert_axis_system_y
                0x00404fbc       0x20 src/main.o
                0x00404fbc                convert_axis_system_y
 .text.Button1_Handler
                0x00404fdc       0x40 src/main.o
 .text.RTC_Handler
                0x0040501c       0xe0 src/main.o
                0x0040501c                RTC_Handler
 .text.mxt_handler
                0x004050fc      0x15c src/main.o
                0x004050fc                mxt_handler
 .text.callback_lock
                0x00405258       0x54 src/main.o
                0x00405258                callback_lock
 .text.callback_wash_buttons
                0x004052ac       0x4c src/main.o
                0x004052ac                callback_wash_buttons
 .text.callback_start
                0x004052f8       0x5c src/main.o
                0x004052f8                callback_start
 .text.BUT_init
                0x00405354       0x7c src/main.o
                0x00405354                BUT_init
 .text.RTC_init
                0x004053d0       0x8c src/main.o
                0x004053d0                RTC_init
 .text.LED_init
                0x0040545c       0x34 src/main.o
                0x0040545c                LED_init
 .text.wash_time
                0x00405490       0xa0 src/main.o
                0x00405490                wash_time
 .text.isPressed
                0x00405530       0x76 src/main.o
                0x00405530                isPressed
 *fill*         0x004055a6        0x2 
 .text.touch_buttons
                0x004055a8       0x84 src/main.o
                0x004055a8                touch_buttons
 .text.main     0x0040562c      0x4ac src/main.o
                0x0040562c                main
 .text          0x00405ad8      0x370 c:/program files (x86)/atmel/studio/7.0/toolchain/arm/arm-gnu-toolchain/bin/../lib/gcc/arm-none-eabi/6.3.1/thumb/v7e-m\libgcc.a(_arm_addsubdf3.o)
                0x00405ad8                __aeabi_drsub
                0x00405ae0                __aeabi_dsub
                0x00405ae0                __subdf3
                0x00405ae4                __aeabi_dadd
                0x00405ae4                __adddf3
                0x00405d5c                __floatunsidf
                0x00405d5c                __aeabi_ui2d
                0x00405d7c                __floatsidf
                0x00405d7c                __aeabi_i2d
                0x00405da0                __aeabi_f2d
                0x00405da0                __extendsfdf2
                0x00405ddc                __floatundidf
                0x00405ddc                __aeabi_ul2d
                0x00405dec                __floatdidf
                0x00405dec                __aeabi_l2d
 .text          0x00405e48      0x424 c:/program files (x86)/atmel/studio/7.0/toolchain/arm/arm-gnu-toolchain/bin/../lib/gcc/arm-none-eabi/6.3.1/thumb/v7e-m\libgcc.a(_arm_muldivdf3.o)
                0x00405e48                __aeabi_dmul
                0x00405e48                __muldf3
                0x0040609c                __divdf3
                0x0040609c                __aeabi_ddiv
 .text          0x0040626c       0x50 c:/program files (x86)/atmel/studio/7.0/toolchain/arm/arm-gnu-toolchain/bin/../lib/gcc/arm-none-eabi/6.3.1/thumb/v7e-m\libgcc.a(_arm_fixdfsi.o)
                0x0040626c                __aeabi_d2iz
                0x0040626c                __fixdfsi
 .text          0x004062bc       0x30 c:/program files (x86)/atmel/studio/7.0/toolchain/arm/arm-gnu-toolchain/bin/../lib/gcc/arm-none-eabi/6.3.1/thumb/v7e-m\libgcc.a(_aeabi_uldivmod.o)
                0x004062bc                __aeabi_uldivmod
 .text          0x004062ec      0x2dc c:/program files (x86)/atmel/studio/7.0/toolchain/arm/arm-gnu-toolchain/bin/../lib/gcc/arm-none-eabi/6.3.1/thumb/v7e-m\libgcc.a(_udivmoddi4.o)
                0x004062ec                __udivmoddi4
 .text          0x004065c8        0x4 c:/program files (x86)/atmel/studio/7.0/toolchain/arm/arm-gnu-toolchain/bin/../lib/gcc/arm-none-eabi/6.3.1/thumb/v7e-m\libgcc.a(_dvmd_tls.o)
                0x004065c8                __aeabi_idiv0
                0x004065c8                __aeabi_ldiv0
 .text.__libc_init_array
                0x004065cc       0x50 c:/program files (x86)/atmel/studio/7.0/toolchain/arm/arm-gnu-toolchain/bin/../lib/gcc/arm-none-eabi/6.3.1/../../../../arm-none-eabi/lib/thumb/v7e-m\libc.a(lib_a-init.o)
                0x004065cc                __libc_init_array
 .text.iprintf  0x0040661c       0x28 c:/program files (x86)/atmel/studio/7.0/toolchain/arm/arm-gnu-toolchain/bin/../lib/gcc/arm-none-eabi/6.3.1/../../../../arm-none-eabi/lib/thumb/v7e-m\libc.a(lib_a-iprintf.o)
                0x0040661c                iprintf
 .text.malloc   0x00406644       0x10 c:/program files (x86)/atmel/studio/7.0/toolchain/arm/arm-gnu-toolchain/bin/../lib/gcc/arm-none-eabi/6.3.1/../../../../arm-none-eabi/lib/thumb/v7e-m\libc.a(lib_a-malloc.o)
                0x00406644                malloc
 .text._malloc_r
                0x00406654      0x560 c:/program files (x86)/atmel/studio/7.0/toolchain/arm/arm-gnu-toolchain/bin/../lib/gcc/arm-none-eabi/6.3.1/../../../../arm-none-eabi/lib/thumb/v7e-m\libc.a(lib_a-mallocr.o)
                0x00406654                _malloc_r
 .text.memset   0x00406bb4       0x9c c:/program files (x86)/atmel/studio/7.0/toolchain/arm/arm-gnu-toolchain/bin/../lib/gcc/arm-none-eabi/6.3.1/../../../../arm-none-eabi/lib/thumb/v7e-m\libc.a(lib_a-memset.o)
                0x00406bb4                memset
 .text.__malloc_lock
                0x00406c50        0xc c:/program files (x86)/atmel/studio/7.0/toolchain/arm/arm-gnu-toolchain/bin/../lib/gcc/arm-none-eabi/6.3.1/../../../../arm-none-eabi/lib/thumb/v7e-m\libc.a(lib_a-mlock.o)
                0x00406c50                __malloc_lock
 .text.__malloc_unlock
                0x00406c5c        0xc c:/program files (x86)/atmel/studio/7.0/toolchain/arm/arm-gnu-toolchain/bin/../lib/gcc/arm-none-eabi/6.3.1/../../../../arm-none-eabi/lib/thumb/v7e-m\libc.a(lib_a-mlock.o)
                0x00406c5c                __malloc_unlock
 .text._sbrk_r  0x00406c68       0x24 c:/program files (x86)/atmel/studio/7.0/toolchain/arm/arm-gnu-toolchain/bin/../lib/gcc/arm-none-eabi/6.3.1/../../../../arm-none-eabi/lib/thumb/v7e-m\libc.a(lib_a-sbrkr.o)
                0x00406c68                _sbrk_r
 .text.setbuf   0x00406c8c       0x10 c:/program files (x86)/atmel/studio/7.0/toolchain/arm/arm-gnu-toolchain/bin/../lib/gcc/arm-none-eabi/6.3.1/../../../../arm-none-eabi/lib/thumb/v7e-m\libc.a(lib_a-setbuf.o)
                0x00406c8c                setbuf
 .text.setvbuf  0x00406c9c      0x190 c:/program files (x86)/atmel/studio/7.0/toolchain/arm/arm-gnu-toolchain/bin/../lib/gcc/arm-none-eabi/6.3.1/../../../../arm-none-eabi/lib/thumb/v7e-m\libc.a(lib_a-setvbuf.o)
                0x00406c9c                setvbuf
 .text.sprintf  0x00406e2c       0x4c c:/program files (x86)/atmel/studio/7.0/toolchain/arm/arm-gnu-toolchain/bin/../lib/gcc/arm-none-eabi/6.3.1/../../../../arm-none-eabi/lib/thumb/v7e-m\libc.a(lib_a-sprintf.o)
                0x00406e2c                sprintf
 .text.strcat   0x00406e78       0x40 c:/program files (x86)/atmel/studio/7.0/toolchain/arm/arm-gnu-toolchain/bin/../lib/gcc/arm-none-eabi/6.3.1/../../../../arm-none-eabi/lib/thumb/v7e-m\libc.a(lib_a-strcat.o)
                0x00406e78                strcat
 .text.strcpy   0x00406eb8       0xbc c:/program files (x86)/atmel/studio/7.0/toolchain/arm/arm-gnu-toolchain/bin/../lib/gcc/arm-none-eabi/6.3.1/../../../../arm-none-eabi/lib/thumb/v7e-m\libc.a(lib_a-strcpy.o)
                0x00406eb8                strcpy
 *fill*         0x00406f74        0xc 
 .text          0x00406f80       0xdc c:/program files (x86)/atmel/studio/7.0/toolchain/arm/arm-gnu-toolchain/bin/../lib/gcc/arm-none-eabi/6.3.1/../../../../arm-none-eabi/lib/thumb/v7e-m\libc.a(lib_a-strlen.o)
                0x00406f80                strlen
 .text._svfprintf_r
                0x0040705c     0x145c c:/program files (x86)/atmel/studio/7.0/toolchain/arm/arm-gnu-toolchain/bin/../lib/gcc/arm-none-eabi/6.3.1/../../../../arm-none-eabi/lib/thumb/v7e-m\libc.a(lib_a-svfprintf.o)
                0x0040705c                _svfprintf_r
 .text.__sprint_r.part.0
                0x004084b8       0x80 c:/program files (x86)/atmel/studio/7.0/toolchain/arm/arm-gnu-toolchain/bin/../lib/gcc/arm-none-eabi/6.3.1/../../../../arm-none-eabi/lib/thumb/v7e-m\libc.a(lib_a-vfiprintf.o)
 .text._vfiprintf_r
                0x00408538      0xc90 c:/program files (x86)/atmel/studio/7.0/toolchain/arm/arm-gnu-toolchain/bin/../lib/gcc/arm-none-eabi/6.3.1/../../../../arm-none-eabi/lib/thumb/v7e-m\libc.a(lib_a-vfiprintf.o)
                0x00408538                _vfiprintf_r
 .text.__sbprintf
                0x004091c8       0x84 c:/program files (x86)/atmel/studio/7.0/toolchain/arm/arm-gnu-toolchain/bin/../lib/gcc/arm-none-eabi/6.3.1/../../../../arm-none-eabi/lib/thumb/v7e-m\libc.a(lib_a-vfiprintf.o)
 .text.__swsetup_r
                0x0040924c       0xc8 c:/program files (x86)/atmel/studio/7.0/toolchain/arm/arm-gnu-toolchain/bin/../lib/gcc/arm-none-eabi/6.3.1/../../../../arm-none-eabi/lib/thumb/v7e-m\libc.a(lib_a-wsetup.o)
                0x0040924c                __swsetup_r
 .text.startup.register_fini
                0x00409314       0x14 c:/program files (x86)/atmel/studio/7.0/toolchain/arm/arm-gnu-toolchain/bin/../lib/gcc/arm-none-eabi/6.3.1/../../../../arm-none-eabi/lib/thumb/v7e-m\libc.a(lib_a-__call_atexit.o)
 .text.atexit   0x00409328        0xc c:/program files (x86)/atmel/studio/7.0/toolchain/arm/arm-gnu-toolchain/bin/../lib/gcc/arm-none-eabi/6.3.1/../../../../arm-none-eabi/lib/thumb/v7e-m\libc.a(lib_a-atexit.o)
                0x00409328                atexit
 .text.quorem   0x00409334      0x128 c:/program files (x86)/atmel/studio/7.0/toolchain/arm/arm-gnu-toolchain/bin/../lib/gcc/arm-none-eabi/6.3.1/../../../../arm-none-eabi/lib/thumb/v7e-m\libc.a(lib_a-dtoa.o)
 *fill*         0x0040945c        0x4 
 .text._dtoa_r  0x00409460      0xe54 c:/program files (x86)/atmel/studio/7.0/toolchain/arm/arm-gnu-toolchain/bin/../lib/gcc/arm-none-eabi/6.3.1/../../../../arm-none-eabi/lib/thumb/v7e-m\libc.a(lib_a-dtoa.o)
                0x00409460                _dtoa_r
 .text.__sflush_r
                0x0040a2b4      0x140 c:/program files (x86)/atmel/studio/7.0/toolchain/arm/arm-gnu-toolchain/bin/../lib/gcc/arm-none-eabi/6.3.1/../../../../arm-none-eabi/lib/thumb/v7e-m\libc.a(lib_a-fflush.o)
                0x0040a2b4                __sflush_r
 .text._fflush_r
                0x0040a3f4       0x54 c:/program files (x86)/atmel/studio/7.0/toolchain/arm/arm-gnu-toolchain/bin/../lib/gcc/arm-none-eabi/6.3.1/../../../../arm-none-eabi/lib/thumb/v7e-m\libc.a(lib_a-fflush.o)
                0x0040a3f4                _fflush_r
 .text._cleanup_r
                0x0040a448        0xc c:/program files (x86)/atmel/studio/7.0/toolchain/arm/arm-gnu-toolchain/bin/../lib/gcc/arm-none-eabi/6.3.1/../../../../arm-none-eabi/lib/thumb/v7e-m\libc.a(lib_a-findfp.o)
                0x0040a448                _cleanup_r
 .text.std.isra.0
                0x0040a454       0x50 c:/program files (x86)/atmel/studio/7.0/toolchain/arm/arm-gnu-toolchain/bin/../lib/gcc/arm-none-eabi/6.3.1/../../../../arm-none-eabi/lib/thumb/v7e-m\libc.a(lib_a-findfp.o)
 .text.__sinit  0x0040a4a4       0x58 c:/program files (x86)/atmel/studio/7.0/toolchain/arm/arm-gnu-toolchain/bin/../lib/gcc/arm-none-eabi/6.3.1/../../../../arm-none-eabi/lib/thumb/v7e-m\libc.a(lib_a-findfp.o)
                0x0040a4a4                __sinit
 .text.__sfp_lock_acquire
                0x0040a4fc        0xc c:/program files (x86)/atmel/studio/7.0/toolchain/arm/arm-gnu-toolchain/bin/../lib/gcc/arm-none-eabi/6.3.1/../../../../arm-none-eabi/lib/thumb/v7e-m\libc.a(lib_a-findfp.o)
                0x0040a4fc                __sfp_lock_acquire
 .text.__sfp_lock_release
                0x0040a508        0xc c:/program files (x86)/atmel/studio/7.0/toolchain/arm/arm-gnu-toolchain/bin/../lib/gcc/arm-none-eabi/6.3.1/../../../../arm-none-eabi/lib/thumb/v7e-m\libc.a(lib_a-findfp.o)
                0x0040a508                __sfp_lock_release
 .text.__libc_fini_array
                0x0040a514       0x34 c:/program files (x86)/atmel/studio/7.0/toolchain/arm/arm-gnu-toolchain/bin/../lib/gcc/arm-none-eabi/6.3.1/../../../../arm-none-eabi/lib/thumb/v7e-m\libc.a(lib_a-fini.o)
                0x0040a514                __libc_fini_array
 .text.__fputwc
                0x0040a548       0xa0 c:/program files (x86)/atmel/studio/7.0/toolchain/arm/arm-gnu-toolchain/bin/../lib/gcc/arm-none-eabi/6.3.1/../../../../arm-none-eabi/lib/thumb/v7e-m\libc.a(lib_a-fputwc.o)
                0x0040a548                __fputwc
 .text._fputwc_r
                0x0040a5e8       0x68 c:/program files (x86)/atmel/studio/7.0/toolchain/arm/arm-gnu-toolchain/bin/../lib/gcc/arm-none-eabi/6.3.1/../../../../arm-none-eabi/lib/thumb/v7e-m\libc.a(lib_a-fputwc.o)
                0x0040a5e8                _fputwc_r
 .text._malloc_trim_r
                0x0040a650       0xa0 c:/program files (x86)/atmel/studio/7.0/toolchain/arm/arm-gnu-toolchain/bin/../lib/gcc/arm-none-eabi/6.3.1/../../../../arm-none-eabi/lib/thumb/v7e-m\libc.a(lib_a-freer.o)
                0x0040a650                _malloc_trim_r
 .text._free_r  0x0040a6f0      0x1cc c:/program files (x86)/atmel/studio/7.0/toolchain/arm/arm-gnu-toolchain/bin/../lib/gcc/arm-none-eabi/6.3.1/../../../../arm-none-eabi/lib/thumb/v7e-m\libc.a(lib_a-freer.o)
                0x0040a6f0                _free_r
 .text.__sfvwrite_r
                0x0040a8bc      0x2f0 c:/program files (x86)/atmel/studio/7.0/toolchain/arm/arm-gnu-toolchain/bin/../lib/gcc/arm-none-eabi/6.3.1/../../../../arm-none-eabi/lib/thumb/v7e-m\libc.a(lib_a-fvwrite.o)
                0x0040a8bc                __sfvwrite_r
 .text._fwalk_reent
                0x0040abac       0x54 c:/program files (x86)/atmel/studio/7.0/toolchain/arm/arm-gnu-toolchain/bin/../lib/gcc/arm-none-eabi/6.3.1/../../../../arm-none-eabi/lib/thumb/v7e-m\libc.a(lib_a-fwalk.o)
                0x0040abac                _fwalk_reent
 .text.__locale_mb_cur_max
                0x0040ac00       0x1c c:/program files (x86)/atmel/studio/7.0/toolchain/arm/arm-gnu-toolchain/bin/../lib/gcc/arm-none-eabi/6.3.1/../../../../arm-none-eabi/lib/thumb/v7e-m\libc.a(lib_a-locale.o)
                0x0040ac00                __locale_mb_cur_max
 .text._localeconv_r
                0x0040ac1c       0x1c c:/program files (x86)/atmel/studio/7.0/toolchain/arm/arm-gnu-toolchain/bin/../lib/gcc/arm-none-eabi/6.3.1/../../../../arm-none-eabi/lib/thumb/v7e-m\libc.a(lib_a-localeconv.o)
                0x0040ac1c                _localeconv_r
 .text.__retarget_lock_init_recursive
                0x0040ac38        0x4 c:/program files (x86)/atmel/studio/7.0/toolchain/arm/arm-gnu-toolchain/bin/../lib/gcc/arm-none-eabi/6.3.1/../../../../arm-none-eabi/lib/thumb/v7e-m\libc.a(lib_a-lock.o)
                0x0040ac38                __retarget_lock_init_recursive
 .text.__retarget_lock_close_recursive
                0x0040ac3c        0x4 c:/program files (x86)/atmel/studio/7.0/toolchain/arm/arm-gnu-toolchain/bin/../lib/gcc/arm-none-eabi/6.3.1/../../../../arm-none-eabi/lib/thumb/v7e-m\libc.a(lib_a-lock.o)
                0x0040ac3c                __retarget_lock_close_recursive
 .text.__retarget_lock_acquire_recursive
                0x0040ac40        0x4 c:/program files (x86)/atmel/studio/7.0/toolchain/arm/arm-gnu-toolchain/bin/../lib/gcc/arm-none-eabi/6.3.1/../../../../arm-none-eabi/lib/thumb/v7e-m\libc.a(lib_a-lock.o)
                0x0040ac40                __retarget_lock_acquire_recursive
 .text.__retarget_lock_release_recursive
                0x0040ac44        0x4 c:/program files (x86)/atmel/studio/7.0/toolchain/arm/arm-gnu-toolchain/bin/../lib/gcc/arm-none-eabi/6.3.1/../../../../arm-none-eabi/lib/thumb/v7e-m\libc.a(lib_a-lock.o)
                0x0040ac44                __retarget_lock_release_recursive
 .text.__swhatbuf_r
                0x0040ac48       0x5c c:/program files (x86)/atmel/studio/7.0/toolchain/arm/arm-gnu-toolchain/bin/../lib/gcc/arm-none-eabi/6.3.1/../../../../arm-none-eabi/lib/thumb/v7e-m\libc.a(lib_a-makebuf.o)
                0x0040ac48                __swhatbuf_r
 .text.__smakebuf_r
                0x0040aca4       0x94 c:/program files (x86)/atmel/studio/7.0/toolchain/arm/arm-gnu-toolchain/bin/../lib/gcc/arm-none-eabi/6.3.1/../../../../arm-none-eabi/lib/thumb/v7e-m\libc.a(lib_a-makebuf.o)
                0x0040aca4                __smakebuf_r
 .text.__ascii_mbtowc
                0x0040ad38       0x2c c:/program files (x86)/atmel/studio/7.0/toolchain/arm/arm-gnu-toolchain/bin/../lib/gcc/arm-none-eabi/6.3.1/../../../../arm-none-eabi/lib/thumb/v7e-m\libc.a(lib_a-mbtowc_r.o)
                0x0040ad38                __ascii_mbtowc
 *fill*         0x0040ad64        0xc 
 .text          0x0040ad70       0xa0 c:/program files (x86)/atmel/studio/7.0/toolchain/arm/arm-gnu-toolchain/bin/../lib/gcc/arm-none-eabi/6.3.1/../../../../arm-none-eabi/lib/thumb/v7e-m\libc.a(lib_a-memchr.o)
                0x0040ad70                memchr
 .text          0x0040ae10      0x134 c:/program files (x86)/atmel/studio/7.0/toolchain/arm/arm-gnu-toolchain/bin/../lib/gcc/arm-none-eabi/6.3.1/../../../../arm-none-eabi/lib/thumb/v7e-m\libc.a(lib_a-memcpy.o)
                0x0040ae10                memcpy
 .text.memmove  0x0040af44       0xc8 c:/program files (x86)/atmel/studio/7.0/toolchain/arm/arm-gnu-toolchain/bin/../lib/gcc/arm-none-eabi/6.3.1/../../../../arm-none-eabi/lib/thumb/v7e-m\libc.a(lib_a-memmove.o)
                0x0040af44                memmove
 .text._Balloc  0x0040b00c       0x4c c:/program files (x86)/atmel/studio/7.0/toolchain/arm/arm-gnu-toolchain/bin/../lib/gcc/arm-none-eabi/6.3.1/../../../../arm-none-eabi/lib/thumb/v7e-m\libc.a(lib_a-mprec.o)
                0x0040b00c                _Balloc
 .text._Bfree   0x0040b058       0x14 c:/program files (x86)/atmel/studio/7.0/toolchain/arm/arm-gnu-toolchain/bin/../lib/gcc/arm-none-eabi/6.3.1/../../../../arm-none-eabi/lib/thumb/v7e-m\libc.a(lib_a-mprec.o)
                0x0040b058                _Bfree
 .text.__multadd
                0x0040b06c       0x80 c:/program files (x86)/atmel/studio/7.0/toolchain/arm/arm-gnu-toolchain/bin/../lib/gcc/arm-none-eabi/6.3.1/../../../../arm-none-eabi/lib/thumb/v7e-m\libc.a(lib_a-mprec.o)
                0x0040b06c                __multadd
 .text.__hi0bits
                0x0040b0ec       0x40 c:/program files (x86)/atmel/studio/7.0/toolchain/arm/arm-gnu-toolchain/bin/../lib/gcc/arm-none-eabi/6.3.1/../../../../arm-none-eabi/lib/thumb/v7e-m\libc.a(lib_a-mprec.o)
                0x0040b0ec                __hi0bits
 .text.__lo0bits
                0x0040b12c       0x60 c:/program files (x86)/atmel/studio/7.0/toolchain/arm/arm-gnu-toolchain/bin/../lib/gcc/arm-none-eabi/6.3.1/../../../../arm-none-eabi/lib/thumb/v7e-m\libc.a(lib_a-mprec.o)
                0x0040b12c                __lo0bits
 .text.__i2b    0x0040b18c       0x14 c:/program files (x86)/atmel/studio/7.0/toolchain/arm/arm-gnu-toolchain/bin/../lib/gcc/arm-none-eabi/6.3.1/../../../../arm-none-eabi/lib/thumb/v7e-m\libc.a(lib_a-mprec.o)
                0x0040b18c                __i2b
 .text.__multiply
                0x0040b1a0      0x124 c:/program files (x86)/atmel/studio/7.0/toolchain/arm/arm-gnu-toolchain/bin/../lib/gcc/arm-none-eabi/6.3.1/../../../../arm-none-eabi/lib/thumb/v7e-m\libc.a(lib_a-mprec.o)
                0x0040b1a0                __multiply
 .text.__pow5mult
                0x0040b2c4       0xa0 c:/program files (x86)/atmel/studio/7.0/toolchain/arm/arm-gnu-toolchain/bin/../lib/gcc/arm-none-eabi/6.3.1/../../../../arm-none-eabi/lib/thumb/v7e-m\libc.a(lib_a-mprec.o)
                0x0040b2c4                __pow5mult
 .text.__lshift
                0x0040b364       0xa4 c:/program files (x86)/atmel/studio/7.0/toolchain/arm/arm-gnu-toolchain/bin/../lib/gcc/arm-none-eabi/6.3.1/../../../../arm-none-eabi/lib/thumb/v7e-m\libc.a(lib_a-mprec.o)
                0x0040b364                __lshift
 .text.__mcmp   0x0040b408       0x38 c:/program files (x86)/atmel/studio/7.0/toolchain/arm/arm-gnu-toolchain/bin/../lib/gcc/arm-none-eabi/6.3.1/../../../../arm-none-eabi/lib/thumb/v7e-m\libc.a(lib_a-mprec.o)
                0x0040b408                __mcmp
 .text.__mdiff  0x0040b440      0x108 c:/program files (x86)/atmel/studio/7.0/toolchain/arm/arm-gnu-toolchain/bin/../lib/gcc/arm-none-eabi/6.3.1/../../../../arm-none-eabi/lib/thumb/v7e-m\libc.a(lib_a-mprec.o)
                0x0040b440                __mdiff
 .text.__d2b    0x0040b548       0xb8 c:/program files (x86)/atmel/studio/7.0/toolchain/arm/arm-gnu-toolchain/bin/../lib/gcc/arm-none-eabi/6.3.1/../../../../arm-none-eabi/lib/thumb/v7e-m\libc.a(lib_a-mprec.o)
                0x0040b548                __d2b
 .text._realloc_r
                0x0040b600      0x34c c:/program files (x86)/atmel/studio/7.0/toolchain/arm/arm-gnu-toolchain/bin/../lib/gcc/arm-none-eabi/6.3.1/../../../../arm-none-eabi/lib/thumb/v7e-m\libc.a(lib_a-reallocr.o)
                0x0040b600                _realloc_r
 .text.__sread  0x0040b94c       0x24 c:/program files (x86)/atmel/studio/7.0/toolchain/arm/arm-gnu-toolchain/bin/../lib/gcc/arm-none-eabi/6.3.1/../../../../arm-none-eabi/lib/thumb/v7e-m\libc.a(lib_a-stdio.o)
                0x0040b94c                __sread
 .text.__swrite
                0x0040b970       0x3c c:/program files (x86)/atmel/studio/7.0/toolchain/arm/arm-gnu-toolchain/bin/../lib/gcc/arm-none-eabi/6.3.1/../../../../arm-none-eabi/lib/thumb/v7e-m\libc.a(lib_a-stdio.o)
                0x0040b970                __swrite
 .text.__sseek  0x0040b9ac       0x20 c:/program files (x86)/atmel/studio/7.0/toolchain/arm/arm-gnu-toolchain/bin/../lib/gcc/arm-none-eabi/6.3.1/../../../../arm-none-eabi/lib/thumb/v7e-m\libc.a(lib_a-stdio.o)
                0x0040b9ac                __sseek
 .text.__sclose
                0x0040b9cc        0x8 c:/program files (x86)/atmel/studio/7.0/toolchain/arm/arm-gnu-toolchain/bin/../lib/gcc/arm-none-eabi/6.3.1/../../../../arm-none-eabi/lib/thumb/v7e-m\libc.a(lib_a-stdio.o)
                0x0040b9cc                __sclose
 .text.__ssprint_r
                0x0040b9d4       0xfc c:/program files (x86)/atmel/studio/7.0/toolchain/arm/arm-gnu-toolchain/bin/../lib/gcc/arm-none-eabi/6.3.1/../../../../arm-none-eabi/lib/thumb/v7e-m\libc.a(lib_a-svfiprintf.o)
                0x0040b9d4                __ssprint_r
 .text.__swbuf_r
                0x0040bad0       0xb0 c:/program files (x86)/atmel/studio/7.0/toolchain/arm/arm-gnu-toolchain/bin/../lib/gcc/arm-none-eabi/6.3.1/../../../../arm-none-eabi/lib/thumb/v7e-m\libc.a(lib_a-wbuf.o)
                0x0040bad0                __swbuf_r
 .text._wcrtomb_r
                0x0040bb80       0x54 c:/program files (x86)/atmel/studio/7.0/toolchain/arm/arm-gnu-toolchain/bin/../lib/gcc/arm-none-eabi/6.3.1/../../../../arm-none-eabi/lib/thumb/v7e-m\libc.a(lib_a-wcrtomb.o)
                0x0040bb80                _wcrtomb_r
 .text.__ascii_wctomb
                0x0040bbd4       0x1c c:/program files (x86)/atmel/studio/7.0/toolchain/arm/arm-gnu-toolchain/bin/../lib/gcc/arm-none-eabi/6.3.1/../../../../arm-none-eabi/lib/thumb/v7e-m\libc.a(lib_a-wctomb_r.o)
                0x0040bbd4                __ascii_wctomb
 .text._write_r
                0x0040bbf0       0x2c c:/program files (x86)/atmel/studio/7.0/toolchain/arm/arm-gnu-toolchain/bin/../lib/gcc/arm-none-eabi/6.3.1/../../../../arm-none-eabi/lib/thumb/v7e-m\libc.a(lib_a-writer.o)
                0x0040bbf0                _write_r
 .text.__register_exitproc
                0x0040bc1c       0xc4 c:/program files (x86)/atmel/studio/7.0/toolchain/arm/arm-gnu-toolchain/bin/../lib/gcc/arm-none-eabi/6.3.1/../../../../arm-none-eabi/lib/thumb/v7e-m\libc.a(lib_a-__atexit.o)
                0x0040bc1c                __register_exitproc
 .text._calloc_r
                0x0040bce0       0x60 c:/program files (x86)/atmel/studio/7.0/toolchain/arm/arm-gnu-toolchain/bin/../lib/gcc/arm-none-eabi/6.3.1/../../../../arm-none-eabi/lib/thumb/v7e-m\libc.a(lib_a-callocr.o)
                0x0040bce0                _calloc_r
 .text._close_r
                0x0040bd40       0x24 c:/program files (x86)/atmel/studio/7.0/toolchain/arm/arm-gnu-toolchain/bin/../lib/gcc/arm-none-eabi/6.3.1/../../../../arm-none-eabi/lib/thumb/v7e-m\libc.a(lib_a-closer.o)
                0x0040bd40                _close_r
 .text._fclose_r
                0x0040bd64       0xc4 c:/program files (x86)/atmel/studio/7.0/toolchain/arm/arm-gnu-toolchain/bin/../lib/gcc/arm-none-eabi/6.3.1/../../../../arm-none-eabi/lib/thumb/v7e-m\libc.a(lib_a-fclose.o)
                0x0040bd64                _fclose_r
 .text._fstat_r
                0x0040be28       0x28 c:/program files (x86)/atmel/studio/7.0/toolchain/arm/arm-gnu-toolchain/bin/../lib/gcc/arm-none-eabi/6.3.1/../../../../arm-none-eabi/lib/thumb/v7e-m\libc.a(lib_a-fstatr.o)
                0x0040be28                _fstat_r
 .text._isatty_r
                0x0040be50       0x24 c:/program files (x86)/atmel/studio/7.0/toolchain/arm/arm-gnu-toolchain/bin/../lib/gcc/arm-none-eabi/6.3.1/../../../../arm-none-eabi/lib/thumb/v7e-m\libc.a(lib_a-isattyr.o)
                0x0040be50                _isatty_r
 .text._lseek_r
                0x0040be74       0x2c c:/program files (x86)/atmel/studio/7.0/toolchain/arm/arm-gnu-toolchain/bin/../lib/gcc/arm-none-eabi/6.3.1/../../../../arm-none-eabi/lib/thumb/v7e-m\libc.a(lib_a-lseekr.o)
                0x0040be74                _lseek_r
 .text._read_r  0x0040bea0       0x2c c:/program files (x86)/atmel/studio/7.0/toolchain/arm/arm-gnu-toolchain/bin/../lib/gcc/arm-none-eabi/6.3.1/../../../../arm-none-eabi/lib/thumb/v7e-m\libc.a(lib_a-readr.o)
                0x0040bea0                _read_r
 .text          0x0040becc      0x110 c:/program files (x86)/atmel/studio/7.0/toolchain/arm/arm-gnu-toolchain/bin/../lib/gcc/arm-none-eabi/6.3.1/thumb/v7e-m\libgcc.a(_arm_cmpdf2.o)
                0x0040becc                __gtdf2
                0x0040becc                __gedf2
                0x0040bed4                __ltdf2
                0x0040bed4                __ledf2
                0x0040bedc                __nedf2
                0x0040bedc                __eqdf2
                0x0040bedc                __cmpdf2
                0x0040bf58                __aeabi_cdrcmple
                0x0040bf68                __aeabi_cdcmpeq
                0x0040bf68                __aeabi_cdcmple
                0x0040bf78                __aeabi_dcmpeq
                0x0040bf8c                __aeabi_dcmplt
                0x0040bfa0                __aeabi_dcmple
                0x0040bfb4                __aeabi_dcmpge
                0x0040bfc8                __aeabi_dcmpgt
 .text          0x0040bfdc       0x2c c:/program files (x86)/atmel/studio/7.0/toolchain/arm/arm-gnu-toolchain/bin/../lib/gcc/arm-none-eabi/6.3.1/thumb/v7e-m\libgcc.a(_arm_unorddf2.o)
                0x0040bfdc                __unorddf2
                0x0040bfdc                __aeabi_dcmpun
 *(.glue_7t)
 .glue_7t       0x0040c008        0x0 linker stubs
 *(.glue_7)
 .glue_7        0x0040c008        0x0 linker stubs
 *(.rodata .rodata* .gnu.linkonce.r.*)
 .rodata.crcpoly.9987
                0x0040c008        0x4 src/ASF/common/components/touch/mxt/mxt_device_1.o
 .rodata.image_data_calibri_24_0x20
                0x0040c00c      0x168 src/main.o
 .rodata.calibri_24_0x20
                0x0040c174       0x10 src/main.o
 .rodata.image_data_calibri_24_0x21
                0x0040c184      0x240 src/main.o
 .rodata.calibri_24_0x21
                0x0040c3c4       0x10 src/main.o
 .rodata.image_data_calibri_24_0x22
                0x0040c3d4      0x2d0 src/main.o
 .rodata.calibri_24_0x22
                0x0040c6a4       0x10 src/main.o
 .rodata.image_data_calibri_24_0x23
                0x0040c6b4      0x360 src/main.o
 .rodata.calibri_24_0x23
                0x0040ca14       0x10 src/main.o
 .rodata.image_data_calibri_24_0x24
                0x0040ca24      0x360 src/main.o
 .rodata.calibri_24_0x24
                0x0040cd84       0x10 src/main.o
 .rodata.image_data_calibri_24_0x25
                0x0040cd94      0x4c8 src/main.o
 .rodata.calibri_24_0x25
                0x0040d25c       0x10 src/main.o
 .rodata.image_data_calibri_24_0x26
                0x0040d26c      0x480 src/main.o
 .rodata.calibri_24_0x26
                0x0040d6ec       0x10 src/main.o
 .rodata.image_data_calibri_24_0x27
                0x0040d6fc      0x168 src/main.o
 .rodata.calibri_24_0x27
                0x0040d864       0x10 src/main.o
 .rodata.image_data_calibri_24_0x28
                0x0040d874      0x1f8 src/main.o
 .rodata.calibri_24_0x28
                0x0040da6c       0x10 src/main.o
 .rodata.image_data_calibri_24_0x29
                0x0040da7c      0x1f8 src/main.o
 .rodata.calibri_24_0x29
                0x0040dc74       0x10 src/main.o
 .rodata.image_data_calibri_24_0x2a
                0x0040dc84      0x360 src/main.o
 .rodata.calibri_24_0x2a
                0x0040dfe4       0x10 src/main.o
 .rodata.image_data_calibri_24_0x2b
                0x0040dff4      0x360 src/main.o
 .rodata.calibri_24_0x2b
                0x0040e354       0x10 src/main.o
 .rodata.image_data_calibri_24_0x2c
                0x0040e364      0x1b0 src/main.o
 .rodata.calibri_24_0x2c
                0x0040e514       0x10 src/main.o
 .rodata.image_data_calibri_24_0x2d
                0x0040e524      0x1f8 src/main.o
 .rodata.calibri_24_0x2d
                0x0040e71c       0x10 src/main.o
 .rodata.image_data_calibri_24_0x2e
                0x0040e72c      0x1b0 src/main.o
 .rodata.calibri_24_0x2e
                0x0040e8dc       0x10 src/main.o
 .rodata.image_data_calibri_24_0x2f
                0x0040e8ec      0x288 src/main.o
 .rodata.calibri_24_0x2f
                0x0040eb74       0x10 src/main.o
 .rodata.image_data_calibri_24_0x30
                0x0040eb84      0x360 src/main.o
 .rodata.calibri_24_0x30
                0x0040eee4       0x10 src/main.o
 .rodata.image_data_calibri_24_0x31
                0x0040eef4      0x360 src/main.o
 .rodata.calibri_24_0x31
                0x0040f254       0x10 src/main.o
 .rodata.image_data_calibri_24_0x32
                0x0040f264      0x360 src/main.o
 .rodata.calibri_24_0x32
                0x0040f5c4       0x10 src/main.o
 .rodata.image_data_calibri_24_0x33
                0x0040f5d4      0x360 src/main.o
 .rodata.calibri_24_0x33
                0x0040f934       0x10 src/main.o
 .rodata.image_data_calibri_24_0x34
                0x0040f944      0x360 src/main.o
 .rodata.calibri_24_0x34
                0x0040fca4       0x10 src/main.o
 .rodata.image_data_calibri_24_0x35
                0x0040fcb4      0x360 src/main.o
 .rodata.calibri_24_0x35
                0x00410014       0x10 src/main.o
 .rodata.image_data_calibri_24_0x36
                0x00410024      0x360 src/main.o
 .rodata.calibri_24_0x36
                0x00410384       0x10 src/main.o
 .rodata.image_data_calibri_24_0x37
                0x00410394      0x360 src/main.o
 .rodata.calibri_24_0x37
                0x004106f4       0x10 src/main.o
 .rodata.image_data_calibri_24_0x38
                0x00410704      0x360 src/main.o
 .rodata.calibri_24_0x38
                0x00410a64       0x10 src/main.o
 .rodata.image_data_calibri_24_0x39
                0x00410a74      0x360 src/main.o
 .rodata.calibri_24_0x39
                0x00410dd4       0x10 src/main.o
 .rodata.image_data_calibri_24_0x3a
                0x00410de4      0x1b0 src/main.o
 .rodata.calibri_24_0x3a
                0x00410f94       0x10 src/main.o
 .rodata.image_data_calibri_24_0x3b
                0x00410fa4      0x1b0 src/main.o
 .rodata.calibri_24_0x3b
                0x00411154       0x10 src/main.o
 .rodata.image_data_calibri_24_0x3c
                0x00411164      0x360 src/main.o
 .rodata.calibri_24_0x3c
                0x004114c4       0x10 src/main.o
 .rodata.image_data_calibri_24_0x3d
                0x004114d4      0x360 src/main.o
 .rodata.calibri_24_0x3d
                0x00411834       0x10 src/main.o
 .rodata.image_data_calibri_24_0x3e
                0x00411844      0x360 src/main.o
 .rodata.calibri_24_0x3e
                0x00411ba4       0x10 src/main.o
 .rodata.image_data_calibri_24_0x3f
                0x00411bb4      0x318 src/main.o
 .rodata.calibri_24_0x3f
                0x00411ecc       0x10 src/main.o
 .rodata.image_data_calibri_24_0x40
                0x00411edc      0x5e8 src/main.o
 .rodata.calibri_24_0x40
                0x004124c4       0x10 src/main.o
 .rodata.image_data_calibri_24_0x41
                0x004124d4      0x3f0 src/main.o
 .rodata.calibri_24_0x41
                0x004128c4       0x10 src/main.o
 .rodata.image_data_calibri_24_0x42
                0x004128d4      0x3a8 src/main.o
 .rodata.calibri_24_0x42
                0x00412c7c       0x10 src/main.o
 .rodata.image_data_calibri_24_0x43
                0x00412c8c      0x3a8 src/main.o
 .rodata.calibri_24_0x43
                0x00413034       0x10 src/main.o
 .rodata.image_data_calibri_24_0x44
                0x00413044      0x438 src/main.o
 .rodata.calibri_24_0x44
                0x0041347c       0x10 src/main.o
 .rodata.image_data_calibri_24_0x45
                0x0041348c      0x360 src/main.o
 .rodata.calibri_24_0x45
                0x004137ec       0x10 src/main.o
 .rodata.image_data_calibri_24_0x46
                0x004137fc      0x318 src/main.o
 .rodata.calibri_24_0x46
                0x00413b14       0x10 src/main.o
 .rodata.image_data_calibri_24_0x47
                0x00413b24      0x438 src/main.o
 .rodata.calibri_24_0x47
                0x00413f5c       0x10 src/main.o
 .rodata.image_data_calibri_24_0x48
                0x00413f6c      0x438 src/main.o
 .rodata.calibri_24_0x48
                0x004143a4       0x10 src/main.o
 .rodata.image_data_calibri_24_0x49
                0x004143b4      0x1b0 src/main.o
 .rodata.calibri_24_0x49
                0x00414564       0x10 src/main.o
 .rodata.image_data_calibri_24_0x4a
                0x00414574      0x240 src/main.o
 .rodata.calibri_24_0x4a
                0x004147b4       0x10 src/main.o
 .rodata.image_data_calibri_24_0x4b
                0x004147c4      0x360 src/main.o
 .rodata.calibri_24_0x4b
                0x00414b24       0x10 src/main.o
 .rodata.image_data_calibri_24_0x4c
                0x00414b34      0x2d0 src/main.o
 .rodata.calibri_24_0x4c
                0x00414e04       0x10 src/main.o
 .rodata.image_data_calibri_24_0x4d
                0x00414e14      0x5e8 src/main.o
 .rodata.calibri_24_0x4d
                0x004153fc       0x10 src/main.o
 .rodata.image_data_calibri_24_0x4e
                0x0041540c      0x480 src/main.o
 .rodata.calibri_24_0x4e
                0x0041588c       0x10 src/main.o
 .rodata.image_data_calibri_24_0x4f
                0x0041589c      0x480 src/main.o
 .rodata.calibri_24_0x4f
                0x00415d1c       0x10 src/main.o
 .rodata.image_data_calibri_24_0x50
                0x00415d2c      0x360 src/main.o
 .rodata.calibri_24_0x50
                0x0041608c       0x10 src/main.o
 .rodata.image_data_calibri_24_0x51
                0x0041609c      0x4c8 src/main.o
 .rodata.calibri_24_0x51
                0x00416564       0x10 src/main.o
 .rodata.image_data_calibri_24_0x52
                0x00416574      0x3a8 src/main.o
 .rodata.calibri_24_0x52
                0x0041691c       0x10 src/main.o
 .rodata.image_data_calibri_24_0x53
                0x0041692c      0x318 src/main.o
 .rodata.calibri_24_0x53
                0x00416c44       0x10 src/main.o
 .rodata.image_data_calibri_24_0x54
                0x00416c54      0x360 src/main.o
 .rodata.calibri_24_0x54
                0x00416fb4       0x10 src/main.o
 .rodata.image_data_calibri_24_0x55
                0x00416fc4      0x438 src/main.o
 .rodata.calibri_24_0x55
                0x004173fc       0x10 src/main.o
 .rodata.image_data_calibri_24_0x56
                0x0041740c      0x3f0 src/main.o
 .rodata.calibri_24_0x56
                0x004177fc       0x10 src/main.o
 .rodata.image_data_calibri_24_0x57
                0x0041780c      0x5e8 src/main.o
 .rodata.calibri_24_0x57
                0x00417df4       0x10 src/main.o
 .rodata.image_data_calibri_24_0x58
                0x00417e04      0x360 src/main.o
 .rodata.calibri_24_0x58
                0x00418164       0x10 src/main.o
 .rodata.image_data_calibri_24_0x59
                0x00418174      0x360 src/main.o
 .rodata.calibri_24_0x59
                0x004184d4       0x10 src/main.o
 .rodata.image_data_calibri_24_0x5a
                0x004184e4      0x318 src/main.o
 .rodata.calibri_24_0x5a
                0x004187fc       0x10 src/main.o
 .rodata.image_data_calibri_24_0x5b
                0x0041880c      0x1f8 src/main.o
 .rodata.calibri_24_0x5b
                0x00418a04       0x10 src/main.o
 .rodata.image_data_calibri_24_0x5c
                0x00418a14      0x288 src/main.o
 .rodata.calibri_24_0x5c
                0x00418c9c       0x10 src/main.o
 .rodata.image_data_calibri_24_0x5d
                0x00418cac      0x1f8 src/main.o
 .rodata.calibri_24_0x5d
                0x00418ea4       0x10 src/main.o
 .rodata.image_data_calibri_24_0x5e
                0x00418eb4      0x360 src/main.o
 .rodata.calibri_24_0x5e
                0x00419214       0x10 src/main.o
 .rodata.image_data_calibri_24_0x5f
                0x00419224      0x360 src/main.o
 .rodata.calibri_24_0x5f
                0x00419584       0x10 src/main.o
 .rodata.image_data_calibri_24_0x60
                0x00419594      0x1f8 src/main.o
 .rodata.calibri_24_0x60
                0x0041978c       0x10 src/main.o
 .rodata.image_data_calibri_24_0x61
                0x0041979c      0x360 src/main.o
 .rodata.calibri_24_0x61
                0x00419afc       0x10 src/main.o
 .rodata.image_data_calibri_24_0x62
                0x00419b0c      0x3a8 src/main.o
 .rodata.calibri_24_0x62
                0x00419eb4       0x10 src/main.o
 .rodata.image_data_calibri_24_0x63
                0x00419ec4      0x2d0 src/main.o
 .rodata.calibri_24_0x63
                0x0041a194       0x10 src/main.o
 .rodata.image_data_calibri_24_0x64
                0x0041a1a4      0x3a8 src/main.o
 .rodata.calibri_24_0x64
                0x0041a54c       0x10 src/main.o
 .rodata.image_data_calibri_24_0x65
                0x0041a55c      0x360 src/main.o
 .rodata.calibri_24_0x65
                0x0041a8bc       0x10 src/main.o
 .rodata.image_data_calibri_24_0x66
                0x0041a8cc      0x1f8 src/main.o
 .rodata.calibri_24_0x66
                0x0041aac4       0x10 src/main.o
 .rodata.image_data_calibri_24_0x67
                0x0041aad4      0x318 src/main.o
 .rodata.calibri_24_0x67
                0x0041adec       0x10 src/main.o
 .rodata.image_data_calibri_24_0x68
                0x0041adfc      0x3a8 src/main.o
 .rodata.calibri_24_0x68
                0x0041b1a4       0x10 src/main.o
 .rodata.image_data_calibri_24_0x69
                0x0041b1b4      0x1b0 src/main.o
 .rodata.calibri_24_0x69
                0x0041b364       0x10 src/main.o
 .rodata.image_data_calibri_24_0x6a
                0x0041b374      0x1b0 src/main.o
 .rodata.calibri_24_0x6a
                0x0041b524       0x10 src/main.o
 .rodata.image_data_calibri_24_0x6b
                0x0041b534      0x318 src/main.o
 .rodata.calibri_24_0x6b
                0x0041b84c       0x10 src/main.o
 .rodata.image_data_calibri_24_0x6c
                0x0041b85c      0x1b0 src/main.o
 .rodata.calibri_24_0x6c
                0x0041ba0c       0x10 src/main.o
 .rodata.image_data_calibri_24_0x6d
                0x0041ba1c      0x558 src/main.o
 .rodata.calibri_24_0x6d
                0x0041bf74       0x10 src/main.o
 .rodata.image_data_calibri_24_0x6e
                0x0041bf84      0x3a8 src/main.o
 .rodata.calibri_24_0x6e
                0x0041c32c       0x10 src/main.o
 .rodata.image_data_calibri_24_0x6f
                0x0041c33c      0x3a8 src/main.o
 .rodata.calibri_24_0x6f
                0x0041c6e4       0x10 src/main.o
 .rodata.image_data_calibri_24_0x70
                0x0041c6f4      0x3a8 src/main.o
 .rodata.calibri_24_0x70
                0x0041ca9c       0x10 src/main.o
 .rodata.image_data_calibri_24_0x71
                0x0041caac      0x3a8 src/main.o
 .rodata.calibri_24_0x71
                0x0041ce54       0x10 src/main.o
 .rodata.image_data_calibri_24_0x72
                0x0041ce64      0x240 src/main.o
 .rodata.calibri_24_0x72
                0x0041d0a4       0x10 src/main.o
 .rodata.image_data_calibri_24_0x73
                0x0041d0b4      0x288 src/main.o
 .rodata.calibri_24_0x73
                0x0041d33c       0x10 src/main.o
 .rodata.image_data_calibri_24_0x74
                0x0041d34c      0x240 src/main.o
 .rodata.calibri_24_0x74
                0x0041d58c       0x10 src/main.o
 .rodata.image_data_calibri_24_0x75
                0x0041d59c      0x3a8 src/main.o
 .rodata.calibri_24_0x75
                0x0041d944       0x10 src/main.o
 .rodata.image_data_calibri_24_0x76
                0x0041d954      0x318 src/main.o
 .rodata.calibri_24_0x76
                0x0041dc6c       0x10 src/main.o
 .rodata.image_data_calibri_24_0x77
                0x0041dc7c      0x4c8 src/main.o
 .rodata.calibri_24_0x77
                0x0041e144       0x10 src/main.o
 .rodata.image_data_calibri_24_0x78
                0x0041e154      0x2d0 src/main.o
 .rodata.calibri_24_0x78
                0x0041e424       0x10 src/main.o
 .rodata.image_data_calibri_24_0x79
                0x0041e434      0x318 src/main.o
 .rodata.calibri_24_0x79
                0x0041e74c       0x10 src/main.o
 .rodata.image_data_calibri_24_0x7a
                0x0041e75c      0x288 src/main.o
 .rodata.calibri_24_0x7a
                0x0041e9e4       0x10 src/main.o
 .rodata.image_data_calibri_24_0x7b
                0x0041e9f4      0x240 src/main.o
 .rodata.calibri_24_0x7b
                0x0041ec34       0x10 src/main.o
 .rodata.image_data_calibri_24_0x7c
                0x0041ec44      0x318 src/main.o
 .rodata.calibri_24_0x7c
                0x0041ef5c       0x10 src/main.o
 .rodata.image_data_calibri_24_0x7d
                0x0041ef6c      0x240 src/main.o
 .rodata.calibri_24_0x7d
                0x0041f1ac       0x10 src/main.o
 .rodata.image_data_calibri_24_0x7e
                0x0041f1bc      0x360 src/main.o
 .rodata.calibri_24_0x7e
                0x0041f51c       0x10 src/main.o
 .rodata.calibri_24_array
                0x0041f52c      0x2f8 src/main.o
 .rodata.calibri_24
                0x0041f824        0xc src/main.o
                0x0041f824                calibri_24
 .rodata.image_data_water
                0x0041f830     0x655b src/main.o
 *fill*         0x00425d8b        0x1 
 .rodata.water  0x00425d8c       0x10 src/main.o
                0x00425d8c                water
 .rodata.image_data_water_click
                0x00425d9c     0x655b src/main.o
 *fill*         0x0042c2f7        0x1 
 .rodata.water_click
                0x0042c2f8       0x10 src/main.o
                0x0042c2f8                water_click
 .rodata.image_data_lock_white
                0x0042c308     0x655b src/main.o
 *fill*         0x00432863        0x1 
 .rodata.lock_white
                0x00432864       0x10 src/main.o
                0x00432864                lock_white
 .rodata.image_data_unlock_white
                0x00432874     0x655b src/main.o
 *fill*         0x00438dcf        0x1 
 .rodata.unlock_white
                0x00438dd0       0x10 src/main.o
                0x00438dd0                unlock_white
 .rodata.image_data_fast
                0x00438de0     0x655b src/main.o
 *fill*         0x0043f33b        0x1 
 .rodata.fast   0x0043f33c       0x10 src/main.o
                0x0043f33c                fast
 .rodata.image_data_fast_click
                0x0043f34c     0x655b src/main.o
 *fill*         0x004458a7        0x1 
 .rodata.fast_click
                0x004458a8       0x10 src/main.o
                0x004458a8                fast_click
 .rodata.image_data_clean
                0x004458b8     0x6330 src/main.o
 .rodata.clean  0x0044bbe8       0x10 src/main.o
                0x0044bbe8                clean
 .rodata.image_data_clean_click
                0x0044bbf8     0x6330 src/main.o
 .rodata.clean_click
                0x00451f28       0x10 src/main.o
                0x00451f28                clean_click
 .rodata.image_data_centrifuge
                0x00451f38     0x655b src/main.o
 *fill*         0x00458493        0x1 
 .rodata.centrifuge
                0x00458494       0x10 src/main.o
                0x00458494                centrifuge
 .rodata.image_data_centrifuge_click
                0x004584a4     0x655b src/main.o
 *fill*         0x0045e9ff        0x1 
 .rodata.centrifuge_click
                0x0045ea00       0x10 src/main.o
                0x0045ea00                centrifuge_click
 .rodata.image_data_daily
                0x0045ea10     0x655b src/main.o
 *fill*         0x00464f6b        0x1 
 .rodata.daily  0x00464f6c       0x10 src/main.o
                0x00464f6c                daily
 .rodata.image_data_daily_click
                0x00464f7c     0x655b src/main.o
 *fill*         0x0046b4d7        0x1 
 .rodata.daily_click
                0x0046b4d8       0x10 src/main.o
                0x0046b4d8                daily_click
 .rodata.image_data_heavy
                0x0046b4e8     0x655b src/main.o
 *fill*         0x00471a43        0x1 
 .rodata.heavy  0x00471a44       0x10 src/main.o
                0x00471a44                heavy
 .rodata.image_data_heavy_click
                0x00471a54     0x655b src/main.o
 *fill*         0x00477faf        0x1 
 .rodata.heavy_click
                0x00477fb0       0x10 src/main.o
                0x00477fb0                heavy_click
 .rodata        0x00477fc0      0x10c src/main.o
 .rodata._global_impure_ptr
                0x004780cc        0x4 c:/program files (x86)/atmel/studio/7.0/toolchain/arm/arm-gnu-toolchain/bin/../lib/gcc/arm-none-eabi/6.3.1/../../../../arm-none-eabi/lib/thumb/v7e-m\libc.a(lib_a-impure.o)
                0x004780cc                _global_impure_ptr
 .rodata._svfprintf_r.str1.4
                0x004780d0       0x42 c:/program files (x86)/atmel/studio/7.0/toolchain/arm/arm-gnu-toolchain/bin/../lib/gcc/arm-none-eabi/6.3.1/../../../../arm-none-eabi/lib/thumb/v7e-m\libc.a(lib_a-svfprintf.o)
 *fill*         0x00478112        0x2 
 .rodata.blanks.7223
                0x00478114       0x10 c:/program files (x86)/atmel/studio/7.0/toolchain/arm/arm-gnu-toolchain/bin/../lib/gcc/arm-none-eabi/6.3.1/../../../../arm-none-eabi/lib/thumb/v7e-m\libc.a(lib_a-svfprintf.o)
 .rodata.zeroes.7224
                0x00478124       0x10 c:/program files (x86)/atmel/studio/7.0/toolchain/arm/arm-gnu-toolchain/bin/../lib/gcc/arm-none-eabi/6.3.1/../../../../arm-none-eabi/lib/thumb/v7e-m\libc.a(lib_a-svfprintf.o)
 .rodata._vfiprintf_r.str1.4
                0x00478134       0x2f c:/program files (x86)/atmel/studio/7.0/toolchain/arm/arm-gnu-toolchain/bin/../lib/gcc/arm-none-eabi/6.3.1/../../../../arm-none-eabi/lib/thumb/v7e-m\libc.a(lib_a-vfiprintf.o)
 .rodata.blanks.7217
                0x00478134       0x10 c:/program files (x86)/atmel/studio/7.0/toolchain/arm/arm-gnu-toolchain/bin/../lib/gcc/arm-none-eabi/6.3.1/../../../../arm-none-eabi/lib/thumb/v7e-m\libc.a(lib_a-vfiprintf.o)
 .rodata.zeroes.7218
                0x00478144       0x10 c:/program files (x86)/atmel/studio/7.0/toolchain/arm/arm-gnu-toolchain/bin/../lib/gcc/arm-none-eabi/6.3.1/../../../../arm-none-eabi/lib/thumb/v7e-m\libc.a(lib_a-vfiprintf.o)
 .rodata._dtoa_r.str1.4
                0x00478154       0x10 c:/program files (x86)/atmel/studio/7.0/toolchain/arm/arm-gnu-toolchain/bin/../lib/gcc/arm-none-eabi/6.3.1/../../../../arm-none-eabi/lib/thumb/v7e-m\libc.a(lib_a-dtoa.o)
                                 0x12 (size before relaxing)
 .rodata._setlocale_r.str1.4
                0x00478164        0xa c:/program files (x86)/atmel/studio/7.0/toolchain/arm/arm-gnu-toolchain/bin/../lib/gcc/arm-none-eabi/6.3.1/../../../../arm-none-eabi/lib/thumb/v7e-m\libc.a(lib_a-locale.o)
                                  0xd (size before relaxing)
 *fill*         0x0047816e        0x2 
 .rodata.str1.4
                0x00478170        0x4 c:/program files (x86)/atmel/studio/7.0/toolchain/arm/arm-gnu-toolchain/bin/../lib/gcc/arm-none-eabi/6.3.1/../../../../arm-none-eabi/lib/thumb/v7e-m\libc.a(lib_a-locale.o)
                                  0x2 (size before relaxing)
 *fill*         0x00478174        0x4 
 .rodata.__mprec_bigtens
                0x00478178       0x28 c:/program files (x86)/atmel/studio/7.0/toolchain/arm/arm-gnu-toolchain/bin/../lib/gcc/arm-none-eabi/6.3.1/../../../../arm-none-eabi/lib/thumb/v7e-m\libc.a(lib_a-mprec.o)
                0x00478178                __mprec_bigtens
 .rodata.__mprec_tens
                0x004781a0       0xc8 c:/program files (x86)/atmel/studio/7.0/toolchain/arm/arm-gnu-toolchain/bin/../lib/gcc/arm-none-eabi/6.3.1/../../../../arm-none-eabi/lib/thumb/v7e-m\libc.a(lib_a-mprec.o)
                0x004781a0                __mprec_tens
 .rodata.p05.6055
                0x00478268        0xc c:/program files (x86)/atmel/studio/7.0/toolchain/arm/arm-gnu-toolchain/bin/../lib/gcc/arm-none-eabi/6.3.1/../../../../arm-none-eabi/lib/thumb/v7e-m\libc.a(lib_a-mprec.o)
 .rodata._ctype_
                0x00478274      0x101 c:/program files (x86)/atmel/studio/7.0/toolchain/arm/arm-gnu-toolchain/bin/../lib/gcc/arm-none-eabi/6.3.1/../../../../arm-none-eabi/lib/thumb/v7e-m\libc.a(lib_a-ctype_.o)
                0x00478274                _ctype_
 *(.ARM.extab* .gnu.linkonce.armextab.*)
                0x00478378                . = ALIGN (0x4)
 *fill*         0x00478375        0x3 
 *(.init)
 .init          0x00478378        0x4 c:/program files (x86)/atmel/studio/7.0/toolchain/arm/arm-gnu-toolchain/bin/../lib/gcc/arm-none-eabi/6.3.1/thumb/v7e-m/crti.o
                0x00478378                _init
 .init          0x0047837c        0x8 c:/program files (x86)/atmel/studio/7.0/toolchain/arm/arm-gnu-toolchain/bin/../lib/gcc/arm-none-eabi/6.3.1/thumb/v7e-m/crtn.o
                0x00478384                . = ALIGN (0x4)
                0x00478384                __preinit_array_start = .
 *(.preinit_array)
                0x00478384                __preinit_array_end = .
                0x00478384                . = ALIGN (0x4)
                0x00478384                __init_array_start = .
 *(SORT(.init_array.*))
 .init_array.00000
                0x00478384        0x4 c:/program files (x86)/atmel/studio/7.0/toolchain/arm/arm-gnu-toolchain/bin/../lib/gcc/arm-none-eabi/6.3.1/../../../../arm-none-eabi/lib/thumb/v7e-m\libc.a(lib_a-__call_atexit.o)
 *(.init_array)
 .init_array    0x00478388        0x4 c:/program files (x86)/atmel/studio/7.0/toolchain/arm/arm-gnu-toolchain/bin/../lib/gcc/arm-none-eabi/6.3.1/thumb/v7e-m/crtbegin.o
                0x0047838c                __init_array_end = .
                0x0047838c                . = ALIGN (0x4)
 *crtbegin.o(.ctors)
 *(EXCLUDE_FILE(*crtend.o) .ctors)
 *(SORT(.ctors.*))
 *crtend.o(.ctors)
                0x0047838c                . = ALIGN (0x4)
 *(.fini)
 .fini          0x0047838c        0x4 c:/program files (x86)/atmel/studio/7.0/toolchain/arm/arm-gnu-toolchain/bin/../lib/gcc/arm-none-eabi/6.3.1/thumb/v7e-m/crti.o
                0x0047838c                _fini
 .fini          0x00478390        0x8 c:/program files (x86)/atmel/studio/7.0/toolchain/arm/arm-gnu-toolchain/bin/../lib/gcc/arm-none-eabi/6.3.1/thumb/v7e-m/crtn.o
                0x00478398                . = ALIGN (0x4)
                0x00478398                __fini_array_start = .
 *(.fini_array)
 .fini_array    0x00478398        0x4 c:/program files (x86)/atmel/studio/7.0/toolchain/arm/arm-gnu-toolchain/bin/../lib/gcc/arm-none-eabi/6.3.1/thumb/v7e-m/crtbegin.o
 *(SORT(.fini_array.*))
                0x0047839c                __fini_array_end = .
 *crtbegin.o(.dtors)
 *(EXCLUDE_FILE(*crtend.o) .dtors)
 *(SORT(.dtors.*))
 *crtend.o(.dtors)
                0x0047839c                . = ALIGN (0x4)
                0x0047839c                _efixed = .
                [!provide]                PROVIDE (__exidx_start, .)

.vfp11_veneer   0x0047839c        0x0
 .vfp11_veneer  0x0047839c        0x0 linker stubs

.v4_bx          0x0047839c        0x0
 .v4_bx         0x0047839c        0x0 linker stubs

.iplt           0x0047839c        0x0
 .iplt          0x0047839c        0x0 c:/program files (x86)/atmel/studio/7.0/toolchain/arm/arm-gnu-toolchain/bin/../lib/gcc/arm-none-eabi/6.3.1/thumb/v7e-m/crtbegin.o

.ARM.exidx      0x0047839c        0x8
 *(.ARM.exidx* .gnu.linkonce.armexidx.*)
 .ARM.exidx     0x0047839c        0x8 c:/program files (x86)/atmel/studio/7.0/toolchain/arm/arm-gnu-toolchain/bin/../lib/gcc/arm-none-eabi/6.3.1/thumb/v7e-m\libgcc.a(_udivmoddi4.o)
                [!provide]                PROVIDE (__exidx_end, .)

.eh_frame       0x004783a4        0x0
 .eh_frame      0x004783a4        0x0 c:/program files (x86)/atmel/studio/7.0/toolchain/arm/arm-gnu-toolchain/bin/../lib/gcc/arm-none-eabi/6.3.1/thumb/v7e-m/crtbegin.o

.rel.dyn        0x004783a4        0x0
 .rel.iplt      0x004783a4        0x0 c:/program files (x86)/atmel/studio/7.0/toolchain/arm/arm-gnu-toolchain/bin/../lib/gcc/arm-none-eabi/6.3.1/thumb/v7e-m/crtbegin.o

.jcr            0x004783a4        0x0
 .jcr           0x004783a4        0x0 c:/program files (x86)/atmel/studio/7.0/toolchain/arm/arm-gnu-toolchain/bin/../lib/gcc/arm-none-eabi/6.3.1/thumb/v7e-m/crtbegin.o

.igot.plt       0x004783a4        0x0
 .igot.plt      0x004783a4        0x0 c:/program files (x86)/atmel/studio/7.0/toolchain/arm/arm-gnu-toolchain/bin/../lib/gcc/arm-none-eabi/6.3.1/thumb/v7e-m/crtbegin.o
                0x004783a4                . = ALIGN (0x4)
                0x004783a4                _etext = .

.relocate       0x20400000      0xaf0 load address 0x004783a4
                0x20400000                . = ALIGN (0x4)
                0x20400000                _srelocate = .
 *(.ramfunc .ramfunc.*)
 .ramfunc       0x20400000        0xa src/ASF/common/services/delay/sam/cycle_counter.o
                0x20400000                portable_delay_cycles
 *(.data .data.*)
 .data.g_interrupt_enabled
                0x2040000a        0x1 src/ASF/common/utils/interrupt/interrupt_sam_nvic.o
                0x2040000a                g_interrupt_enabled
 *fill*         0x2040000b        0x1 
 .data.SystemCoreClock
                0x2040000c        0x4 src/ASF/sam/utils/cmsis/same70/source/templates/system_same70.o
                0x2040000c                SystemCoreClock
 .data.c_rapido
                0x20400010       0x3c src/main.o
                0x20400010                c_rapido
 .data.c_diario
                0x2040004c       0x3c src/main.o
                0x2040004c                c_diario
 .data.c_pesado
                0x20400088       0x3c src/main.o
                0x20400088                c_pesado
 .data.c_enxague
                0x204000c4       0x3c src/main.o
                0x204000c4                c_enxague
 .data.c_centrifuga
                0x20400100       0x3c src/main.o
                0x20400100                c_centrifuga
 .data.locked   0x2040013c        0x1 src/main.o
                0x2040013c                locked
 *fill*         0x2040013d        0x3 
 .data._impure_ptr
                0x20400140        0x4 c:/program files (x86)/atmel/studio/7.0/toolchain/arm/arm-gnu-toolchain/bin/../lib/gcc/arm-none-eabi/6.3.1/../../../../arm-none-eabi/lib/thumb/v7e-m\libc.a(lib_a-impure.o)
                0x20400140                _impure_ptr
 *fill*         0x20400144        0x4 
 .data.impure_data
                0x20400148      0x428 c:/program files (x86)/atmel/studio/7.0/toolchain/arm/arm-gnu-toolchain/bin/../lib/gcc/arm-none-eabi/6.3.1/../../../../arm-none-eabi/lib/thumb/v7e-m\libc.a(lib_a-impure.o)
 .data.__malloc_av_
                0x20400570      0x408 c:/program files (x86)/atmel/studio/7.0/toolchain/arm/arm-gnu-toolchain/bin/../lib/gcc/arm-none-eabi/6.3.1/../../../../arm-none-eabi/lib/thumb/v7e-m\libc.a(lib_a-mallocr.o)
                0x20400570                __malloc_av_
 .data.__malloc_sbrk_base
                0x20400978        0x4 c:/program files (x86)/atmel/studio/7.0/toolchain/arm/arm-gnu-toolchain/bin/../lib/gcc/arm-none-eabi/6.3.1/../../../../arm-none-eabi/lib/thumb/v7e-m\libc.a(lib_a-mallocr.o)
                0x20400978                __malloc_sbrk_base
 .data.__malloc_trim_threshold
                0x2040097c        0x4 c:/program files (x86)/atmel/studio/7.0/toolchain/arm/arm-gnu-toolchain/bin/../lib/gcc/arm-none-eabi/6.3.1/../../../../arm-none-eabi/lib/thumb/v7e-m\libc.a(lib_a-mallocr.o)
                0x2040097c                __malloc_trim_threshold
 .data.__atexit_recursive_mutex
                0x20400980        0x4 c:/program files (x86)/atmel/studio/7.0/toolchain/arm/arm-gnu-toolchain/bin/../lib/gcc/arm-none-eabi/6.3.1/../../../../arm-none-eabi/lib/thumb/v7e-m\libc.a(lib_a-__call_atexit.o)
                0x20400980                __atexit_recursive_mutex
 .data.__global_locale
                0x20400984      0x16c c:/program files (x86)/atmel/studio/7.0/toolchain/arm/arm-gnu-toolchain/bin/../lib/gcc/arm-none-eabi/6.3.1/../../../../arm-none-eabi/lib/thumb/v7e-m\libc.a(lib_a-locale.o)
                0x20400984                __global_locale
                0x20400af0                . = ALIGN (0x4)
                0x20400af0                _erelocate = .

.bss            0x20400af0      0x4e0 load address 0x00478e94
                0x20400af0                . = ALIGN (0x4)
                0x20400af0                _sbss = .
                0x20400af0                _szero = .
 *(.bss .bss.*)
 .bss           0x20400af0       0x1c c:/program files (x86)/atmel/studio/7.0/toolchain/arm/arm-gnu-toolchain/bin/../lib/gcc/arm-none-eabi/6.3.1/thumb/v7e-m/crtbegin.o
 .bss.g_ul_pixel_cache
                0x20400b0c      0x3c0 src/ASF/sam/components/display/ili9488/ili9488.o
 .bss.gs_interrupt_sources
                0x20400ecc       0x70 src/ASF/sam/drivers/pio/pio_handler.o
 .bss.gs_ul_nb_sources
                0x20400f3c        0x4 src/ASF/sam/drivers/pio/pio_handler.o
 .bss.ul_reg_val.9451
                0x20400f40        0x4 src/ASF/sam/drivers/usart/usart.o
 .bss.heap.6420
                0x20400f44        0x4 src/ASF/sam/utils/syscalls/gcc/syscalls.o
 .bss.flag_led  0x20400f48        0x1 src/main.o
                0x20400f48                flag_led
 .bss.wash_mode
                0x20400f49        0x1 src/main.o
                0x20400f49                wash_mode
 .bss.cleanScreen
                0x20400f4a        0x1 src/main.o
                0x20400f4a                cleanScreen
 .bss.isWashing
                0x20400f4b        0x1 src/main.o
                0x20400f4b                isWashing
 .bss.minute    0x20400f4c        0x4 src/main.o
                0x20400f4c                minute
 .bss.second    0x20400f50        0x4 src/main.o
                0x20400f50                second
 .bss.washingLockScreen