Archive member included to satisfy reference by file (symbol)

c:/program files (x86)/atmel/studio/7.0/toolchain/arm/arm-gnu-toolchain/bin/../lib/gcc/arm-none-eabi/6.3.1/../../../../arm-none-eabi/lib/thumb/v7e-m\libc.a(lib_a-exit.o)
                              c:/program files (x86)/atmel/studio/7.0/toolchain/arm/arm-gnu-toolchain/bin/../lib/gcc/arm-none-eabi/6.3.1/../../../../arm-none-eabi/lib/thumb/v7e-m/crt0.o (exit)
c:/program files (x86)/atmel/studio/7.0/toolchain/arm/arm-gnu-toolchain/bin/../lib/gcc/arm-none-eabi/6.3.1/../../../../arm-none-eabi/lib/thumb/v7e-m\libc.a(lib_a-impure.o)
                              c:/program files (x86)/atmel/studio/7.0/toolchain/arm/arm-gnu-toolchain/bin/../lib/gcc/arm-none-eabi/6.3.1/../../../../arm-none-eabi/lib/thumb/v7e-m\libc.a(lib_a-exit.o) (_global_impure_ptr)
c:/program files (x86)/atmel/studio/7.0/toolchain/arm/arm-gnu-toolchain/bin/../lib/gcc/arm-none-eabi/6.3.1/../../../../arm-none-eabi/lib/thumb/v7e-m\libc.a(lib_a-init.o)
                              c:/program files (x86)/atmel/studio/7.0/toolchain/arm/arm-gnu-toolchain/bin/../lib/gcc/arm-none-eabi/6.3.1/../../../../arm-none-eabi/lib/thumb/v7e-m/crt0.o (__libc_init_array)
c:/program files (x86)/atmel/studio/7.0/toolchain/arm/arm-gnu-toolchain/bin/../lib/gcc/arm-none-eabi/6.3.1/../../../../arm-none-eabi/lib/thumb/v7e-m\libc.a(lib_a-iprintf.o)
                              src/main.o (iprintf)
c:/program files (x86)/atmel/studio/7.0/toolchain/arm/arm-gnu-toolchain/bin/../lib/gcc/arm-none-eabi/6.3.1/../../../../arm-none-eabi/lib/thumb/v7e-m\libc.a(lib_a-malloc.o)
                              src/ASF/common/components/touch/mxt/mxt_device_1.o (malloc)
c:/program files (x86)/atmel/studio/7.0/toolchain/arm/arm-gnu-toolchain/bin/../lib/gcc/arm-none-eabi/6.3.1/../../../../arm-none-eabi/lib/thumb/v7e-m\libc.a(lib_a-mallocr.o)
                              c:/program files (x86)/atmel/studio/7.0/toolchain/arm/arm-gnu-toolchain/bin/../lib/gcc/arm-none-eabi/6.3.1/../../../../arm-none-eabi/lib/thumb/v7e-m\libc.a(lib_a-malloc.o) (_malloc_r)
c:/program files (x86)/atmel/studio/7.0/toolchain/arm/arm-gnu-toolchain/bin/../lib/gcc/arm-none-eabi/6.3.1/../../../../arm-none-eabi/lib/thumb/v7e-m\libc.a(lib_a-memset.o)
                              c:/program files (x86)/atmel/studio/7.0/toolchain/arm/arm-gnu-toolchain/bin/../lib/gcc/arm-none-eabi/6.3.1/../../../../arm-none-eabi/lib/thumb/v7e-m/crt0.o (memset)
c:/program files (x86)/atmel/studio/7.0/toolchain/arm/arm-gnu-toolchain/bin/../lib/gcc/arm-none-eabi/6.3.1/../../../../arm-none-eabi/lib/thumb/v7e-m\libc.a(lib_a-mlock.o)
                              c:/program files (x86)/atmel/studio/7.0/toolchain/arm/arm-gnu-toolchain/bin/../lib/gcc/arm-none-eabi/6.3.1/../../../../arm-none-eabi/lib/thumb/v7e-m\libc.a(lib_a-mallocr.o) (__malloc_lock)
c:/program files (x86)/atmel/studio/7.0/toolchain/arm/arm-gnu-toolchain/bin/../lib/gcc/arm-none-eabi/6.3.1/../../../../arm-none-eabi/lib/thumb/v7e-m\libc.a(lib_a-sbrkr.o)
                              c:/program files (x86)/atmel/studio/7.0/toolchain/arm/arm-gnu-toolchain/bin/../lib/gcc/arm-none-eabi/6.3.1/../../../../arm-none-eabi/lib/thumb/v7e-m\libc.a(lib_a-mallocr.o) (_sbrk_r)
c:/program files (x86)/atmel/studio/7.0/toolchain/arm/arm-gnu-toolchain/bin/../lib/gcc/arm-none-eabi/6.3.1/../../../../arm-none-eabi/lib/thumb/v7e-m\libc.a(lib_a-setbuf.o)
                              src/main.o (setbuf)
c:/program files (x86)/atmel/studio/7.0/toolchain/arm/arm-gnu-toolchain/bin/../lib/gcc/arm-none-eabi/6.3.1/../../../../arm-none-eabi/lib/thumb/v7e-m\libc.a(lib_a-setvbuf.o)
                              c:/program files (x86)/atmel/studio/7.0/toolchain/arm/arm-gnu-toolchain/bin/../lib/gcc/arm-none-eabi/6.3.1/../../../../arm-none-eabi/lib/thumb/v7e-m\libc.a(lib_a-setbuf.o) (setvbuf)
c:/program files (x86)/atmel/studio/7.0/toolchain/arm/arm-gnu-toolchain/bin/../lib/gcc/arm-none-eabi/6.3.1/../../../../arm-none-eabi/lib/thumb/v7e-m\libc.a(lib_a-sprintf.o)
                              src/main.o (sprintf)
c:/program files (x86)/atmel/studio/7.0/toolchain/arm/arm-gnu-toolchain/bin/../lib/gcc/arm-none-eabi/6.3.1/../../../../arm-none-eabi/lib/thumb/v7e-m\libc.a(lib_a-strcat.o)
                              src/main.o (strcat)
c:/program files (x86)/atmel/studio/7.0/toolchain/arm/arm-gnu-toolchain/bin/../lib/gcc/arm-none-eabi/6.3.1/../../../../arm-none-eabi/lib/thumb/v7e-m\libc.a(lib_a-strcpy.o)
                              c:/program files (x86)/atmel/studio/7.0/toolchain/arm/arm-gnu-toolchain/bin/../lib/gcc/arm-none-eabi/6.3.1/../../../../arm-none-eabi/lib/thumb/v7e-m\libc.a(lib_a-strcat.o) (strcpy)
c:/program files (x86)/atmel/studio/7.0/toolchain/arm/arm-gnu-toolchain/bin/../lib/gcc/arm-none-eabi/6.3.1/../../../../arm-none-eabi/lib/thumb/v7e-m\libc.a(lib_a-strlen.o)
                              src/main.o (strlen)
[...]
Memory Configuration

Name             Origin             Length             Attributes
rom              0x00400000         0x00200000         xr
ram              0x20400000         0x00060000         xrw
*default*        0x00000000         0xffffffff

Linker script and memory map

LOAD c:/program files (x86)/atmel/studio/7.0/toolchain/arm/arm-gnu-toolchain/bin/../lib/gcc/arm-none-eabi/6.3.1/thumb/v7e-m/crti.o
LOAD c:/program files (x86)/atmel/studio/7.0/toolchain/arm/arm-gnu-toolchain/bin/../lib/gcc/arm-none-eabi/6.3.1/thumb/v7e-m/crtbegin.o
LOAD c:/program files (x86)/atmel/studio/7.0/toolchain/arm/arm-gnu-toolchain/bin/../lib/gcc/arm-none-eabi/6.3.1/../../../../arm-none-eabi/lib/thumb/v7e-m/crt0.o
LOAD src/ASF/common/components/touch/mxt/mxt_device_1.o
LOAD src/ASF/common/services/clock/same70/sysclk.o
LOAD src/ASF/common/services/delay/sam/cycle_counter.o
LOAD src/ASF/common/services/serial/usart_serial.o
LOAD src/ASF/common/services/spi/sam_spi/spi_master.o
LOAD src/ASF/common/utils/interrupt/interrupt_sam_nvic.o
LOAD src/ASF/common/utils/stdio/read.o
LOAD src/ASF/common/utils/stdio/write.o
LOAD src/ASF/sam/boards/same70_xplained/init.o
LOAD src/ASF/sam/components/display/ili9488/ili9488.o
LOAD src/ASF/sam/drivers/mpu/mpu.o
LOAD src/ASF/sam/drivers/pio/pio.o
LOAD src/ASF/sam/drivers/pio/pio_handler.o
LOAD src/ASF/sam/drivers/pmc/pmc.o
LOAD src/ASF/sam/drivers/pmc/sleep.o
LOAD src/ASF/sam/drivers/spi/spi.o
LOAD src/ASF/sam/drivers/twihs/twihs.o
LOAD src/ASF/sam/drivers/uart/uart.o
LOAD src/ASF/sam/drivers/usart/usart.o
LOAD src/ASF/sam/utils/cmsis/same70/source/templates/gcc/startup_same70.o
LOAD src/ASF/sam/utils/cmsis/same70/source/templates/system_same70.o
LOAD src/ASF/sam/utils/syscalls/gcc/syscalls.o
LOAD src/main.o
START GROUP
LOAD ../src/ASF/thirdparty/CMSIS/Lib/GCC\libarm_cortexM7lfsp_math_softfp.a
LOAD c:/program files (x86)/atmel/studio/7.0/toolchain/arm/arm-gnu-toolchain/bin/../lib/gcc/arm-none-eabi/6.3.1/../../../../arm-none-eabi/lib/thumb/v7e-m\libm.a
END GROUP
START GROUP
LOAD c:/program files (x86)/atmel/studio/7.0/toolchain/arm/arm-gnu-toolchain/bin/../lib/gcc/arm-none-eabi/6.3.1/thumb/v7e-m\libgcc.a
LOAD c:/program files (x86)/atmel/studio/7.0/toolchain/arm/arm-gnu-toolchain/bin/../lib/gcc/arm-none-eabi/6.3.1/../../../../arm-none-eabi/lib/thumb/v7e-m\libc.a
END GROUP
LOAD c:/program files (x86)/atmel/studio/7.0/toolchain/arm/arm-gnu-toolchain/bin/../lib/gcc/arm-none-eabi/6.3.1/thumb/v7e-m/crtend.o
LOAD c:/program files (x86)/atmel/studio/7.0/toolchain/arm/arm-gnu-toolchain/bin/../lib/gcc/arm-none-eabi/6.3.1/thumb/v7e-m/crtn.o
                0x00002000                STACK_SIZE = DEFINED (STACK_SIZE)?STACK_SIZE:0x2000
                0x2045fffc                __ram_end__ = ((ORIGIN (ram) + LENGTH (ram)) - 0x4)
                0x00000200                HEAP_SIZE = DEFINED (HEAP_SIZE)?HEAP_SIZE:0x200

.text           0x00400000    0x15914
                0x00400000                . = ALIGN (0x4)
                0x00400000                _sfixed = .
 *(.vectors .vectors.*)
 .vectors       0x00400000      0x168 src/ASF/sam/utils/cmsis/same70/source/templates/gcc/startup_same70.o
                0x00400000                exception_table
 *(.text .text.* .gnu.linkonce.t.*)
 .text          0x00400168       0x6c c:/program files (x86)/atmel/studio/7.0/toolchain/arm/arm-gnu-toolchain/bin/../lib/gcc/arm-none-eabi/6.3.1/thumb/v7e-m/crtbegin.o
 .text.mxt_init_device
                0x004001d4      0x298 src/ASF/common/components/touch/mxt/mxt_device_1.o
                0x004001d4                mxt_init_device
 .text.mxt_get_object_address
                0x0040046c       0x40 src/ASF/common/components/touch/mxt/mxt_device_1.o
                0x0040046c                mxt_get_object_address
 .text.mxt_write_config_object
                0x004004ac       0x78 src/ASF/common/components/touch/mxt/mxt_device_1.o
                0x004004ac                mxt_write_config_object
 .text.mxt_write_config_reg
                0x00400524       0x48 src/ASF/common/components/touch/mxt/mxt_device_1.o
                0x00400524                mxt_write_config_reg
 .text.mxt_is_message_pending
                0x0040056c       0x24 src/ASF/common/components/touch/mxt/mxt_device_1.o
                0x0040056c                mxt_is_message_pending
 .text.mxt_read_message
                0x00400590       0x4c src/ASF/common/components/touch/mxt/mxt_device_1.o
                0x00400590                mxt_read_message
 .text.mxt_read_touch_event
                0x004005dc       0x70 src/ASF/common/components/touch/mxt/mxt_device_1.o
                0x004005dc                mxt_read_touch_event
 .text.sysclk_init
                0x0040064c       0x74 src/ASF/common/services/clock/same70/sysclk.o
                0x0040064c                sysclk_init
 .text.usart_serial_write_packet
                0x004006c0       0xd8 src/ASF/common/services/serial/usart_serial.o
                0x004006c0                usart_serial_write_packet
 .text.spi_master_init
                0x00400798       0x54 src/ASF/common/services/spi/sam_spi/spi_master.o
                0x00400798                spi_master_init
 .text.spi_master_setup_device
                0x004007ec       0x80 src/ASF/common/services/spi/sam_spi/spi_master.o
                0x004007ec                spi_master_setup_device
 .text.spi_select_device
                0x0040086c       0x30 src/ASF/common/services/spi/sam_spi/spi_master.o
                0x0040086c                spi_select_device
 .text.spi_write_packet
                0x0040089c       0x36 src/ASF/common/services/spi/sam_spi/spi_master.o
                0x0040089c                spi_write_packet
 .text.spi_read_packet
                0x004008d2       0x54 src/ASF/common/services/spi/sam_spi/spi_master.o
                0x004008d2                spi_read_packet
 *fill*         0x00400926        0x2 
 .text._read    0x00400928       0x3c src/ASF/common/utils/stdio/read.o
                0x00400928                _read
 .text._write   0x00400964       0x50 src/ASF/common/utils/stdio/write.o
                0x00400964                _write
 .text.board_init
                0x004009b4      0x2bc src/ASF/sam/boards/same70_xplained/init.o
                0x004009b4                board_init
 .text.ili9488_check_box_coordinates
                0x00400c70       0x56 src/ASF/sam/components/display/ili9488/ili9488.o
 *fill*         0x00400cc6        0x2 
 .text.ili9488_write_ram_prepare
                0x00400cc8       0x3c src/ASF/sam/components/display/ili9488/ili9488.o
 .text.ili9488_write_register
                0x00400d04       0x74 src/ASF/sam/components/display/ili9488/ili9488.o
 .text.ili9488_write_ram_buffer
                0x00400d78       0x40 src/ASF/sam/components/display/ili9488/ili9488.o
 .text.ili9488_delay
                0x00400db8       0x1c src/ASF/sam/components/display/ili9488/ili9488.o
                0x00400db8                ili9488_delay
 .text.ili9488_set_display_direction
                0x00400dd4       0x2c src/ASF/sam/components/display/ili9488/ili9488.o
                0x00400dd4                ili9488_set_display_direction
 .text.ili9488_set_window
                0x00400e00       0x80 src/ASF/sam/components/display/ili9488/ili9488.o
                0x00400e00                ili9488_set_window
 .text.ili9488_display_on
                0x00400e80       0x14 src/ASF/sam/components/display/ili9488/ili9488.o
                0x00400e80                ili9488_display_on
 .text.ili9488_set_foreground_color
                0x00400e94       0x28 src/ASF/sam/components/display/ili9488/ili9488.o
                0x00400e94                ili9488_set_foreground_color
 .text.ili9488_set_cursor_position
                0x00400ebc       0x64 src/ASF/sam/components/display/ili9488/ili9488.o
                0x00400ebc                ili9488_set_cursor_position
 .text.ili9488_init
                0x00400f20      0x1c4 src/ASF/sam/components/display/ili9488/ili9488.o
                0x00400f20                ili9488_init
 .text.ili9488_draw_filled_rectangle
                0x004010e4       0xbc src/ASF/sam/components/display/ili9488/ili9488.o
                0x004010e4                ili9488_draw_filled_rectangle
 .text.ili9488_draw_pixmap
                0x004011a0       0x78 src/ASF/sam/components/display/ili9488/ili9488.o
                0x004011a0                ili9488_draw_pixmap
 .text.pio_set  0x00401218        0x4 src/ASF/sam/drivers/pio/pio.o
                0x00401218                pio_set
 .text.pio_set_peripheral
                0x0040121c       0x92 src/ASF/sam/drivers/pio/pio.o
                0x0040121c                pio_set_peripheral
 .text.pio_set_input
                0x004012ae       0x36 src/ASF/sam/drivers/pio/pio.o
                0x004012ae                pio_set_input
 .text.pio_set_output
                0x004012e4       0x28 src/ASF/sam/drivers/pio/pio.o
                0x004012e4                pio_set_output
 .text.pio_configure
                0x0040130c       0x90 src/ASF/sam/drivers/pio/pio.o
                0x0040130c                pio_configure
 .text.pio_get_interrupt_status
                0x0040139c        0x4 src/ASF/sam/drivers/pio/pio.o
                0x0040139c                pio_get_interrupt_status
 .text.pio_get_interrupt_mask
                0x004013a0        0x4 src/ASF/sam/drivers/pio/pio.o
                0x004013a0                pio_get_interrupt_mask
 .text.pio_set_pin_high
                0x004013a4       0x1c src/ASF/sam/drivers/pio/pio.o
                0x004013a4                pio_set_pin_high
 .text.pio_set_pin_low
                0x004013c0       0x1c src/ASF/sam/drivers/pio/pio.o
                0x004013c0                pio_set_pin_low
 .text.pio_configure_pin
                0x004013dc      0x130 src/ASF/sam/drivers/pio/pio.o
                0x004013dc                pio_configure_pin
 .text.pio_handler_process
                0x0040150c       0x50 src/ASF/sam/drivers/pio/pio_handler.o
                0x0040150c                pio_handler_process
 .text.PIOA_Handler
                0x0040155c       0x14 src/ASF/sam/drivers/pio/pio_handler.o
                0x0040155c                PIOA_Handler
 .text.PIOB_Handler
                0x00401570       0x14 src/ASF/sam/drivers/pio/pio_handler.o
                0x00401570                PIOB_Handler
 .text.PIOC_Handler
                0x00401584       0x14 src/ASF/sam/drivers/pio/pio_handler.o
                0x00401584                PIOC_Handler
 .text.PIOD_Handler
                0x00401598       0x14 src/ASF/sam/drivers/pio/pio_handler.o
                0x00401598                PIOD_Handler
 .text.PIOE_Handler
                0x004015ac       0x14 src/ASF/sam/drivers/pio/pio_handler.o
                0x004015ac                PIOE_Handler
 .text.pmc_mck_set_division
                0x004015c0       0x38 src/ASF/sam/drivers/pmc/pmc.o
                0x004015c0                pmc_mck_set_division
 .text.pmc_switch_mck_to_pllack
                0x004015f8       0x64 src/ASF/sam/drivers/pmc/pmc.o
                0x004015f8                pmc_switch_mck_to_pllack
 .text.pmc_switch_mainck_to_xtal
                0x0040165c       0x54 src/ASF/sam/drivers/pmc/pmc.o
                0x0040165c                pmc_switch_mainck_to_xtal
 .text.pmc_osc_is_ready_mainck
                0x004016b0       0x10 src/ASF/sam/drivers/pmc/pmc.o
                0x004016b0                pmc_osc_is_ready_mainck
 .text.pmc_disable_pllack
                0x004016c0       0x10 src/ASF/sam/drivers/pmc/pmc.o
                0x004016c0                pmc_disable_pllack
 .text.pmc_is_locked_pllack
                0x004016d0       0x10 src/ASF/sam/drivers/pmc/pmc.o
                0x004016d0                pmc_is_locked_pllack
 .text.pmc_enable_periph_clk
                0x004016e0       0x20 src/ASF/sam/drivers/pmc/pmc.o
                0x004016e0                pmc_enable_periph_clk
 .text.spi_enable_clock
                0x00401700       0x2c src/ASF/sam/drivers/spi/spi.o
                0x00401700                spi_enable_clock
 .text.spi_set_peripheral_chip_select_value
                0x0040172c       0x16 src/ASF/sam/drivers/spi/spi.o
                0x0040172c                spi_set_peripheral_chip_select_value
 .text.spi_set_delay_between_chip_select
                0x00401742       0x12 src/ASF/sam/drivers/spi/spi.o
                0x00401742                spi_set_delay_between_chip_select
 .text.spi_write
                0x00401754       0x34 src/ASF/sam/drivers/spi/spi.o
                0x00401754                spi_write
 .text.spi_set_clock_polarity
                0x00401788       0x1e src/ASF/sam/drivers/spi/spi.o
                0x00401788                spi_set_clock_polarity
 .text.spi_set_clock_phase
                0x004017a6       0x1e src/ASF/sam/drivers/spi/spi.o
                0x004017a6                spi_set_clock_phase
 .text.spi_configure_cs_behavior
                0x004017c4       0x46 src/ASF/sam/drivers/spi/spi.o
                0x004017c4                spi_configure_cs_behavior
 .text.spi_set_bits_per_transfer
                0x0040180a       0x14 src/ASF/sam/drivers/spi/spi.o
                0x0040180a                spi_set_bits_per_transfer
 .text.spi_calc_baudrate_div
                0x0040181e       0x16 src/ASF/sam/drivers/spi/spi.o
                0x0040181e                spi_calc_baudrate_div
 .text.spi_set_baudrate_div
                0x00401834       0x28 src/ASF/sam/drivers/spi/spi.o
                0x00401834                spi_set_baudrate_div
 .text.spi_set_transfer_delay
                0x0040185c       0x1e src/ASF/sam/drivers/spi/spi.o
                0x0040185c                spi_set_transfer_delay
 *fill*         0x0040187a        0x2 
 .text.twihs_set_speed
                0x0040187c       0xb0 src/ASF/sam/drivers/twihs/twihs.o
                0x0040187c                twihs_set_speed
 .text.twihs_master_init
                0x0040192c       0x34 src/ASF/sam/drivers/twihs/twihs.o
                0x0040192c                twihs_master_init
 .text.twihs_master_read
                0x00401960       0xac src/ASF/sam/drivers/twihs/twihs.o
                0x00401960                twihs_master_read
 .text.twihs_master_write
                0x00401a0c       0xa0 src/ASF/sam/drivers/twihs/twihs.o
                0x00401a0c                twihs_master_write
 .text.uart_write
                0x00401aac       0x12 src/ASF/sam/drivers/uart/uart.o
                0x00401aac                uart_write
 .text.uart_read
                0x00401abe       0x14 src/ASF/sam/drivers/uart/uart.o
                0x00401abe                uart_read
 .text.usart_set_async_baudrate
                0x00401ad2       0x5a src/ASF/sam/drivers/usart/usart.o
                0x00401ad2                usart_set_async_baudrate
 .text.usart_reset
                0x00401b2c       0x28 src/ASF/sam/drivers/usart/usart.o
                0x00401b2c                usart_reset
 .text.usart_init_rs232
                0x00401b54       0x54 src/ASF/sam/drivers/usart/usart.o
                0x00401b54                usart_init_rs232
 .text.usart_enable_tx
                0x00401ba8        0x6 src/ASF/sam/drivers/usart/usart.o
                0x00401ba8                usart_enable_tx
 .text.usart_enable_rx
                0x00401bae        0x6 src/ASF/sam/drivers/usart/usart.o
                0x00401bae                usart_enable_rx
 .text.usart_write
                0x00401bb4       0x16 src/ASF/sam/drivers/usart/usart.o
                0x00401bb4                usart_write
 .text.usart_read
                0x00401bca       0x18 src/ASF/sam/drivers/usart/usart.o
                0x00401bca                usart_read
 .text.Dummy_Handler
                0x00401be2        0x2 src/ASF/sam/utils/cmsis/same70/source/templates/gcc/startup_same70.o
                0x00401be2                DACC_Handler
                0x00401be2                DebugMon_Handler
                0x00401be2                UART3_Handler
                0x00401be2                UART2_Handler
                0x00401be2                TRNG_Handler
                0x00401be2                HardFault_Handler
                0x00401be2                TC2_Handler
                0x00401be2                SysTick_Handler
                0x00401be2                AFEC1_Handler
                0x00401be2                PendSV_Handler
                0x00401be2                NMI_Handler
                0x00401be2                TC7_Handler
                0x00401be2                QSPI_Handler
                0x00401be2                ISI_Handler
                0x00401be2                MCAN0_INT0_Handler
                0x00401be2                TC9_Handler
                0x00401be2                RSWDT_Handler
                0x00401be2                USART0_Handler
                0x00401be2                RTT_Handler
                0x00401be2                USBHS_Handler
                0x00401be2                IXC_Handler
                0x00401be2                CCF_Handler
                0x00401be2                RTC_Handler
                0x00401be2                UsageFault_Handler
                0x00401be2                TC6_Handler
                0x00401be2                WDT_Handler
                0x00401be2                MCAN1_INT1_Handler
                0x00401be2                TC4_Handler
                0x00401be2                TC1_Handler
                0x00401be2                HSMCI_Handler
                0x00401be2                UART1_Handler
                0x00401be2                TC3_Handler
                0x00401be2                Dummy_Handler
                0x00401be2                TWIHS1_Handler
                0x00401be2                XDMAC_Handler
                0x00401be2                UART4_Handler
                0x00401be2                PWM1_Handler
                0x00401be2                USART1_Handler
                0x00401be2                PWM0_Handler
                0x00401be2                AFEC0_Handler
                0x00401be2                CCW_Handler
                0x00401be2                SSC_Handler
                0x00401be2                TC11_Handler
                0x00401be2                ACC_Handler
                0x00401be2                PMC_Handler
                0x00401be2                GMAC_Handler
                0x00401be2                MCAN0_INT1_Handler
                0x00401be2                GMAC_Q5_Handler
                0x00401be2                MemManage_Handler
                0x00401be2                SUPC_Handler
                0x00401be2                SVC_Handler
                0x00401be2                TC8_Handler
                0x00401be2                MCAN1_INT0_Handler
                0x00401be2                EFC_Handler
                0x00401be2                GMAC_Q1_Handler
                0x00401be2                USART2_Handler
                0x00401be2                SDRAMC_Handler
                0x00401be2                GMAC_Q2_Handler
                0x00401be2                SPI1_Handler
                0x00401be2                TC10_Handler
                0x00401be2                GMAC_Q3_Handler
                0x00401be2                TWIHS2_Handler
                0x00401be2                I2SC0_Handler
                0x00401be2                UART0_Handler
                0x00401be2                I2SC1_Handler
                0x00401be2                GMAC_Q4_Handler
                0x00401be2                FPU_Handler
                0x00401be2                BusFault_Handler
                0x00401be2                RSTC_Handler
                0x00401be2                TC0_Handler
                0x00401be2                TC5_Handler
                0x00401be2                ICM_Handler
                0x00401be2                AES_Handler
                0x00401be2                TWIHS0_Handler
                0x00401be2                SPI0_Handler
 .text.Reset_Handler
                0x00401be4       0xc8 src/ASF/sam/utils/cmsis/same70/source/templates/gcc/startup_same70.o
                0x00401be4                Reset_Handler
 .text.SystemCoreClockUpdate
                0x00401cac      0x10c src/ASF/sam/utils/cmsis/same70/source/templates/system_same70.o
                0x00401cac                SystemCoreClockUpdate
 .text.system_init_flash
                0x00401db8       0x8c src/ASF/sam/utils/cmsis/same70/source/templates/system_same70.o
                0x00401db8                system_init_flash
 .text._sbrk    0x00401e44       0x38 src/ASF/sam/utils/syscalls/gcc/syscalls.o
                0x00401e44                _sbrk
 .text._close   0x00401e7c        0x6 src/ASF/sam/utils/syscalls/gcc/syscalls.o
                0x00401e7c                _close
 .text._fstat   0x00401e82        0xa src/ASF/sam/utils/syscalls/gcc/syscalls.o
                0x00401e82                _fstat
 .text._isatty  0x00401e8c        0x4 src/ASF/sam/utils/syscalls/gcc/syscalls.o
                0x00401e8c                _isatty
 .text._lseek   0x00401e90        0x4 src/ASF/sam/utils/syscalls/gcc/syscalls.o
                0x00401e90                _lseek
 .text.callback_lock
                0x00401e94        0xa src/main.o
                0x00401e94                callback_lock
 *fill*         0x00401e9e        0x2 
 .text.usart_serial_getchar
                0x00401ea0       0xdc src/main.o
 .text.usart_serial_putchar
                0x00401f7c       0xd4 src/main.o
 .text.draw_screen
                0x00402050       0x28 src/main.o
                0x00402050                draw_screen
 .text.draw_button
                0x00402078       0x60 src/main.o
                0x00402078                draw_button
 .text.draw_icon_button
                0x004020d8       0x4c src/main.o
                0x004020d8                draw_icon_button
 .text.draw_buttons
                0x00402124       0x3c src/main.o
                0x00402124                draw_buttons
 .text.mxt_handler
                0x00402160       0xcc src/main.o
                0x00402160                mxt_handler
 .text.isPressed
                0x0040222c       0x56 src/main.o
                0x0040222c                isPressed
 *fill*         0x00402282        0x2 
 .text.touch_buttons
                0x00402284       0x48 src/main.o
                0x00402284                touch_buttons
 .text.main     0x004022cc      0x2c0 src/main.o
                0x004022cc                main
 .text.__libc_init_array
                0x0040258c       0x50 c:/program files (x86)/atmel/studio/7.0/toolchain/arm/arm-gnu-toolchain/bin/../lib/gcc/arm-none-eabi/6.3.1/../../../../arm-none-eabi/lib/thumb/v7e-m\libc.a(lib_a-init.o)
                0x0040258c                __libc_init_array
 .text.iprintf  0x004025dc       0x28 c:/program files (x86)/atmel/studio/7.0/toolchain/arm/arm-gnu-toolchain/bin/../lib/gcc/arm-none-eabi/6.3.1/../../../../arm-none-eabi/lib/thumb/v7e-m\libc.a(lib_a-iprintf.o)
                0x004025dc                iprintf
 .text.malloc   0x00402604       0x10 c:/program files (x86)/atmel/studio/7.0/toolchain/arm/arm-gnu-toolchain/bin/../lib/gcc/arm-none-eabi/6.3.1/../../../../arm-none-eabi/lib/thumb/v7e-m\libc.a(lib_a-malloc.o)
                0x00402604                malloc
 .text._malloc_r
                0x00402614      0x560 c:/program files (x86)/atmel/studio/7.0/toolchain/arm/arm-gnu-toolchain/bin/../lib/gcc/arm-none-eabi/6.3.1/../../../../arm-none-eabi/lib/thumb/v7e-m\libc.a(lib_a-mallocr.o)
                0x00402614                _malloc_r
 .text.memset   0x00402b74       0x9c c:/program files (x86)/atmel/studio/7.0/toolchain/arm/arm-gnu-toolchain/bin/../lib/gcc/arm-none-eabi/6.3.1/../../../../arm-none-eabi/lib/thumb/v7e-m\libc.a(lib_a-memset.o)
                0x00402b74                memset
 .text.__malloc_lock
                0x00402c10        0xc c:/program files (x86)/atmel/studio/7.0/toolchain/arm/arm-gnu-toolchain/bin/../lib/gcc/arm-none-eabi/6.3.1/../../../../arm-none-eabi/lib/thumb/v7e-m\libc.a(lib_a-mlock.o)
                0x00402c10                __malloc_lock
 .text.__malloc_unlock
                0x00402c1c        0xc c:/program files (x86)/atmel/studio/7.0/toolchain/arm/arm-gnu-toolchain/bin/../lib/gcc/arm-none-eabi/6.3.1/../../../../arm-none-eabi/lib/thumb/v7e-m\libc.a(lib_a-mlock.o)
                0x00402c1c                __malloc_unlock
 .text._sbrk_r  0x00402c28       0x24 c:/program files (x86)/atmel/studio/7.0/toolchain/arm/arm-gnu-toolchain/bin/../lib/gcc/arm-none-eabi/6.3.1/../../../../arm-none-eabi/lib/thumb/v7e-m\libc.a(lib_a-sbrkr.o)
                0x00402c28                _sbrk_r
 .text.setbuf   0x00402c4c       0x10 c:/program files (x86)/atmel/studio/7.0/toolchain/arm/arm-gnu-toolchain/bin/../lib/gcc/arm-none-eabi/6.3.1/../../../../arm-none-eabi/lib/thumb/v7e-m\libc.a(lib_a-setbuf.o)
                0x00402c4c                setbuf
 .text.setvbuf  0x00402c5c      0x190 c:/program files (x86)/atmel/studio/7.0/toolchain/arm/arm-gnu-toolchain/bin/../lib/gcc/arm-none-eabi/6.3.1/../../../../arm-none-eabi/lib/thumb/v7e-m\libc.a(lib_a-setvbuf.o)
                0x00402c5c                setvbuf
 .text.sprintf  0x00402dec       0x4c c:/program files (x86)/atmel/studio/7.0/toolchain/arm/arm-gnu-toolchain/bin/../lib/gcc/arm-none-eabi/6.3.1/../../../../arm-none-eabi/lib/thumb/v7e-m\libc.a(lib_a-sprintf.o)
                0x00402dec                sprintf
 .text.strcat   0x00402e38       0x40 c:/program files (x86)/atmel/studio/7.0/toolchain/arm/arm-gnu-toolchain/bin/../lib/gcc/arm-none-eabi/6.3.1/../../../../arm-none-eabi/lib/thumb/v7e-m\libc.a(lib_a-strcat.o)
                0x00402e38                strcat
 .text.strcpy   0x00402e78       0xbc c:/program files (x86)/atmel/studio/7.0/toolchain/arm/arm-gnu-toolchain/bin/../lib/gcc/arm-none-eabi/6.3.1/../../../../arm-none-eabi/lib/thumb/v7e-m\libc.a(lib_a-strcpy.o)
                0x00402e78                strcpy
 *fill*         0x00402f34        0xc 
 .text          0x00402f40       0xdc c:/program files (x86)/atmel/studio/7.0/toolchain/arm/arm-gnu-toolchain/bin/../lib/gcc/arm-none-eabi/6.3.1/../../../../arm-none-eabi/lib/thumb/v7e-m\libc.a(lib_a-strlen.o)
                0x00402f40                strlen
 .text._svfprintf_r
                0x0040301c     0x145c c:/program files (x86)/atmel/studio/7.0/toolchain/arm/arm-gnu-toolchain/bin/../lib/gcc/arm-none-eabi/6.3.1/../../../../arm-none-eabi/lib/thumb/v7e-m\libc.a(lib_a-svfprintf.o)
                0x0040301c                _svfprintf_r
 .text.__sprint_r.part.0
                0x00404478       0x80 c:/program files (x86)/atmel/studio/7.0/toolchain/arm/arm-gnu-toolchain/bin/../lib/gcc/arm-none-eabi/6.3.1/../../../../arm-none-eabi/lib/thumb/v7e-m\libc.a(lib_a-vfiprintf.o)
 .text._vfiprintf_r
                0x004044f8      0xc90 c:/program files (x86)/atmel/studio/7.0/toolchain/arm/arm-gnu-toolchain/bin/../lib/gcc/arm-none-eabi/6.3.1/../../../../arm-none-eabi/lib/thumb/v7e-m\libc.a(lib_a-vfiprintf.o)
                0x004044f8                _vfiprintf_r
 .text.__sbprintf
                0x00405188       0x84 c:/program files (x86)/atmel/studio/7.0/toolchain/arm/arm-gnu-toolchain/bin/../lib/gcc/arm-none-eabi/6.3.1/../../../../arm-none-eabi/lib/thumb/v7e-m\libc.a(lib_a-vfiprintf.o)
 .text.__swsetup_r
                0x0040520c       0xc8 c:/program files (x86)/atmel/studio/7.0/toolchain/arm/arm-gnu-toolchain/bin/../lib/gcc/arm-none-eabi/6.3.1/../../../../arm-none-eabi/lib/thumb/v7e-m\libc.a(lib_a-wsetup.o)
                0x0040520c                __swsetup_r
 .text.startup.register_fini
                0x004052d4       0x14 c:/program files (x86)/atmel/studio/7.0/toolchain/arm/arm-gnu-toolchain/bin/../lib/gcc/arm-none-eabi/6.3.1/../../../../arm-none-eabi/lib/thumb/v7e-m\libc.a(lib_a-__call_atexit.o)
 .text.atexit   0x004052e8        0xc c:/program files (x86)/atmel/studio/7.0/toolchain/arm/arm-gnu-toolchain/bin/../lib/gcc/arm-none-eabi/6.3.1/../../../../arm-none-eabi/lib/thumb/v7e-m\libc.a(lib_a-atexit.o)
                0x004052e8                atexit
 .text.quorem   0x004052f4      0x128 c:/program files (x86)/atmel/studio/7.0/toolchain/arm/arm-gnu-toolchain/bin/../lib/gcc/arm-none-eabi/6.3.1/../../../../arm-none-eabi/lib/thumb/v7e-m\libc.a(lib_a-dtoa.o)
 *fill*         0x0040541c        0x4 
 .text._dtoa_r  0x00405420      0xe54 c:/program files (x86)/atmel/studio/7.0/toolchain/arm/arm-gnu-toolchain/bin/../lib/gcc/arm-none-eabi/6.3.1/../../../../arm-none-eabi/lib/thumb/v7e-m\libc.a(lib_a-dtoa.o)
                0x00405420                _dtoa_r
 .text.__sflush_r
                0x00406274      0x140 c:/program files (x86)/atmel/studio/7.0/toolchain/arm/arm-gnu-toolchain/bin/../lib/gcc/arm-none-eabi/6.3.1/../../../../arm-none-eabi/lib/thumb/v7e-m\libc.a(lib_a-fflush.o)
                0x00406274                __sflush_r
 .text._fflush_r
                0x004063b4       0x54 c:/program files (x86)/atmel/studio/7.0/toolchain/arm/arm-gnu-toolchain/bin/../lib/gcc/arm-none-eabi/6.3.1/../../../../arm-none-eabi/lib/thumb/v7e-m\libc.a(lib_a-fflush.o)
                0x004063b4                _fflush_r
 .text._cleanup_r
                0x00406408        0xc c:/program files (x86)/atmel/studio/7.0/toolchain/arm/arm-gnu-toolchain/bin/../lib/gcc/arm-none-eabi/6.3.1/../../../../arm-none-eabi/lib/thumb/v7e-m\libc.a(lib_a-findfp.o)
                0x00406408                _cleanup_r
 .text.std.isra.0
                0x00406414       0x50 c:/program files (x86)/atmel/studio/7.0/toolchain/arm/arm-gnu-toolchain/bin/../lib/gcc/arm-none-eabi/6.3.1/../../../../arm-none-eabi/lib/thumb/v7e-m\libc.a(lib_a-findfp.o)
 .text.__sinit  0x00406464       0x58 c:/program files (x86)/atmel/studio/7.0/toolchain/arm/arm-gnu-toolchain/bin/../lib/gcc/arm-none-eabi/6.3.1/../../../../arm-none-eabi/lib/thumb/v7e-m\libc.a(lib_a-findfp.o)
                0x00406464                __sinit
 .text.__sfp_lock_acquire
                0x004064bc        0xc c:/program files (x86)/atmel/studio/7.0/toolchain/arm/arm-gnu-toolchain/bin/../lib/gcc/arm-none-eabi/6.3.1/../../../../arm-none-eabi/lib/thumb/v7e-m\libc.a(lib_a-findfp.o)
                0x004064bc                __sfp_lock_acquire
 .text.__sfp_lock_release
                0x004064c8        0xc c:/program files (x86)/atmel/studio/7.0/toolchain/arm/arm-gnu-toolchain/bin/../lib/gcc/arm-none-eabi/6.3.1/../../../../arm-none-eabi/lib/thumb/v7e-m\libc.a(lib_a-findfp.o)
                0x004064c8                __sfp_lock_release
 .text.__libc_fini_array
                0x004064d4       0x34 c:/program files (x86)/atmel/studio/7.0/toolchain/arm/arm-gnu-toolchain/bin/../lib/gcc/arm-none-eabi/6.3.1/../../../../arm-none-eabi/lib/thumb/v7e-m\libc.a(lib_a-fini.o)
                0x004064d4                __libc_fini_array
 .text.__fputwc
                0x00406508       0xa0 c:/program files (x86)/atmel/studio/7.0/toolchain/arm/arm-gnu-toolchain/bin/../lib/gcc/arm-none-eabi/6.3.1/../../../../arm-none-eabi/lib/thumb/v7e-m\libc.a(lib_a-fputwc.o)
                0x00406508                __fputwc
 .text._fputwc_r
                0x004065a8       0x68 c:/program files (x86)/atmel/studio/7.0/toolchain/arm/arm-gnu-toolchain/bin/../lib/gcc/arm-none-eabi/6.3.1/../../../../arm-none-eabi/lib/thumb/v7e-m\libc.a(lib_a-fputwc.o)
                0x004065a8                _fputwc_r
 .text._malloc_trim_r
                0x00406610       0xa0 c:/program files (x86)/atmel/studio/7.0/toolchain/arm/arm-gnu-toolchain/bin/../lib/gcc/arm-none-eabi/6.3.1/../../../../arm-none-eabi/lib/thumb/v7e-m\libc.a(lib_a-freer.o)
                0x00406610                _malloc_trim_r
 .text._free_r  0x004066b0      0x1cc c:/program files (x86)/atmel/studio/7.0/toolchain/arm/arm-gnu-toolchain/bin/../lib/gcc/arm-none-eabi/6.3.1/../../../../arm-none-eabi/lib/thumb/v7e-m\libc.a(lib_a-freer.o)
                0x004066b0                _free_r
 .text.__sfvwrite_r
                0x0040687c      0x2f0 c:/program files (x86)/atmel/studio/7.0/toolchain/arm/arm-gnu-toolchain/bin/../lib/gcc/arm-none-eabi/6.3.1/../../../../arm-none-eabi/lib/thumb/v7e-m\libc.a(lib_a-fvwrite.o)
                0x0040687c                __sfvwrite_r
 .text._fwalk_reent
                0x00406b6c       0x54 c:/program files (x86)/atmel/studio/7.0/toolchain/arm/arm-gnu-toolchain/bin/../lib/gcc/arm-none-eabi/6.3.1/../../../../arm-none-eabi/lib/thumb/v7e-m\libc.a(lib_a-fwalk.o)
                0x00406b6c                _fwalk_reent
 .text.__locale_mb_cur_max
                0x00406bc0       0x1c c:/program files (x86)/atmel/studio/7.0/toolchain/arm/arm-gnu-toolchain/bin/../lib/gcc/arm-none-eabi/6.3.1/../../../../arm-none-eabi/lib/thumb/v7e-m\libc.a(lib_a-locale.o)
                0x00406bc0                __locale_mb_cur_max
 .text._localeconv_r
                0x00406bdc       0x1c c:/program files (x86)/atmel/studio/7.0/toolchain/arm/arm-gnu-toolchain/bin/../lib/gcc/arm-none-eabi/6.3.1/../../../../arm-none-eabi/lib/thumb/v7e-m\libc.a(lib_a-localeconv.o)
                0x00406bdc                _localeconv_r
 .text.__retarget_lock_init_recursive
                0x00406bf8        0x4 c:/program files (x86)/atmel/studio/7.0/toolchain/arm/arm-gnu-toolchain/bin/../lib/gcc/arm-none-eabi/6.3.1/../../../../arm-none-eabi/lib/thumb/v7e-m\libc.a(lib_a-lock.o)
                0x00406bf8                __retarget_lock_init_recursive
 .text.__retarget_lock_close_recursive
                0x00406bfc        0x4 c:/program files (x86)/atmel/studio/7.0/toolchain/arm/arm-gnu-toolchain/bin/../lib/gcc/arm-none-eabi/6.3.1/../../../../arm-none-eabi/lib/thumb/v7e-m\libc.a(lib_a-lock.o)
                0x00406bfc                __retarget_lock_close_recursive
 .text.__retarget_lock_acquire_recursive
                0x00406c00        0x4 c:/program files (x86)/atmel/studio/7.0/toolchain/arm/arm-gnu-toolchain/bin/../lib/gcc/arm-none-eabi/6.3.1/../../../../arm-none-eabi/lib/thumb/v7e-m\libc.a(lib_a-lock.o)
                0x00406c00                __retarget_lock_acquire_recursive
 .text.__retarget_lock_release_recursive
                0x00406c04        0x4 c:/program files (x86)/atmel/studio/7.0/toolchain/arm/arm-gnu-toolchain/bin/../lib/gcc/arm-none-eabi/6.3.1/../../../../arm-none-eabi/lib/thumb/v7e-m\libc.a(lib_a-lock.o)
                0x00406c04                __retarget_lock_release_recursive
 .text.__swhatbuf_r
                0x00406c08       0x5c c:/program files (x86)/atmel/studio/7.0/toolchain/arm/arm-gnu-toolchain/bin/../lib/gcc/arm-none-eabi/6.3.1/../../../../arm-none-eabi/lib/thumb/v7e-m\libc.a(lib_a-makebuf.o)
                0x00406c08                __swhatbuf_r
 .text.__smakebuf_r
                0x00406c64       0x94 c:/program files (x86)/atmel/studio/7.0/toolchain/arm/arm-gnu-toolchain/bin/../lib/gcc/arm-none-eabi/6.3.1/../../../../arm-none-eabi/lib/thumb/v7e-m\libc.a(lib_a-makebuf.o)
                0x00406c64                __smakebuf_r
 .text.__ascii_mbtowc
                0x00406cf8       0x2c c:/program files (x86)/atmel/studio/7.0/toolchain/arm/arm-gnu-toolchain/bin/../lib/gcc/arm-none-eabi/6.3.1/../../../../arm-none-eabi/lib/thumb/v7e-m\libc.a(lib_a-mbtowc_r.o)
                0x00406cf8                __ascii_mbtowc
 *fill*         0x00406d24        0xc 
 .text          0x00406d30       0xa0 c:/program files (x86)/atmel/studio/7.0/toolchain/arm/arm-gnu-toolchain/bin/../lib/gcc/arm-none-eabi/6.3.1/../../../../arm-none-eabi/lib/thumb/v7e-m\libc.a(lib_a-memchr.o)
                0x00406d30                memchr
 .text          0x00406dd0      0x134 c:/program files (x86)/atmel/studio/7.0/toolchain/arm/arm-gnu-toolchain/bin/../lib/gcc/arm-none-eabi/6.3.1/../../../../arm-none-eabi/lib/thumb/v7e-m\libc.a(lib_a-memcpy.o)
                0x00406dd0                memcpy
 .text.memmove  0x00406f04       0xc8 c:/program files (x86)/atmel/studio/7.0/toolchain/arm/arm-gnu-toolchain/bin/../lib/gcc/arm-none-eabi/6.3.1/../../../../arm-none-eabi/lib/thumb/v7e-m\libc.a(lib_a-memmove.o)
                0x00406f04                memmove
 .text._Balloc  0x00406fcc       0x4c c:/program files (x86)/atmel/studio/7.0/toolchain/arm/arm-gnu-toolchain/bin/../lib/gcc/arm-none-eabi/6.3.1/../../../../arm-none-eabi/lib/thumb/v7e-m\libc.a(lib_a-mprec.o)
                0x00406fcc                _Balloc
 .text._Bfree   0x00407018       0x14 c:/program files (x86)/atmel/studio/7.0/toolchain/arm/arm-gnu-toolchain/bin/../lib/gcc/arm-none-eabi/6.3.1/../../../../arm-none-eabi/lib/thumb/v7e-m\libc.a(lib_a-mprec.o)
                0x00407018                _Bfree
 .text.__multadd
                0x0040702c       0x80 c:/program files (x86)/atmel/studio/7.0/toolchain/arm/arm-gnu-toolchain/bin/../lib/gcc/arm-none-eabi/6.3.1/../../../../arm-none-eabi/lib/thumb/v7e-m\libc.a(lib_a-mprec.o)
                0x0040702c                __multadd
 .text.__hi0bits
                0x004070ac       0x40 c:/program files (x86)/atmel/studio/7.0/toolchain/arm/arm-gnu-toolchain/bin/../lib/gcc/arm-none-eabi/6.3.1/../../../../arm-none-eabi/lib/thumb/v7e-m\libc.a(lib_a-mprec.o)
                0x004070ac                __hi0bits
 .text.__lo0bits
                0x004070ec       0x60 c:/program files (x86)/atmel/studio/7.0/toolchain/arm/arm-gnu-toolchain/bin/../lib/gcc/arm-none-eabi/6.3.1/../../../../arm-none-eabi/lib/thumb/v7e-m\libc.a(lib_a-mprec.o)
                0x004070ec                __lo0bits
 .text.__i2b    0x0040714c       0x14 c:/program files (x86)/atmel/studio/7.0/toolchain/arm/arm-gnu-toolchain/bin/../lib/gcc/arm-none-eabi/6.3.1/../../../../arm-none-eabi/lib/thumb/v7e-m\libc.a(lib_a-mprec.o)
                0x0040714c                __i2b
 .text.__multiply
                0x00407160      0x124 c:/program files (x86)/atmel/studio/7.0/toolchain/arm/arm-gnu-toolchain/bin/../lib/gcc/arm-none-eabi/6.3.1/../../../../arm-none-eabi/lib/thumb/v7e-m\libc.a(lib_a-mprec.o)
                0x00407160                __multiply
 .text.__pow5mult
                0x00407284       0xa0 c:/program files (x86)/atmel/studio/7.0/toolchain/arm/arm-gnu-toolchain/bin/../lib/gcc/arm-none-eabi/6.3.1/../../../../arm-none-eabi/lib/thumb/v7e-m\libc.a(lib_a-mprec.o)
                0x00407284                __pow5mult
 .text.__lshift
                0x00407324       0xa4 c:/program files (x86)/atmel/studio/7.0/toolchain/arm/arm-gnu-toolchain/bin/../lib/gcc/arm-none-eabi/6.3.1/../../../../arm-none-eabi/lib/thumb/v7e-m\libc.a(lib_a-mprec.o)
                0x00407324                __lshift
 .text.__mcmp   0x004073c8       0x38 c:/program files (x86)/atmel/studio/7.0/toolchain/arm/arm-gnu-toolchain/bin/../lib/gcc/arm-none-eabi/6.3.1/../../../../arm-none-eabi/lib/thumb/v7e-m\libc.a(lib_a-mprec.o)
                0x004073c8                __mcmp
 .text.__mdiff  0x00407400      0x108 c:/program files (x86)/atmel/studio/7.0/toolchain/arm/arm-gnu-toolchain/bin/../lib/gcc/arm-none-eabi/6.3.1/../../../../arm-none-eabi/lib/thumb/v7e-m\libc.a(lib_a-mprec.o)
                0x00407400                __mdiff
 .text.__d2b    0x00407508       0xb8 c:/program files (x86)/atmel/studio/7.0/toolchain/arm/arm-gnu-toolchain/bin/../lib/gcc/arm-none-eabi/6.3.1/../../../../arm-none-eabi/lib/thumb/v7e-m\libc.a(lib_a-mprec.o)
                0x00407508                __d2b
 .text._realloc_r
                0x004075c0      0x34c c:/program files (x86)/atmel/studio/7.0/toolchain/arm/arm-gnu-toolchain/bin/../lib/gcc/arm-none-eabi/6.3.1/../../../../arm-none-eabi/lib/thumb/v7e-m\libc.a(lib_a-reallocr.o)
                0x004075c0                _realloc_r
 .text.__sread  0x0040790c       0x24 c:/program files (x86)/atmel/studio/7.0/toolchain/arm/arm-gnu-toolchain/bin/../lib/gcc/arm-none-eabi/6.3.1/../../../../arm-none-eabi/lib/thumb/v7e-m\libc.a(lib_a-stdio.o)
                0x0040790c                __sread
 .text.__swrite
                0x00407930       0x3c c:/program files (x86)/atmel/studio/7.0/toolchain/arm/arm-gnu-toolchain/bin/../lib/gcc/arm-none-eabi/6.3.1/../../../../arm-none-eabi/lib/thumb/v7e-m\libc.a(lib_a-stdio.o)
                0x00407930                __swrite
 .text.__sseek  0x0040796c       0x20 c:/program files (x86)/atmel/studio/7.0/toolchain/arm/arm-gnu-toolchain/bin/../lib/gcc/arm-none-eabi/6.3.1/../../../../arm-none-eabi/lib/thumb/v7e-m\libc.a(lib_a-stdio.o)
                0x0040796c                __sseek
 .text.__sclose
                0x0040798c        0x8 c:/program files (x86)/atmel/studio/7.0/toolchain/arm/arm-gnu-toolchain/bin/../lib/gcc/arm-none-eabi/6.3.1/../../../../arm-none-eabi/lib/thumb/v7e-m\libc.a(lib_a-stdio.o)
                0x0040798c                __sclose
 .text.__ssprint_r
                0x00407994       0xfc c:/program files (x86)/atmel/studio/7.0/toolchain/arm/arm-gnu-toolchain/bin/../lib/gcc/arm-none-eabi/6.3.1/../../../../arm-none-eabi/lib/thumb/v7e-m\libc.a(lib_a-svfiprintf.o)
                0x00407994                __ssprint_r
 .text.__swbuf_r
                0x00407a90       0xb0 c:/program files (x86)/atmel/studio/7.0/toolchain/arm/arm-gnu-toolchain/bin/../lib/gcc/arm-none-eabi/6.3.1/../../../../arm-none-eabi/lib/thumb/v7e-m\libc.a(lib_a-wbuf.o)
                0x00407a90                __swbuf_r
 .text._wcrtomb_r
                0x00407b40       0x54 c:/program files (x86)/atmel/studio/7.0/toolchain/arm/arm-gnu-toolchain/bin/../lib/gcc/arm-none-eabi/6.3.1/../../../../arm-none-eabi/lib/thumb/v7e-m\libc.a(lib_a-wcrtomb.o)
                0x00407b40                _wcrtomb_r
 .text.__ascii_wctomb
                0x00407b94       0x1c c:/program files (x86)/atmel/studio/7.0/toolchain/arm/arm-gnu-toolchain/bin/../lib/gcc/arm-none-eabi/6.3.1/../../../../arm-none-eabi/lib/thumb/v7e-m\libc.a(lib_a-wctomb_r.o)
                0x00407b94                __ascii_wctomb
 .text._write_r
                0x00407bb0       0x2c c:/program files (x86)/atmel/studio/7.0/toolchain/arm/arm-gnu-toolchain/bin/../lib/gcc/arm-none-eabi/6.3.1/../../../../arm-none-eabi/lib/thumb/v7e-m\libc.a(lib_a-writer.o)
                0x00407bb0                _write_r
 .text.__register_exitproc
                0x00407bdc       0xc4 c:/program files (x86)/atmel/studio/7.0/toolchain/arm/arm-gnu-toolchain/bin/../lib/gcc/arm-none-eabi/6.3.1/../../../../arm-none-eabi/lib/thumb/v7e-m\libc.a(lib_a-__atexit.o)
                0x00407bdc                __register_exitproc
 .text._calloc_r
                0x00407ca0       0x60 c:/program files (x86)/atmel/studio/7.0/toolchain/arm/arm-gnu-toolchain/bin/../lib/gcc/arm-none-eabi/6.3.1/../../../../arm-none-eabi/lib/thumb/v7e-m\libc.a(lib_a-callocr.o)
                0x00407ca0                _calloc_r
 .text._close_r
                0x00407d00       0x24 c:/program files (x86)/atmel/studio/7.0/toolchain/arm/arm-gnu-toolchain/bin/../lib/gcc/arm-none-eabi/6.3.1/../../../../arm-none-eabi/lib/thumb/v7e-m\libc.a(lib_a-closer.o)
                0x00407d00                _close_r
 .text._fclose_r
                0x00407d24       0xc4 c:/program files (x86)/atmel/studio/7.0/toolchain/arm/arm-gnu-toolchain/bin/../lib/gcc/arm-none-eabi/6.3.1/../../../../arm-none-eabi/lib/thumb/v7e-m\libc.a(lib_a-fclose.o)
                0x00407d24                _fclose_r
 .text._fstat_r
                0x00407de8       0x28 c:/program files (x86)/atmel/studio/7.0/toolchain/arm/arm-gnu-toolchain/bin/../lib/gcc/arm-none-eabi/6.3.1/../../../../arm-none-eabi/lib/thumb/v7e-m\libc.a(lib_a-fstatr.o)
                0x00407de8                _fstat_r
 .text._isatty_r
                0x00407e10       0x24 c:/program files (x86)/atmel/studio/7.0/toolchain/arm/arm-gnu-toolchain/bin/../lib/gcc/arm-none-eabi/6.3.1/../../../../arm-none-eabi/lib/thumb/v7e-m\libc.a(lib_a-isattyr.o)
                0x00407e10                _isatty_r
 .text._lseek_r
                0x00407e34       0x2c c:/program files (x86)/atmel/studio/7.0/toolchain/arm/arm-gnu-toolchain/bin/../lib/gcc/arm-none-eabi/6.3.1/../../../../arm-none-eabi/lib/thumb/v7e-m\libc.a(lib_a-lseekr.o)
                0x00407e34                _lseek_r
 .text._read_r  0x00407e60       0x2c c:/program files (x86)/atmel/studio/7.0/toolchain/arm/arm-gnu-toolchain/bin/../lib/gcc/arm-none-eabi/6.3.1/../../../../arm-none-eabi/lib/thumb/v7e-m\libc.a(lib_a-readr.o)
                0x00407e60                _read_r
 .text          0x00407e8c      0x370 c:/program files (x86)/atmel/studio/7.0/toolchain/arm/arm-gnu-toolchain/bin/../lib/gcc/arm-none-eabi/6.3.1/thumb/v7e-m\libgcc.a(_arm_addsubdf3.o)
                0x00407e8c                __aeabi_drsub
                0x00407e94                __aeabi_dsub
                0x00407e94                __subdf3
                0x00407e98                __aeabi_dadd
                0x00407e98                __adddf3
                0x00408110                __floatunsidf
                0x00408110                __aeabi_ui2d
                0x00408130                __floatsidf
                0x00408130                __aeabi_i2d
                0x00408154                __aeabi_f2d
                0x00408154                __extendsfdf2
                0x00408190                __floatundidf
                0x00408190                __aeabi_ul2d
                0x004081a0                __floatdidf
                0x004081a0                __aeabi_l2d
 .text          0x004081fc      0x424 c:/program files (x86)/atmel/studio/7.0/toolchain/arm/arm-gnu-toolchain/bin/../lib/gcc/arm-none-eabi/6.3.1/thumb/v7e-m\libgcc.a(_arm_muldivdf3.o)
                0x004081fc                __aeabi_dmul
                0x004081fc                __muldf3
                0x00408450                __divdf3
                0x00408450                __aeabi_ddiv
 .text          0x00408620      0x110 c:/program files (x86)/atmel/studio/7.0/toolchain/arm/arm-gnu-toolchain/bin/../lib/gcc/arm-none-eabi/6.3.1/thumb/v7e-m\libgcc.a(_arm_cmpdf2.o)
                0x00408620                __gtdf2
                0x00408620                __gedf2
                0x00408628                __ltdf2
                0x00408628                __ledf2
                0x00408630                __nedf2
                0x00408630                __eqdf2
                0x00408630                __cmpdf2
                0x004086ac                __aeabi_cdrcmple
                0x004086bc                __aeabi_cdcmpeq
                0x004086bc                __aeabi_cdcmple
                0x004086cc                __aeabi_dcmpeq
                0x004086e0                __aeabi_dcmplt
                0x004086f4                __aeabi_dcmple
                0x00408708                __aeabi_dcmpge
                0x0040871c                __aeabi_dcmpgt
 .text          0x00408730       0x2c c:/program files (x86)/atmel/studio/7.0/toolchain/arm/arm-gnu-toolchain/bin/../lib/gcc/arm-none-eabi/6.3.1/thumb/v7e-m\libgcc.a(_arm_unorddf2.o)
                0x00408730                __unorddf2
                0x00408730                __aeabi_dcmpun
 .text          0x0040875c       0x50 c:/program files (x86)/atmel/studio/7.0/toolchain/arm/arm-gnu-toolchain/bin/../lib/gcc/arm-none-eabi/6.3.1/thumb/v7e-m\libgcc.a(_arm_fixdfsi.o)
                0x0040875c                __aeabi_d2iz
                0x0040875c                __fixdfsi
 .text          0x004087ac       0x30 c:/program files (x86)/atmel/studio/7.0/toolchain/arm/arm-gnu-toolchain/bin/../lib/gcc/arm-none-eabi/6.3.1/thumb/v7e-m\libgcc.a(_aeabi_uldivmod.o)
                0x004087ac                __aeabi_uldivmod
 .text          0x004087dc      0x2dc c:/program files (x86)/atmel/studio/7.0/toolchain/arm/arm-gnu-toolchain/bin/../lib/gcc/arm-none-eabi/6.3.1/thumb/v7e-m\libgcc.a(_udivmoddi4.o)
                0x004087dc                __udivmoddi4
 .text          0x00408ab8        0x4 c:/program files (x86)/atmel/studio/7.0/toolchain/arm/arm-gnu-toolchain/bin/../lib/gcc/arm-none-eabi/6.3.1/thumb/v7e-m\libgcc.a(_dvmd_tls.o)
                0x00408ab8                __aeabi_idiv0
                0x00408ab8                __aeabi_ldiv0
 *(.glue_7t)
 .glue_7t       0x00408abc        0x0 linker stubs
 *(.glue_7)
 .glue_7        0x00408abc        0x0 linker stubs
 *(.rodata .rodata* .gnu.linkonce.r.*)
 .rodata        0x00408abc       0x5d src/main.o
 *fill*         0x00408b19        0x3 
 .rodata.image_data_lock_white
                0x00408b1c     0x655b src/main.o
 *fill*         0x0040f077        0x1 
 .rodata.image_data_unlock_white
                0x0040f078     0x655b src/main.o
 *fill*         0x004155d3        0x1 
 .rodata.lock_white
                0x004155d4        0xc src/main.o
                0x004155d4                lock_white
 .rodata.main.str1.4
                0x004155e0       0x24 src/main.o
 .rodata.mxt_handler.str1.4
                0x00415604       0x37 src/main.o
 *fill*         0x0041563b        0x1 
 .rodata.unlock_white
                0x0041563c        0xc src/main.o
                0x0041563c                unlock_white
 .rodata._global_impure_ptr
                0x00415648        0x4 c:/program files (x86)/atmel/studio/7.0/toolchain/arm/arm-gnu-toolchain/bin/../lib/gcc/arm-none-eabi/6.3.1/../../../../arm-none-eabi/lib/thumb/v7e-m\libc.a(lib_a-impure.o)
                0x00415648                _global_impure_ptr
 .rodata._svfprintf_r.str1.4
                0x0041564c       0x42 c:/program files (x86)/atmel/studio/7.0/toolchain/arm/arm-gnu-toolchain/bin/../lib/gcc/arm-none-eabi/6.3.1/../../../../arm-none-eabi/lib/thumb/v7e-m\libc.a(lib_a-svfprintf.o)
 *fill*         0x0041568e        0x2 
 .rodata.blanks.7223
                0x00415690       0x10 c:/program files (x86)/atmel/studio/7.0/toolchain/arm/arm-gnu-toolchain/bin/../lib/gcc/arm-none-eabi/6.3.1/../../../../arm-none-eabi/lib/thumb/v7e-m\libc.a(lib_a-svfprintf.o)
 .rodata.zeroes.7224
                0x004156a0       0x10 c:/program files (x86)/atmel/studio/7.0/toolchain/arm/arm-gnu-toolchain/bin/../lib/gcc/arm-none-eabi/6.3.1/../../../../arm-none-eabi/lib/thumb/v7e-m\libc.a(lib_a-svfprintf.o)
 .rodata._vfiprintf_r.str1.4
                0x004156b0       0x2f c:/program files (x86)/atmel/studio/7.0/toolchain/arm/arm-gnu-toolchain/bin/../lib/gcc/arm-none-eabi/6.3.1/../../../../arm-none-eabi/lib/thumb/v7e-m\libc.a(lib_a-vfiprintf.o)
 .rodata.blanks.7217
                0x004156b0       0x10 c:/program files (x86)/atmel/studio/7.0/toolchain/arm/arm-gnu-toolchain/bin/../lib/gcc/arm-none-eabi/6.3.1/../../../../arm-none-eabi/lib/thumb/v7e-m\libc.a(lib_a-vfiprintf.o)
 .rodata.zeroes.7218
                0x004156c0       0x10 c:/program files (x86)/atmel/studio/7.0/toolchain/arm/arm-gnu-toolchain/bin/../lib/gcc/arm-none-eabi/6.3.1/../../../../arm-none-eabi/lib/thumb/v7e-m\libc.a(lib_a-vfiprintf.o)
 .rodata._dtoa_r.str1.4
                0x004156d0       0x10 c:/program files (x86)/atmel/studio/7.0/toolchain/arm/arm-gnu-toolchain/bin/../lib/gcc/arm-none-eabi/6.3.1/../../../../arm-none-eabi/lib/thumb/v7e-m\libc.a(lib_a-dtoa.o)
                                 0x12 (size before relaxing)
 .rodata._setlocale_r.str1.4
                0x004156e0        0xa c:/program files (x86)/atmel/studio/7.0/toolchain/arm/arm-gnu-toolchain/bin/../lib/gcc/arm-none-eabi/6.3.1/../../../../arm-none-eabi/lib/thumb/v7e-m\libc.a(lib_a-locale.o)
                                  0xd (size before relaxing)
 *fill*         0x004156ea        0x2 
 .rodata.str1.4
                0x004156ec        0x4 c:/program files (x86)/atmel/studio/7.0/toolchain/arm/arm-gnu-toolchain/bin/../lib/gcc/arm-none-eabi/6.3.1/../../../../arm-none-eabi/lib/thumb/v7e-m\libc.a(lib_a-locale.o)
                                  0x2 (size before relaxing)
 .rodata.__mprec_bigtens
                0x004156f0       0x28 c:/program files (x86)/atmel/studio/7.0/toolchain/arm/arm-gnu-toolchain/bin/../lib/gcc/arm-none-eabi/6.3.1/../../../../arm-none-eabi/lib/thumb/v7e-m\libc.a(lib_a-mprec.o)
                0x004156f0                __mprec_bigtens
 .rodata.__mprec_tens
                0x00415718       0xc8 c:/program files (x86)/atmel/studio/7.0/toolchain/arm/arm-gnu-toolchain/bin/../lib/gcc/arm-none-eabi/6.3.1/../../../../arm-none-eabi/lib/thumb/v7e-m\libc.a(lib_a-mprec.o)
                0x00415718                __mprec_tens
 .rodata.p05.6055
                0x004157e0        0xc c:/program files (x86)/atmel/studio/7.0/toolchain/arm/arm-gnu-toolchain/bin/../lib/gcc/arm-none-eabi/6.3.1/../../../../arm-none-eabi/lib/thumb/v7e-m\libc.a(lib_a-mprec.o)
 .rodata._ctype_
                0x004157ec      0x101 c:/program files (x86)/atmel/studio/7.0/toolchain/arm/arm-gnu-toolchain/bin/../lib/gcc/arm-none-eabi/6.3.1/../../../../arm-none-eabi/lib/thumb/v7e-m\libc.a(lib_a-ctype_.o)
                0x004157ec                _ctype_
 *(.ARM.extab* .gnu.linkonce.armextab.*)
                0x004158f0                . = ALIGN (0x4)
 *fill*         0x004158ed        0x3 
 *(.init)
 .init          0x004158f0        0x4 c:/program files (x86)/atmel/studio/7.0/toolchain/arm/arm-gnu-toolchain/bin/../lib/gcc/arm-none-eabi/6.3.1/thumb/v7e-m/crti.o
                0x004158f0                _init
 .init          0x004158f4        0x8 c:/program files (x86)/atmel/studio/7.0/toolchain/arm/arm-gnu-toolchain/bin/../lib/gcc/arm-none-eabi/6.3.1/thumb/v7e-m/crtn.o
                0x004158fc                . = ALIGN (0x4)
                0x004158fc                __preinit_array_start = .
 *(.preinit_array)
                0x004158fc                __preinit_array_end = .
                0x004158fc                . = ALIGN (0x4)
                0x004158fc                __init_array_start = .
 *(SORT(.init_array.*))
 .init_array.00000
                0x004158fc        0x4 c:/program files (x86)/atmel/studio/7.0/toolchain/arm/arm-gnu-toolchain/bin/../lib/gcc/arm-none-eabi/6.3.1/../../../../arm-none-eabi/lib/thumb/v7e-m\libc.a(lib_a-__call_atexit.o)
 *(.init_array)
 .init_array    0x00415900        0x4 c:/program files (x86)/atmel/studio/7.0/toolchain/arm/arm-gnu-toolchain/bin/../lib/gcc/arm-none-eabi/6.3.1/thumb/v7e-m/crtbegin.o
                0x00415904                __init_array_end = .
                0x00415904                . = ALIGN (0x4)
 *crtbegin.o(.ctors)
 *(EXCLUDE_FILE(*crtend.o) .ctors)
 *(SORT(.ctors.*))
 *crtend.o(.ctors)
                0x00415904                . = ALIGN (0x4)
 *(.fini)
 .fini          0x00415904        0x4 c:/program files (x86)/atmel/studio/7.0/toolchain/arm/arm-gnu-toolchain/bin/../lib/gcc/arm-none-eabi/6.3.1/thumb/v7e-m/crti.o
                0x00415904                _fini
 .fini          0x00415908        0x8 c:/program files (x86)/atmel/studio/7.0/toolchain/arm/arm-gnu-toolchain/bin/../lib/gcc/arm-none-eabi/6.3.1/thumb/v7e-m/crtn.o
                0x00415910                . = ALIGN (0x4)
                0x00415910                __fini_array_start = .
 *(.fini_array)
 .fini_array    0x00415910        0x4 c:/program files (x86)/atmel/studio/7.0/toolchain/arm/arm-gnu-toolchain/bin/../lib/gcc/arm-none-eabi/6.3.1/thumb/v7e-m/crtbegin.o
 *(SORT(.fini_array.*))
                0x00415914                __fini_array_end = .
 *crtbegin.o(.dtors)
 *(EXCLUDE_FILE(*crtend.o) .dtors)
 *(SORT(.dtors.*))
 *crtend.o(.dtors)
                0x00415914                . = ALIGN (0x4)
                0x00415914                _efixed = .
                [!provide]                PROVIDE (__exidx_start, .)

.vfp11_veneer   0x00415914        0x0
 .vfp11_veneer  0x00415914        0x0 linker stubs

.v4_bx          0x00415914        0x0
 .v4_bx         0x00415914        0x0 linker stubs

.iplt           0x00415914        0x0
 .iplt          0x00415914        0x0 c:/program files (x86)/atmel/studio/7.0/toolchain/arm/arm-gnu-toolchain/bin/../lib/gcc/arm-none-eabi/6.3.1/thumb/v7e-m/crtbegin.o

.ARM.exidx      0x00415914        0x8
 *(.ARM.exidx* .gnu.linkonce.armexidx.*)
 .ARM.exidx     0x00415914        0x8 c:/program files (x86)/atmel/studio/7.0/toolchain/arm/arm-gnu-toolchain/bin/../lib/gcc/arm-none-eabi/6.3.1/thumb/v7e-m\libgcc.a(_udivmoddi4.o)
                [!provide]                PROVIDE (__exidx_end, .)

.eh_frame       0x0041591c        0x0
 .eh_frame      0x0041591c        0x0 c:/program files (x86)/atmel/studio/7.0/toolchain/arm/arm-gnu-toolchain/bin/../lib/gcc/arm-none-eabi/6.3.1/thumb/v7e-m/crtbegin.o

.rel.dyn        0x0041591c        0x0
 .rel.iplt      0x0041591c        0x0 c:/program files (x86)/atmel/studio/7.0/toolchain/arm/arm-gnu-toolchain/bin/../lib/gcc/arm-none-eabi/6.3.1/thumb/v7e-m/crtbegin.o

.jcr            0x0041591c        0x0
 .jcr           0x0041591c        0x0 c:/program files (x86)/atmel/studio/7.0/toolchain/arm/arm-gnu-toolchain/bin/../lib/gcc/arm-none-eabi/6.3.1/thumb/v7e-m/crtbegin.o

.igot.plt       0x0041591c        0x0
 .igot.plt      0x0041591c        0x0 c:/program files (x86)/atmel/studio/7.0/toolchain/arm/arm-gnu-toolchain/bin/../lib/gcc/arm-none-eabi/6.3.1/thumb/v7e-m/crtbegin.o
                0x0041591c                . = ALIGN (0x4)
                0x0041591c                _etext = .

.relocate       0x20400000      0x9c0 load address 0x0041591c
                0x20400000                . = ALIGN (0x4)
                0x20400000                _srelocate = .
 *(.ramfunc .ramfunc.*)
 .ramfunc       0x20400000        0xa src/ASF/common/services/delay/sam/cycle_counter.o
                0x20400000                portable_delay_cycles
 *(.data .data.*)
 .data.g_interrupt_enabled
                0x2040000a        0x1 src/ASF/common/utils/interrupt/interrupt_sam_nvic.o
                0x2040000a                g_interrupt_enabled
 *fill*         0x2040000b        0x1 
 .data.SystemCoreClock
                0x2040000c        0x4 src/ASF/sam/utils/cmsis/same70/source/templates/system_same70.o
                0x2040000c                SystemCoreClock
 .data.last_state.11198
                0x20400010        0x4 src/main.o
 .data._impure_ptr
                0x20400014        0x4 c:/program files (x86)/atmel/studio/7.0/toolchain/arm/arm-gnu-toolchain/bin/../lib/gcc/arm-none-eabi/6.3.1/../../../../arm-none-eabi/lib/thumb/v7e-m\libc.a(lib_a-impure.o)
                0x20400014                _impure_ptr
 .data.impure_data
                0x20400018      0x428 c:/program files (x86)/atmel/studio/7.0/toolchain/arm/arm-gnu-toolchain/bin/../lib/gcc/arm-none-eabi/6.3.1/../../../../arm-none-eabi/lib/thumb/v7e-m\libc.a(lib_a-impure.o)
 .data.__malloc_av_
                0x20400440      0x408 c:/program files (x86)/atmel/studio/7.0/toolchain/arm/arm-gnu-toolchain/bin/../lib/gcc/arm-none-eabi/6.3.1/../../../../arm-none-eabi/lib/thumb/v7e-m\libc.a(lib_a-mallocr.o)
                0x20400440                __malloc_av_
 .data.__malloc_sbrk_base
                0x20400848        0x4 c:/program files (x86)/atmel/studio/7.0/toolchain/arm/arm-gnu-toolchain/bin/../lib/gcc/arm-none-eabi/6.3.1/../../../../arm-none-eabi/lib/thumb/v7e-m\libc.a(lib_a-mallocr.o)
                0x20400848                __malloc_sbrk_base
 .data.__malloc_trim_threshold
                0x2040084c        0x4 c:/program files (x86)/atmel/studio/7.0/toolchain/arm/arm-gnu-toolchain/bin/../lib/gcc/arm-none-eabi/6.3.1/../../../../arm-none-eabi/lib/thumb/v7e-m\libc.a(lib_a-mallocr.o)
                0x2040084c                __malloc_trim_threshold
 .data.__atexit_recursive_mutex
                0x20400850        0x4 c:/program files (x86)/atmel/studio/7.0/toolchain/arm/arm-gnu-toolchain/bin/../lib/gcc/arm-none-eabi/6.3.1/../../../../arm-none-eabi/lib/thumb/v7e-m\libc.a(lib_a-__call_atexit.o)
                0x20400850                __atexit_recursive_mutex
 .data.__global_locale
                0x20400854      0x16c c:/program files (x86)/atmel/studio/7.0/toolchain/arm/arm-gnu-toolchain/bin/../lib/gcc/arm-none-eabi/6.3.1/../../../../arm-none-eabi/lib/thumb/v7e-m\libc.a(lib_a-locale.o)
                0x20400854                __global_locale
                0x204009c0                . = ALIGN (0x4)
                0x204009c0                _erelocate = .

.bss            0x204009c0      0x4cc load address 0x004162dc
                0x204009c0                . = ALIGN (0x4)
                0x204009c0                _sbss = .
                0x204009c0                _szero = .
 *(.bss .bss.*)
 .bss           0x204009c0       0x1c c:/program files (x86)/atmel/studio/7.0/toolchain/arm/arm-gnu-toolchain/bin/../lib/gcc/arm-none-eabi/6.3.1/thumb/v7e-m/crtbegin.o
 .bss.g_ul_pixel_cache
                0x204009dc      0x3c0 src/ASF/sam/components/display/ili9488/ili9488.o
 .bss.gs_interrupt_sources
                0x20400d9c       0x70 src/ASF/sam/drivers/pio/pio_handler.o
 .bss.ul_reg_val.9451
                0x20400e0c        0x4 src/ASF/sam/drivers/usart/usart.o
 .bss.heap.6420
                0x20400e10        0x4 src/ASF/sam/utils/syscalls/gcc/syscalls.o
 .bss.__malloc_current_mallinfo
                0x20400e14       0x28 c:/program files (x86)/atmel/studio/7.0/toolchain/arm/arm-gnu-toolchain/bin/../lib/gcc/arm-none-eabi/6.3.1/../../../../arm-none-eabi/lib/thumb/v7e-m\libc.a(lib_a-mallocr.o)
                0x20400e14                __malloc_current_mallinfo
 .bss.__malloc_max_sbrked_mem
                0x20400e3c        0x4 c:/program files (x86)/atmel/studio/7.0/toolchain/arm/arm-gnu-toolchain/bin/../lib/gcc/arm-none-eabi/6.3.1/../../../../arm-none-eabi/lib/thumb/v7e-m\libc.a(lib_a-mallocr.o)
                0x20400e3c                __malloc_max_sbrked_mem
 .bss.__malloc_max_total_mem
                0x20400e40        0x4 c:/program files (x86)/atmel/studio/7.0/toolchain/arm/arm-gnu-toolchain/bin/../lib/gcc/arm-none-eabi/6.3.1/../../../../arm-none-eabi/lib/thumb/v7e-m\libc.a(lib_a-mallocr.o)
                0x20400e40                __malloc_max_total_mem
 .bss.__malloc_top_pad
                0x20400e44        0x4 c:/program files (x86)/atmel/studio/7.0/toolchain/arm/arm-gnu-toolchain/bin/../lib/gcc/arm-none-eabi/6.3.1/../../../../arm-none-eabi/lib/thumb/v7e-m\libc.a(lib_a-mallocr.o)
                0x20400e44                __malloc_top_pad
 *(COMMON)
 COMMON         0x20400e48        0x4 src/ASF/common/utils/stdio/read.o
                0x20400e48                ptr_get
 COMMON         0x20400e4c        0x8 src/ASF/common/utils/stdio/write.o
                0x20400e4c                ptr_put
                0x20400e50                stdio_base
 COMMON         0x20400e54       0x10 src/main.o
                0x20400e54                g_ili9488_display_opt
 COMMON         0x20400e64       0x21 c:/program files (x86)/atmel/studio/7.0/toolchain/arm/arm-gnu-toolchain/bin/../lib/gcc/arm-none-eabi/6.3.1/../../../../arm-none-eabi/lib/thumb/v7e-m\libc.a(lib_a-lock.o)
                0x20400e64                __lock___atexit_recursive_mutex
                0x20400e68                __lock___arc4random_mutex
                0x20400e6c                __lock___env_recursive_mutex
                0x20400e70                __lock___sinit_recursive_mutex
                0x20400e74                __lock___malloc_recursive_mutex
                0x20400e78                __lock___at_quick_exit_mutex
                0x20400e7c                __lock___dd_hash_mutex
                0x20400e80                __lock___tz_mutex
                0x20400e84                __lock___sfp_recursive_mutex
 *fill*         0x20400e85        0x3 
 COMMON         0x20400e88        0x4 c:/program files (x86)/atmel/studio/7.0/toolchain/arm/arm-gnu-toolchain/bin/../lib/gcc/arm-none-eabi/6.3.1/../../../../arm-none-eabi/lib/thumb/v7e-m\libc.a(lib_a-reent.o)
                0x20400e88                errno
                0x20400e8c                . = ALIGN (0x4)
                0x20400e8c                _ebss = .
                0x20400e8c                _ezero = .

.stack          0x20400e8c     0x2004 load address 0x004167a8
                0x20400e90                . = ALIGN (0x8)
 *fill*         0x20400e8c        0x4 
                0x20400e90                _sstack = .
                0x20402e90                . = (. + STACK_SIZE)
 *fill*         0x20400e90     0x2000 
                0x20402e90                . = ALIGN (0x8)
                0x20402e90                _estack = .

.heap           0x20402e90      0x200 load address 0x004187ac
                0x20402e90                . = ALIGN (0x8)
                0x20402e90                _sheap = .
                0x20403090                . = (. + HEAP_SIZE)
 *fill*         0x20402e90      0x200 
                0x20403090                . = ALIGN (0x8)
                0x20403090                _eheap = .
                0x20403090                . = ALIGN (0x4)
                0x20403090                _end = .
                0x2045ffff                _ram_end_ = ((ORIGIN (ram) + LENGTH (ram)) - 0x1)
OUTPUT(MXT_EXAMPLE_USART1.elf elf32-littlearm)

.ARM.attributes
                0x00000000       0x2e
 .ARM.attributes
                0x00000000       0x1e c:/program files (x86)/atmel/studio/7.0/toolchain/arm/arm-gnu-toolchain/bin/../lib/gcc/arm-none-eabi/6.3.1/thumb/v7e-m/crti.o
 .ARM.attributes
                0x0000001e       0x2e c:/program files (x86)/atmel/studio/7.0/toolchain/arm/arm-gnu-toolchain/bin/../lib/gcc/arm-none-eabi/6.3.1/thumb/v7e-m/crtbegin.o
 .ARM.attributes
                0x0000004c       0x37 src/ASF/common/components/touch/mxt/mxt_device_1.o
 .ARM.attributes
                0x00000083       0x37 src/ASF/common/services/clock/same70/sysclk.o
 .ARM.attributes
                0x000000ba       0x37 src/ASF/common/services/delay/sam/cycle_counter.o
 .ARM.attributes
                0x000000f1       0x37 src/ASF/common/services/serial/usart_serial.o
 .ARM.attributes
                0x00000128       0x37 src/ASF/common/services/spi/sam_spi/spi_master.o
 .ARM.attributes
                0x0000015f       0x37 src/ASF/common/utils/interrupt/interrupt_sam_nvic.o
 .ARM.attributes
                0x00000196       0x37 src/ASF/common/utils/stdio/read.o
 .ARM.attributes
                0x000001cd       0x37 src/ASF/common/utils/stdio/write.o
 .ARM.attributes
                0x00000204       0x37 src/ASF/sam/boards/same70_xplained/init.o
 .ARM.attributes
                0x0000023b       0x37 src/ASF/sam/components/display/ili9488/ili9488.o
 .ARM.attributes
                0x00000272       0x37 src/ASF/sam/drivers/pio/pio.o
 .ARM.attributes
                0x000002a9       0x37 src/ASF/sam/drivers/pio/pio_handler.o
 .ARM.attributes
                0x000002e0       0x37 src/ASF/sam/drivers/pmc/pmc.o
 .ARM.attributes
                0x00000317       0x37 src/ASF/sam/drivers/spi/spi.o
 .ARM.attributes
                0x0000034e       0x37 src/ASF/sam/drivers/twihs/twihs.o
 .ARM.attributes
                0x00000385       0x37 src/ASF/sam/drivers/uart/uart.o
 .ARM.attributes
                0x000003bc       0x37 src/ASF/sam/drivers/usart/usart.o
 .ARM.attributes
                0x000003f3       0x37 src/ASF/sam/utils/cmsis/same70/source/templates/gcc/startup_same70.o
 .ARM.attributes
                0x0000042a       0x37 src/ASF/sam/utils/cmsis/same70/source/templates/system_same70.o
 .ARM.attributes
                0x00000461       0x37 src/ASF/sam/utils/syscalls/gcc/syscalls.o
 .ARM.attributes
                0x00000498       0x37 src/main.o
 .ARM.attributes
                0x000004cf       0x2e c:/program files (x86)/atmel/studio/7.0/toolchain/arm/arm-gnu-toolchain/bin/../lib/gcc/arm-none-eabi/6.3.1/../../../../arm-none-eabi/lib/thumb/v7e-m\libc.a(lib_a-impure.o)
 .ARM.attributes
                0x000004fd       0x2e c:/program files (x86)/atmel/studio/7.0/toolchain/arm/arm-gnu-toolchain/bin/../lib/gcc/arm-none-eabi/6.3.1/../../../../arm-none-eabi/lib/thumb/v7e-m\libc.a(lib_a-init.o)
 .ARM.attributes
                0x0000052b       0x2e c:/program files (x86)/atmel/studio/7.0/toolchain/arm/arm-gnu-toolchain/bin/../lib/gcc/arm-none-eabi/6.3.1/../../../../arm-none-eabi/lib/thumb/v7e-m\libc.a(lib_a-iprintf.o)
 .ARM.attributes
                0x00000559       0x2e c:/program files (x86)/atmel/studio/7.0/toolchain/arm/arm-gnu-toolchain/bin/../lib/gcc/arm-none-eabi/6.3.1/../../../../arm-none-eabi/lib/thumb/v7e-m\libc.a(lib_a-malloc.o)
 .ARM.attributes
                0x00000587       0x2e c:/program files (x86)/atmel/studio/7.0/toolchain/arm/arm-gnu-toolchain/bin/../lib/gcc/arm-none-eabi/6.3.1/../../../../arm-none-eabi/lib/thumb/v7e-m\libc.a(lib_a-mallocr.o)
 .ARM.attributes
                0x000005b5       0x2e c:/program files (x86)/atmel/studio/7.0/toolchain/arm/arm-gnu-toolchain/bin/../lib/gcc/arm-none-eabi/6.3.1/../../../../arm-none-eabi/lib/thumb/v7e-m\libc.a(lib_a-memset.o)
 .ARM.attributes
                0x000005e3       0x2e c:/program files (x86)/atmel/studio/7.0/toolchain/arm/arm-gnu-toolchain/bin/../lib/gcc/arm-none-eabi/6.3.1/../../../../arm-none-eabi/lib/thumb/v7e-m\libc.a(lib_a-mlock.o)
 .ARM.attributes
                0x00000611       0x2e c:/program files (x86)/atmel/studio/7.0/toolchain/arm/arm-gnu-toolchain/bin/../lib/gcc/arm-none-eabi/6.3.1/../../../../arm-none-eabi/lib/thumb/v7e-m\libc.a(lib_a-sbrkr.o)
 .ARM.attributes
                0x0000063f       0x2e c:/program files (x86)/atmel/studio/7.0/toolchain/arm/arm-gnu-toolchain/bin/../lib/gcc/arm-none-eabi/6.3.1/../../../../arm-none-eabi/lib/thumb/v7e-m\libc.a(lib_a-setbuf.o)
 .ARM.attributes
                0x0000066d       0x2e c:/program files (x86)/atmel/studio/7.0/toolchain/arm/arm-gnu-toolchain/bin/../lib/gcc/arm-none-eabi/6.3.1/../../../../arm-none-eabi/lib/thumb/v7e-m\libc.a(lib_a-setvbuf.o)
 .ARM.attributes
                0x0000069b       0x2e c:/program files (x86)/atmel/studio/7.0/toolchain/arm/arm-gnu-toolchain/bin/../lib/gcc/arm-none-eabi/6.3.1/../../../../arm-none-eabi/lib/thumb/v7e-m\libc.a(lib_a-sprintf.o)
 .ARM.attributes
                0x000006c9       0x2e c:/program files (x86)/atmel/studio/7.0/toolchain/arm/arm-gnu-toolchain/bin/../lib/gcc/arm-none-eabi/6.3.1/../../../../arm-none-eabi/lib/thumb/v7e-m\libc.a(lib_a-strcat.o)
 .ARM.attributes
                0x000006f7       0x2e c:/program files (x86)/atmel/studio/7.0/toolchain/arm/arm-gnu-toolchain/bin/../lib/gcc/arm-none-eabi/6.3.1/../../../../arm-none-eabi/lib/thumb/v7e-m\libc.a(lib_a-strcpy.o)
 .ARM.attributes
                0x00000725       0x1c c:/program files (x86)/atmel/studio/7.0/toolchain/arm/arm-gnu-toolchain/bin/../lib/gcc/arm-none-eabi/6.3.1/../../../../arm-none-eabi/lib/thumb/v7e-m\libc.a(lib_a-strlen.o)
 .ARM.attributes
                0x00000741       0x2e c:/program files (x86)/atmel/studio/7.0/toolchain/arm/arm-gnu-toolchain/bin/../lib/gcc/arm-none-eabi/6.3.1/../../../../arm-none-eabi/lib/thumb/v7e-m\libc.a(lib_a-svfprintf.o)
 .ARM.attributes
                0x0000076f       0x2e c:/program files (x86)/atmel/studio/7.0/toolchain/arm/arm-gnu-toolchain/bin/../lib/gcc/arm-none-eabi/6.3.1/../../../../arm-none-eabi/lib/thumb/v7e-m\libc.a(lib_a-vfiprintf.o)
 .ARM.attributes
                0x0000079d       0x2e c:/program files (x86)/atmel/studio/7.0/toolchain/arm/arm-gnu-toolchain/bin/../lib/gcc/arm-none-eabi/6.3.1/../../../../arm-none-eabi/lib/thumb/v7e-m\libc.a(lib_a-wsetup.o)
 .ARM.attributes
                0x000007cb       0x2e c:/program files (x86)/atmel/studio/7.0/toolchain/arm/arm-gnu-toolchain/bin/../lib/gcc/arm-none-eabi/6.3.1/../../../../arm-none-eabi/lib/thumb/v7e-m\libc.a(lib_a-__call_atexit.o)
 .ARM.attributes
                0x000007f9       0x2e c:/program files (x86)/atmel/studio/7.0/toolchain/arm/arm-gnu-toolchain/bin/../lib/gcc/arm-none-eabi/6.3.1/../../../../arm-none-eabi/lib/thumb/v7e-m\libc.a(lib_a-atexit.o)
 .ARM.attributes
                0x00000827       0x2e c:/program files (x86)/atmel/studio/7.0/toolchain/arm/arm-gnu-toolchain/bin/../lib/gcc/arm-none-eabi/6.3.1/../../../../arm-none-eabi/lib/thumb/v7e-m\libc.a(lib_a-dtoa.o)
 .ARM.attributes
                0x00000855       0x2e c:/program files (x86)/atmel/studio/7.0/toolchain/arm/arm-gnu-toolchain/bin/../lib/gcc/arm-none-eabi/6.3.1/../../../../arm-none-eabi/lib/thumb/v7e-m\libc.a(lib_a-fflush.o)
 .ARM.attributes
                0x00000883       0x2e c:/program files (x86)/atmel/studio/7.0/toolchain/arm/arm-gnu-toolchain/bin/../lib/gcc/arm-none-eabi/6.3.1/../../../../arm-none-eabi/lib/thumb/v7e-m\libc.a(lib_a-findfp.o)
 .ARM.attributes
                0x000008b1       0x2e c:/program files (x86)/atmel/studio/7.0/toolchain/arm/arm-gnu-toolchain/bin/../lib/gcc/arm-none-eabi/6.3.1/../../../../arm-none-eabi/lib/thumb/v7e-m\libc.a(lib_a-fini.o)
 .ARM.attributes
                0x000008df       0x2e c:/program files (x86)/atmel/studio/7.0/toolchain/arm/arm-gnu-toolchain/bin/../lib/gcc/arm-none-eabi/6.3.1/../../../../arm-none-eabi/lib/thumb/v7e-m\libc.a(lib_a-fputwc.o)
 .ARM.attributes
                0x0000090d       0x2e c:/program files (x86)/atmel/studio/7.0/toolchain/arm/arm-gnu-toolchain/bin/../lib/gcc/arm-none-eabi/6.3.1/../../../../arm-none-eabi/lib/thumb/v7e-m\libc.a(lib_a-freer.o)
 .ARM.attributes
                0x0000093b       0x2e c:/program files (x86)/atmel/studio/7.0/toolchain/arm/arm-gnu-toolchain/bin/../lib/gcc/arm-none-eabi/6.3.1/../../../../arm-none-eabi/lib/thumb/v7e-m\libc.a(lib_a-fvwrite.o)
 .ARM.attributes
                0x00000969       0x2e c:/program files (x86)/atmel/studio/7.0/toolchain/arm/arm-gnu-toolchain/bin/../lib/gcc/arm-none-eabi/6.3.1/../../../../arm-none-eabi/lib/thumb/v7e-m\libc.a(lib_a-fwalk.o)
 .ARM.attributes
                0x00000997       0x2e c:/program files (x86)/atmel/studio/7.0/toolchain/arm/arm-gnu-toolchain/bin/../lib/gcc/arm-none-eabi/6.3.1/../../../../arm-none-eabi/lib/thumb/v7e-m\libc.a(lib_a-locale.o)
 .ARM.attributes
                0x000009c5       0x2e c:/program files (x86)/atmel/studio/7.0/toolchain/arm/arm-gnu-toolchain/bin/../lib/gcc/arm-none-eabi/6.3.1/../../../../arm-none-eabi/lib/thumb/v7e-m\libc.a(lib_a-localeconv.o)
 .ARM.attributes
                0x000009f3       0x2e c:/program files (x86)/atmel/studio/7.0/toolchain/arm/arm-gnu-toolchain/bin/../lib/gcc/arm-none-eabi/6.3.1/../../../../arm-none-eabi/lib/thumb/v7e-m\libc.a(lib_a-lock.o)
 .ARM.attributes
                0x00000a21       0x2e c:/program files (x86)/atmel/studio/7.0/toolchain/arm/arm-gnu-toolchain/bin/../lib/gcc/arm-none-eabi/6.3.1/../../../../arm-none-eabi/lib/thumb/v7e-m\libc.a(lib_a-makebuf.o)
 .ARM.attributes
                0x00000a4f       0x2e c:/program files (x86)/atmel/studio/7.0/toolchain/arm/arm-gnu-toolchain/bin/../lib/gcc/arm-none-eabi/6.3.1/../../../../arm-none-eabi/lib/thumb/v7e-m\libc.a(lib_a-mbtowc_r.o)
 .ARM.attributes
                0x00000a7d       0x1c c:/program files (x86)/atmel/studio/7.0/toolchain/arm/arm-gnu-toolchain/bin/../lib/gcc/arm-none-eabi/6.3.1/../../../../arm-none-eabi/lib/thumb/v7e-m\libc.a(lib_a-memchr.o)
 .ARM.attributes
                0x00000a99       0x1c c:/program files (x86)/atmel/studio/7.0/toolchain/arm/arm-gnu-toolchain/bin/../lib/gcc/arm-none-eabi/6.3.1/../../../../arm-none-eabi/lib/thumb/v7e-m\libc.a(lib_a-memcpy.o)
 .ARM.attributes
                0x00000ab5       0x2e c:/program files (x86)/atmel/studio/7.0/toolchain/arm/arm-gnu-toolchain/bin/../lib/gcc/arm-none-eabi/6.3.1/../../../../arm-none-eabi/lib/thumb/v7e-m\libc.a(lib_a-memmove.o)
 .ARM.attributes
                0x00000ae3       0x2e c:/program files (x86)/atmel/studio/7.0/toolchain/arm/arm-gnu-toolchain/bin/../lib/gcc/arm-none-eabi/6.3.1/../../../../arm-none-eabi/lib/thumb/v7e-m\libc.a(lib_a-mprec.o)
 .ARM.attributes
                0x00000b11       0x2e c:/program files (x86)/atmel/studio/7.0/toolchain/arm/arm-gnu-toolchain/bin/../lib/gcc/arm-none-eabi/6.3.1/../../../../arm-none-eabi/lib/thumb/v7e-m\libc.a(lib_a-reallocr.o)
 .ARM.attributes
                0x00000b3f       0x2e c:/program files (x86)/atmel/studio/7.0/toolchain/arm/arm-gnu-toolchain/bin/../lib/gcc/arm-none-eabi/6.3.1/../../../../arm-none-eabi/lib/thumb/v7e-m\libc.a(lib_a-reent.o)
 .ARM.attributes
                0x00000b6d       0x2e c:/program files (x86)/atmel/studio/7.0/toolchain/arm/arm-gnu-toolchain/bin/../lib/gcc/arm-none-eabi/6.3.1/../../../../arm-none-eabi/lib/thumb/v7e-m\libc.a(lib_a-stdio.o)
 .ARM.attributes
                0x00000b9b       0x2e c:/program files (x86)/atmel/studio/7.0/toolchain/arm/arm-gnu-toolchain/bin/../lib/gcc/arm-none-eabi/6.3.1/../../../../arm-none-eabi/lib/thumb/v7e-m\libc.a(lib_a-svfiprintf.o)
 .ARM.attributes
                0x00000bc9       0x2e c:/program files (x86)/atmel/studio/7.0/toolchain/arm/arm-gnu-toolchain/bin/../lib/gcc/arm-none-eabi/6.3.1/../../../../arm-none-eabi/lib/thumb/v7e-m\libc.a(lib_a-wbuf.o)
 .ARM.attributes
                0x00000bf7       0x2e c:/program files (x86)/atmel/studio/7.0/toolchain/arm/arm-gnu-toolchain/bin/../lib/gcc/arm-none-eabi/6.3.1/../../../../arm-none-eabi/lib/thumb/v7e-m\libc.a(lib_a-wcrtomb.o)
 .ARM.attributes
                0x00000c25       0x2e c:/program files (x86)/atmel/studio/7.0/toolchain/arm/arm-gnu-toolchain/bin/../lib/gcc/arm-none-eabi/6.3.1/../../../../arm-none-eabi/lib/thumb/v7e-m\libc.a(lib_a-wctomb_r.o)
 .ARM.attributes
                0x00000c53       0x2e c:/program files (x86)/atmel/studio/7.0/toolchain/arm/arm-gnu-toolchain/bin/../lib/gcc/arm-none-eabi/6.3.1/../../../../arm-none-eabi/lib/thumb/v7e-m\libc.a(lib_a-writer.o)
 .ARM.attributes
                0x00000c81       0x2e c:/program files (x86)/atmel/studio/7.0/toolchain/arm/arm-gnu-toolchain/bin/../lib/gcc/arm-none-eabi/6.3.1/../../../../arm-none-eabi/lib/thumb/v7e-m\libc.a(lib_a-__atexit.o)
 .ARM.attributes
                0x00000caf       0x2e c:/program files (x86)/atmel/studio/7.0/toolchain/arm/arm-gnu-toolchain/bin/../lib/gcc/arm-none-eabi/6.3.1/../../../../arm-none-eabi/lib/thumb/v7e-m\libc.a(lib_a-callocr.o)
 .ARM.attributes
                0x00000cdd       0x2e c:/program files (x86)/atmel/studio/7.0/toolchain/arm/arm-gnu-toolchain/bin/../lib/gcc/arm-none-eabi/6.3.1/../../../../arm-none-eabi/lib/thumb/v7e-m\libc.a(lib_a-closer.o)
 .ARM.attributes
                0x00000d0b       0x2e c:/program files (x86)/atmel/studio/7.0/toolchain/arm/arm-gnu-toolchain/bin/../lib/gcc/arm-none-eabi/6.3.1/../../../../arm-none-eabi/lib/thumb/v7e-m\libc.a(lib_a-ctype_.o)
 .ARM.attributes
                0x00000d39       0x2e c:/program files (x86)/atmel/studio/7.0/toolchain/arm/arm-gnu-toolchain/bin/../lib/gcc/arm-none-eabi/6.3.1/../../../../arm-none-eabi/lib/thumb/v7e-m\libc.a(lib_a-fclose.o)
 .ARM.attributes
                0x00000d67       0x2e c:/program files (x86)/atmel/studio/7.0/toolchain/arm/arm-gnu-toolchain/bin/../lib/gcc/arm-none-eabi/6.3.1/../../../../arm-none-eabi/lib/thumb/v7e-m\libc.a(lib_a-fstatr.o)
 .ARM.attributes
                0x00000d95       0x2e c:/program files (x86)/atmel/studio/7.0/toolchain/arm/arm-gnu-toolchain/bin/../lib/gcc/arm-none-eabi/6.3.1/../../../../arm-none-eabi/lib/thumb/v7e-m\libc.a(lib_a-isattyr.o)
 .ARM.attributes
                0x00000dc3       0x2e c:/program files (x86)/atmel/studio/7.0/toolchain/arm/arm-gnu-toolchain/bin/../lib/gcc/arm-none-eabi/6.3.1/../../../../arm-none-eabi/lib/thumb/v7e-m\libc.a(lib_a-lseekr.o)
 .ARM.attributes
                0x00000df1       0x2e c:/program files (x86)/atmel/studio/7.0/toolchain/arm/arm-gnu-toolchain/bin/../lib/gcc/arm-none-eabi/6.3.1/../../../../arm-none-eabi/lib/thumb/v7e-m\libc.a(lib_a-readr.o)
 .ARM.attributes
                0x00000e1f       0x1e c:/program files (x86)/atmel/studio/7.0/toolchain/arm/arm-gnu-toolchain/bin/../lib/gcc/arm-none-eabi/6.3.1/thumb/v7e-m\libgcc.a(_arm_addsubdf3.o)
 .ARM.attributes
                0x00000e3d       0x1e c:/program files (x86)/atmel/studio/7.0/toolchain/arm/arm-gnu-toolchain/bin/../lib/gcc/arm-none-eabi/6.3.1/thumb/v7e-m\libgcc.a(_arm_muldivdf3.o)
 .ARM.attributes
                0x00000e5b       0x1e c:/program files (x86)/atmel/studio/7.0/toolchain/arm/arm-gnu-toolchain/bin/../lib/gcc/arm-none-eabi/6.3.1/thumb/v7e-m\libgcc.a(_arm_cmpdf2.o)
 .ARM.attributes
                0x00000e79       0x1e c:/program files (x86)/atmel/studio/7.0/toolchain/arm/arm-gnu-toolchain/bin/../lib/gcc/arm-none-eabi/6.3.1/thumb/v7e-m\libgcc.a(_arm_unorddf2.o)
 .ARM.attributes
                0x00000e97       0x1e c:/program files (x86)/atmel/studio/7.0/toolchain/arm/arm-gnu-toolchain/bin/../lib/gcc/arm-none-eabi/6.3.1/thumb/v7e-m\libgcc.a(_arm_fixdfsi.o)
 .ARM.attributes
                0x00000eb5       0x1e c:/program files (x86)/atmel/studio/7.0/toolchain/arm/arm-gnu-toolchain/bin/../lib/gcc/arm-none-eabi/6.3.1/thumb/v7e-m\libgcc.a(_aeabi_uldivmod.o)
 .ARM.attributes
                0x00000ed3       0x2e c:/program files (x86)/atmel/studio/7.0/toolchain/arm/arm-gnu-toolchain/bin/../lib/gcc/arm-none-eabi/6.3.1/thumb/v7e-m\libgcc.a(_udivmoddi4.o)
 .ARM.attributes
                0x00000f01       0x1e c:/program files (x86)/atmel/studio/7.0/toolchain/arm/arm-gnu-toolchain/bin/../lib/gcc/arm-none-eabi/6.3.1/thumb/v7e-m\libgcc.a(_dvmd_tls.o)
 .ARM.attributes
                0x00000f1f       0x1e c:/program files (x86)/atmel/studio/7.0/toolchain/arm/arm-gnu-toolchain/bin/../lib/gcc/arm-none-eabi/6.3.1/thumb/v7e-m/crtn.o

.comment        0x00000000       0x59
 .comment       0x00000000       0x59 src/ASF/common/components/touch/mxt/mxt_device_1.o
                                 0x5a (size before relaxing)
 .comment       0x00000059       0x5a src/ASF/common/services/clock/same70/sysclk.o
 .comment       0x00000059       0x5a src/ASF/common/services/delay/sam/cycle_counter.o
 .comment       0x00000059       0x5a src/ASF/common/services/serial/usart_serial.o
 .comment       0x00000059       0x5a src/ASF/common/services/spi/sam_spi/spi_master.o
 .comment       0x00000059       0x5a src/ASF/common/utils/interrupt/interrupt_sam_nvic.o
 .comment       0x00000059       0x5a src/ASF/common/utils/stdio/read.o
 .comment       0x00000059       0x5a src/ASF/common/utils/stdio/write.o
 .comment       0x00000059       0x5a src/ASF/sam/boards/same70_xplained/init.o
 .comment       0x00000059       0x5a src/ASF/sam/components/display/ili9488/ili9488.o
 .comment       0x00000059       0x5a src/ASF/sam/drivers/pio/pio.o
 .comment       0x00000059       0x5a src/ASF/sam/drivers/pio/pio_handler.o
 .comment       0x00000059       0x5a src/ASF/sam/drivers/pmc/pmc.o
 .comment       0x00000059       0x5a src/ASF/sam/drivers/spi/spi.o
 .comment       0x00000059       0x5a src/ASF/sam/drivers/twihs/twihs.o
 .comment       0x00000059       0x5a src/ASF/sam/drivers/uart/uart.o
 .comment       0x00000059       0x5a src/ASF/sam/drivers/usart/usart.o
 .comment       0x00000059       0x5a src/ASF/sam/utils/cmsis/same70/source/templates/gcc/startup_same70.o
 .comment       0x00000059       0x5a src/ASF/sam/utils/cmsis/same70/source/templates/system_same70.o
 .comment       0x00000059       0x5a src/ASF/sam/utils/syscalls/gcc/syscalls.o
 .comment       0x00000059       0x5a src/main.o

.debug_info     0x00000000    0x1e00d
 .debug_info    0x00000000     0x240d src/ASF/common/components/touch/mxt/mxt_device_1.o
 .debug_info    0x0000240d     0x12a4 src/ASF/common/services/clock/same70/sysclk.o
 .debug_info    0x000036b1      0xa45 src/ASF/common/services/delay/sam/cycle_counter.o
 .debug_info    0x000040f6     0x1174 src/ASF/common/services/serial/usart_serial.o
 .debug_info    0x0000526a     0x15fe src/ASF/common/services/spi/sam_spi/spi_master.o
 .debug_info    0x00006868      0xb01 src/ASF/common/utils/interrupt/interrupt_sam_nvic.o
 .debug_info    0x00007369      0xac9 src/ASF/common/utils/stdio/read.o
 .debug_info    0x00007e32      0xac6 src/ASF/common/utils/stdio/write.o
 .debug_info    0x000088f8     0x24e7 src/ASF/sam/boards/same70_xplained/init.o
 .debug_info    0x0000addf     0x28a4 src/ASF/sam/components/display/ili9488/ili9488.o
 .debug_info    0x0000d683     0x2174 src/ASF/sam/drivers/pio/pio.o
 .debug_info    0x0000f7f7     0x1b7e src/ASF/sam/drivers/pio/pio_handler.o
 .debug_info    0x00011375     0x1f12 src/ASF/sam/drivers/pmc/pmc.o
 .debug_info    0x00013287     0x1181 src/ASF/sam/drivers/spi/spi.o
 .debug_info    0x00014408     0x1599 src/ASF/sam/drivers/twihs/twihs.o
 .debug_info    0x000159a1     0x1072 src/ASF/sam/drivers/uart/uart.o
 .debug_info    0x00016a13     0x23ac src/ASF/sam/drivers/usart/usart.o
 .debug_info    0x00018dbf     0x1600 src/ASF/sam/utils/cmsis/same70/source/templates/gcc/startup_same70.o
 .debug_info    0x0001a3bf      0x5d0 src/ASF/sam/utils/cmsis/same70/source/templates/system_same70.o
 .debug_info    0x0001a98f      0xdb0 src/ASF/sam/utils/syscalls/gcc/syscalls.o
 .debug_info    0x0001b73f     0x28ce src/main.o

.debug_abbrev   0x00000000     0x4085
 .debug_abbrev  0x00000000      0x44d src/ASF/common/components/touch/mxt/mxt_device_1.o
 .debug_abbrev  0x0000044d      0x31f src/ASF/common/services/clock/same70/sysclk.o
 .debug_abbrev  0x0000076c      0x1b3 src/ASF/common/services/delay/sam/cycle_counter.o
 .debug_abbrev  0x0000091f      0x2b1 src/ASF/common/services/serial/usart_serial.o
 .debug_abbrev  0x00000bd0      0x3c1 src/ASF/common/services/spi/sam_spi/spi_master.o
 .debug_abbrev  0x00000f91      0x212 src/ASF/common/utils/interrupt/interrupt_sam_nvic.o
 .debug_abbrev  0x000011a3      0x1fe src/ASF/common/utils/stdio/read.o
 .debug_abbrev  0x000013a1      0x1e9 src/ASF/common/utils/stdio/write.o
 .debug_abbrev  0x0000158a      0x37e src/ASF/sam/boards/same70_xplained/init.o
 .debug_abbrev  0x00001908      0x41d src/ASF/sam/components/display/ili9488/ili9488.o
 .debug_abbrev  0x00001d25      0x410 src/ASF/sam/drivers/pio/pio.o
 .debug_abbrev  0x00002135      0x32f src/ASF/sam/drivers/pio/pio_handler.o
 .debug_abbrev  0x00002464      0x398 src/ASF/sam/drivers/pmc/pmc.o
 .debug_abbrev  0x000027fc      0x3b2 src/ASF/sam/drivers/spi/spi.o
 .debug_abbrev  0x00002bae      0x39f src/ASF/sam/drivers/twihs/twihs.o
 .debug_abbrev  0x00002f4d      0x27b src/ASF/sam/drivers/uart/uart.o
 .debug_abbrev  0x000031c8      0x3ca src/ASF/sam/drivers/usart/usart.o
 .debug_abbrev  0x00003592      0x2e4 src/ASF/sam/utils/cmsis/same70/source/templates/gcc/startup_same70.o
 .debug_abbrev  0x00003876      0x102 src/ASF/sam/utils/cmsis/same70/source/templates/system_same70.o
 .debug_abbrev  0x00003978      0x264 src/ASF/sam/utils/syscalls/gcc/syscalls.o
 .debug_abbrev  0x00003bdc      0x4a9 src/main.o

.debug_loc      0x00000000     0x8f03
 .debug_loc     0x00000000      0xfd8 src/ASF/common/components/touch/mxt/mxt_device_1.o
 .debug_loc     0x00000fd8      0x183 src/ASF/common/services/clock/same70/sysclk.o
 .debug_loc     0x0000115b      0x2a7 src/ASF/common/services/serial/usart_serial.o
 .debug_loc     0x00001402      0xab0 src/ASF/common/services/spi/sam_spi/spi_master.o
 .debug_loc     0x00001eb2       0xb3 src/ASF/common/utils/stdio/read.o
 .debug_loc     0x00001f65      0x12b src/ASF/common/utils/stdio/write.o
 .debug_loc     0x00002090      0x2d9 src/ASF/sam/boards/same70_xplained/init.o
 .debug_loc     0x00002369     0x18a1 src/ASF/sam/components/display/ili9488/ili9488.o
 .debug_loc     0x00003c0a      0xea4 src/ASF/sam/drivers/pio/pio.o
 .debug_loc     0x00004aae      0x588 src/ASF/sam/drivers/pio/pio_handler.o
 .debug_loc     0x00005036      0xc33 src/ASF/sam/drivers/pmc/pmc.o
 .debug_loc     0x00005c69      0x610 src/ASF/sam/drivers/spi/spi.o
 .debug_loc     0x00006279      0xc59 src/ASF/sam/drivers/twihs/twihs.o
 .debug_loc     0x00006ed2      0x2a3 src/ASF/sam/drivers/uart/uart.o
 .debug_loc     0x00007175      0xf35 src/ASF/sam/drivers/usart/usart.o
 .debug_loc     0x000080aa       0x77 src/ASF/sam/utils/cmsis/same70/source/templates/gcc/startup_same70.o
 .debug_loc     0x00008121       0xfd src/ASF/sam/utils/syscalls/gcc/syscalls.o
 .debug_loc     0x0000821e      0xce5 src/main.o

.debug_aranges  0x00000000      0xdb8
 .debug_aranges
                0x00000000       0x90 src/ASF/common/components/touch/mxt/mxt_device_1.o
 .debug_aranges
                0x00000090       0x40 src/ASF/common/services/clock/same70/sysclk.o
 .debug_aranges
                0x000000d0       0x20 src/ASF/common/services/delay/sam/cycle_counter.o
 .debug_aranges
                0x000000f0       0x28 src/ASF/common/services/serial/usart_serial.o
 .debug_aranges
                0x00000118       0x50 src/ASF/common/services/spi/sam_spi/spi_master.o
 .debug_aranges
                0x00000168       0x28 src/ASF/common/utils/interrupt/interrupt_sam_nvic.o
 .debug_aranges
                0x00000190       0x20 src/ASF/common/utils/stdio/read.o
 .debug_aranges
                0x000001b0       0x20 src/ASF/common/utils/stdio/write.o
 .debug_aranges
                0x000001d0       0x20 src/ASF/sam/boards/same70_xplained/init.o
 .debug_aranges
                0x000001f0      0x138 src/ASF/sam/components/display/ili9488/ili9488.o
 .debug_aranges
                0x00000328      0x1a8 src/ASF/sam/drivers/pio/pio.o
 .debug_aranges
                0x000004d0       0x60 src/ASF/sam/drivers/pio/pio_handler.o
 .debug_aranges
                0x00000530      0x250 src/ASF/sam/drivers/pmc/pmc.o
 .debug_aranges
                0x00000780       0x90 src/ASF/sam/drivers/spi/spi.o
 .debug_aranges
                0x00000810       0xe8 src/ASF/sam/drivers/twihs/twihs.o
 .debug_aranges
                0x000008f8       0xd8 src/ASF/sam/drivers/uart/uart.o
 .debug_aranges
                0x000009d0      0x2a8 src/ASF/sam/drivers/usart/usart.o
 .debug_aranges
                0x00000c78       0x28 src/ASF/sam/utils/cmsis/same70/source/templates/gcc/startup_same70.o
 .debug_aranges
                0x00000ca0       0x30 src/ASF/sam/utils/cmsis/same70/source/templates/system_same70.o
 .debug_aranges
                0x00000cd0       0x60 src/ASF/sam/utils/syscalls/gcc/syscalls.o
 .debug_aranges
                0x00000d30       0x88 src/main.o

.debug_ranges   0x00000000      0xf30
 .debug_ranges  0x00000000      0x148 src/ASF/common/components/touch/mxt/mxt_device_1.o
 .debug_ranges  0x00000148       0x30 src/ASF/common/services/clock/same70/sysclk.o
 .debug_ranges  0x00000178       0x10 src/ASF/common/services/delay/sam/cycle_counter.o
 .debug_ranges  0x00000188       0x48 src/ASF/common/services/serial/usart_serial.o
 .debug_ranges  0x000001d0       0x88 src/ASF/common/services/spi/sam_spi/spi_master.o
 .debug_ranges  0x00000258       0x18 src/ASF/common/utils/interrupt/interrupt_sam_nvic.o
 .debug_ranges  0x00000270       0x10 src/ASF/common/utils/stdio/read.o
 .debug_ranges  0x00000280       0x10 src/ASF/common/utils/stdio/write.o
 .debug_ranges  0x00000290       0x10 src/ASF/sam/boards/same70_xplained/init.o
 .debug_ranges  0x000002a0      0x160 src/ASF/sam/components/display/ili9488/ili9488.o
 .debug_ranges  0x00000400      0x2a0 src/ASF/sam/drivers/pio/pio.o
 .debug_ranges  0x000006a0       0x68 src/ASF/sam/drivers/pio/pio_handler.o
 .debug_ranges  0x00000708      0x240 src/ASF/sam/drivers/pmc/pmc.o
 .debug_ranges  0x00000948       0x80 src/ASF/sam/drivers/spi/spi.o
 .debug_ranges  0x000009c8       0xd8 src/ASF/sam/drivers/twihs/twihs.o
 .debug_ranges  0x00000aa0       0xc8 src/ASF/sam/drivers/uart/uart.o
 .debug_ranges  0x00000b68      0x298 src/ASF/sam/drivers/usart/usart.o
 .debug_ranges  0x00000e00       0x18 src/ASF/sam/utils/cmsis/same70/source/templates/gcc/startup_same70.o
 .debug_ranges  0x00000e18       0x20 src/ASF/sam/utils/cmsis/same70/source/templates/system_same70.o
 .debug_ranges  0x00000e38       0x50 src/ASF/sam/utils/syscalls/gcc/syscalls.o
 .debug_ranges  0x00000e88       0xa8 src/main.o

.debug_macro    0x00000000    0x23050
 .debug_macro   0x00000000      0x771 src/ASF/common/components/touch/mxt/mxt_device_1.o
 .debug_macro   0x00000771      0x8d4 src/ASF/common/components/touch/mxt/mxt_device_1.o
 .debug_macro   0x00001045      0x6d7 src/ASF/common/components/touch/mxt/mxt_device_1.o
 .debug_macro   0x0000171c      0x16d src/ASF/common/components/touch/mxt/mxt_device_1.o
 .debug_macro   0x00001889       0x76 src/ASF/common/components/touch/mxt/mxt_device_1.o
 .debug_macro   0x000018ff       0x16 src/ASF/common/components/touch/mxt/mxt_device_1.o
 .debug_macro   0x00001915      0x6da src/ASF/common/components/touch/mxt/mxt_device_1.o
 .debug_macro   0x00001fef       0x22 src/ASF/common/components/touch/mxt/mxt_device_1.o
 .debug_macro   0x00002011       0x87 src/ASF/common/components/touch/mxt/mxt_device_1.o
 .debug_macro   0x00002098       0x51 src/ASF/common/components/touch/mxt/mxt_device_1.o
 .debug_macro   0x000020e9       0xef src/ASF/common/components/touch/mxt/mxt_device_1.o
 .debug_macro   0x000021d8       0x6a src/ASF/common/components/touch/mxt/mxt_device_1.o
 .debug_macro   0x00002242      0x1df src/ASF/common/components/touch/mxt/mxt_device_1.o
 .debug_macro   0x00002421       0x51 src/ASF/common/components/touch/mxt/mxt_device_1.o
 .debug_macro   0x00002472       0x3b src/ASF/common/components/touch/mxt/mxt_device_1.o
 .debug_macro   0x000024ad       0x2d src/ASF/common/components/touch/mxt/mxt_device_1.o
 .debug_macro   0x000024da       0x26 src/ASF/common/components/touch/mxt/mxt_device_1.o
 .debug_macro   0x00002500      0xf9a src/ASF/common/components/touch/mxt/mxt_device_1.o
 .debug_macro   0x0000349a      0x191 src/ASF/common/components/touch/mxt/mxt_device_1.o
 .debug_macro   0x0000362b      0x2ee src/ASF/common/components/touch/mxt/mxt_device_1.o
 .debug_macro   0x00003919      0xa23 src/ASF/common/components/touch/mxt/mxt_device_1.o
 .debug_macro   0x0000433c      0x1b4 src/ASF/common/components/touch/mxt/mxt_device_1.o
 .debug_macro   0x000044f0      0x35f src/ASF/common/components/touch/mxt/mxt_device_1.o
 .debug_macro   0x0000484f      0x15a src/ASF/common/components/touch/mxt/mxt_device_1.o
 .debug_macro   0x000049a9     0x18b3 src/ASF/common/components/touch/mxt/mxt_device_1.o
 .debug_macro   0x0000625c       0x1c src/ASF/common/components/touch/mxt/mxt_device_1.o
 .debug_macro   0x00006278      0x6a2 src/ASF/common/components/touch/mxt/mxt_device_1.o
 .debug_macro   0x0000691a      0x27f src/ASF/common/components/touch/mxt/mxt_device_1.o
 .debug_macro   0x00006b99      0x3ba src/ASF/common/components/touch/mxt/mxt_device_1.o
 .debug_macro   0x00006f53      0x4f0 src/ASF/common/components/touch/mxt/mxt_device_1.o
 .debug_macro   0x00007443      0x5cb src/ASF/common/components/touch/mxt/mxt_device_1.o
 .debug_macro   0x00007a0e     0x1527 src/ASF/common/components/touch/mxt/mxt_device_1.o
 .debug_macro   0x00008f35     0x2a40 src/ASF/common/components/touch/mxt/mxt_device_1.o
 .debug_macro   0x0000b975     0x113e src/ASF/common/components/touch/mxt/mxt_device_1.o
 .debug_macro   0x0000cab3      0xcdb src/ASF/common/components/touch/mxt/mxt_device_1.o
 .debug_macro   0x0000d78e      0x3c6 src/ASF/common/components/touch/mxt/mxt_device_1.o
 .debug_macro   0x0000db54       0xa0 src/ASF/common/components/touch/mxt/mxt_device_1.o
 .debug_macro   0x0000dbf4       0x76 src/ASF/common/components/touch/mxt/mxt_device_1.o